Component: ARM Compiler 5.06 update 1 (build 61) Tool: armlink [4d35a8]

==============================================================================

Section Cross References

    startup_stm32f415xx.o(RESET) refers to startup_stm32f415xx.o(STACK) for __initial_sp
    startup_stm32f415xx.o(RESET) refers to startup_stm32f415xx.o(.text) for Reset_Handler
    startup_stm32f415xx.o(RESET) refers to stm32f4xx_it.o(i.NMI_Handler) for NMI_Handler
    startup_stm32f415xx.o(RESET) refers to stm32f4xx_it.o(i.HardFault_Handler) for HardFault_Handler
    startup_stm32f415xx.o(RESET) refers to stm32f4xx_it.o(i.MemManage_Handler) for MemManage_Handler
    startup_stm32f415xx.o(RESET) refers to stm32f4xx_it.o(i.BusFault_Handler) for BusFault_Handler
    startup_stm32f415xx.o(RESET) refers to stm32f4xx_it.o(i.UsageFault_Handler) for UsageFault_Handler
    startup_stm32f415xx.o(RESET) refers to stm32f4xx_it.o(i.DebugMon_Handler) for DebugMon_Handler
    startup_stm32f415xx.o(RESET) refers to stm32f4xx_it.o(i.SysTick_Handler) for SysTick_Handler
    startup_stm32f415xx.o(RESET) refers to stm32f4xx_it.o(i.TIM7_IRQHandler) for TIM7_IRQHandler
    startup_stm32f415xx.o(.text) refers to system_stm32f4xx.o(i.SystemInit) for SystemInit
    startup_stm32f415xx.o(.text) refers to entry.o(.ARM.Collect$$$$00000000) for __main
    stm32f4xx_hal_rcc_ex.o(i.HAL_RCCEx_PeriphCLKConfig) refers to stm32f4xx_hal.o(i.HAL_GetTick) for HAL_GetTick
    stm32f4xx_hal_tim_ex.o(i.HAL_TIMEx_ConfigCommutationEvent_DMA) refers to stm32f4xx_hal_tim_ex.o(i.TIMEx_DMACommutationCplt) for TIMEx_DMACommutationCplt
    stm32f4xx_hal_tim_ex.o(i.HAL_TIMEx_ConfigCommutationEvent_DMA) refers to stm32f4xx_hal_tim.o(i.TIM_DMAError) for TIM_DMAError
    stm32f4xx_hal_tim_ex.o(i.HAL_TIMEx_HallSensor_DeInit) refers to stm32f4xx_hal_tim_ex.o(i.HAL_TIMEx_HallSensor_MspDeInit) for HAL_TIMEx_HallSensor_MspDeInit
    stm32f4xx_hal_tim_ex.o(i.HAL_TIMEx_HallSensor_Init) refers to stm32f4xx_hal_tim_ex.o(i.HAL_TIMEx_HallSensor_MspInit) for HAL_TIMEx_HallSensor_MspInit
    stm32f4xx_hal_tim_ex.o(i.HAL_TIMEx_HallSensor_Init) refers to stm32f4xx_hal_tim.o(i.TIM_Base_SetConfig) for TIM_Base_SetConfig
    stm32f4xx_hal_tim_ex.o(i.HAL_TIMEx_HallSensor_Init) refers to stm32f4xx_hal_tim.o(i.TIM_TI1_SetConfig) for TIM_TI1_SetConfig
    stm32f4xx_hal_tim_ex.o(i.HAL_TIMEx_HallSensor_Init) refers to stm32f4xx_hal_tim.o(i.TIM_OC2_SetConfig) for TIM_OC2_SetConfig
    stm32f4xx_hal_tim_ex.o(i.HAL_TIMEx_HallSensor_Start) refers to stm32f4xx_hal_tim.o(i.TIM_CCxChannelCmd) for TIM_CCxChannelCmd
    stm32f4xx_hal_tim_ex.o(i.HAL_TIMEx_HallSensor_Start_DMA) refers to stm32f4xx_hal_tim.o(i.TIM_CCxChannelCmd) for TIM_CCxChannelCmd
    stm32f4xx_hal_tim_ex.o(i.HAL_TIMEx_HallSensor_Start_DMA) refers to stm32f4xx_hal_dma.o(i.HAL_DMA_Start_IT) for HAL_DMA_Start_IT
    stm32f4xx_hal_tim_ex.o(i.HAL_TIMEx_HallSensor_Start_DMA) refers to stm32f4xx_hal_tim.o(i.TIM_DMACaptureCplt) for TIM_DMACaptureCplt
    stm32f4xx_hal_tim_ex.o(i.HAL_TIMEx_HallSensor_Start_DMA) refers to stm32f4xx_hal_tim.o(i.TIM_DMAError) for TIM_DMAError
    stm32f4xx_hal_tim_ex.o(i.HAL_TIMEx_HallSensor_Start_IT) refers to stm32f4xx_hal_tim.o(i.TIM_CCxChannelCmd) for TIM_CCxChannelCmd
    stm32f4xx_hal_tim_ex.o(i.HAL_TIMEx_HallSensor_Stop) refers to stm32f4xx_hal_tim.o(i.TIM_CCxChannelCmd) for TIM_CCxChannelCmd
    stm32f4xx_hal_tim_ex.o(i.HAL_TIMEx_HallSensor_Stop_DMA) refers to stm32f4xx_hal_tim.o(i.TIM_CCxChannelCmd) for TIM_CCxChannelCmd
    stm32f4xx_hal_tim_ex.o(i.HAL_TIMEx_HallSensor_Stop_IT) refers to stm32f4xx_hal_tim.o(i.TIM_CCxChannelCmd) for TIM_CCxChannelCmd
    stm32f4xx_hal_tim_ex.o(i.HAL_TIMEx_OCN_Start) refers to stm32f4xx_hal_tim_ex.o(i.TIM_CCxNChannelCmd) for TIM_CCxNChannelCmd
    stm32f4xx_hal_tim_ex.o(i.HAL_TIMEx_OCN_Start_DMA) refers to stm32f4xx_hal_dma.o(i.HAL_DMA_Start_IT) for HAL_DMA_Start_IT
    stm32f4xx_hal_tim_ex.o(i.HAL_TIMEx_OCN_Start_DMA) refers to stm32f4xx_hal_tim_ex.o(i.TIM_CCxNChannelCmd) for TIM_CCxNChannelCmd
    stm32f4xx_hal_tim_ex.o(i.HAL_TIMEx_OCN_Start_DMA) refers to stm32f4xx_hal_tim.o(i.TIM_DMADelayPulseCplt) for TIM_DMADelayPulseCplt
    stm32f4xx_hal_tim_ex.o(i.HAL_TIMEx_OCN_Start_DMA) refers to stm32f4xx_hal_tim.o(i.TIM_DMAError) for TIM_DMAError
    stm32f4xx_hal_tim_ex.o(i.HAL_TIMEx_OCN_Start_IT) refers to stm32f4xx_hal_tim_ex.o(i.TIM_CCxNChannelCmd) for TIM_CCxNChannelCmd
    stm32f4xx_hal_tim_ex.o(i.HAL_TIMEx_OCN_Stop) refers to stm32f4xx_hal_tim_ex.o(i.TIM_CCxNChannelCmd) for TIM_CCxNChannelCmd
    stm32f4xx_hal_tim_ex.o(i.HAL_TIMEx_OCN_Stop_DMA) refers to stm32f4xx_hal_tim_ex.o(i.TIM_CCxNChannelCmd) for TIM_CCxNChannelCmd
    stm32f4xx_hal_tim_ex.o(i.HAL_TIMEx_OCN_Stop_IT) refers to stm32f4xx_hal_tim_ex.o(i.TIM_CCxNChannelCmd) for TIM_CCxNChannelCmd
    stm32f4xx_hal_tim_ex.o(i.HAL_TIMEx_OnePulseN_Start) refers to stm32f4xx_hal_tim_ex.o(i.TIM_CCxNChannelCmd) for TIM_CCxNChannelCmd
[...]
    ../fplib/microlib/fpadd.c                0x00000000   Number         0  dadd.o ABSOLUTE
    ../fplib/microlib/fpdiv.c                0x00000000   Number         0  ddiv.o ABSOLUTE
    ../fplib/microlib/fpepilogue.c           0x00000000   Number         0  depilogue.o ABSOLUTE
    ../fplib/microlib/fpepilogue.c           0x00000000   Number         0  fepilogue.o ABSOLUTE
    ../fplib/microlib/fpfix.c                0x00000000   Number         0  dfixui.o ABSOLUTE
    ../fplib/microlib/fpfix.c                0x00000000   Number         0  dfixi.o ABSOLUTE
    ../fplib/microlib/fpfix.c                0x00000000   Number         0  dfixul.o ABSOLUTE
    ../fplib/microlib/fpflt.c                0x00000000   Number         0  dflti.o ABSOLUTE
    ../fplib/microlib/fpflt.c                0x00000000   Number         0  dfltui.o ABSOLUTE
    ../fplib/microlib/fpmul.c                0x00000000   Number         0  dmul.o ABSOLUTE
    ../fplib/microlib/fpneg.c                0x00000000   Number         0  dneg.o ABSOLUTE
    ../mathlib/cos.c                         0x00000000   Number         0  cos.o ABSOLUTE
    ../mathlib/cos.c                         0x00000000   Number         0  cos_x.o ABSOLUTE
    ../mathlib/cos_i.c                       0x00000000   Number         0  cos_i.o ABSOLUTE
    ../mathlib/dunder.c                      0x00000000   Number         0  dunder.o ABSOLUTE
    ../mathlib/fabs.c                        0x00000000   Number         0  fabs.o ABSOLUTE
    ../mathlib/fpclassify.c                  0x00000000   Number         0  fpclassify.o ABSOLUTE
    ../mathlib/poly.c                        0x00000000   Number         0  poly.o ABSOLUTE
    ../mathlib/rred.c                        0x00000000   Number         0  rred.o ABSOLUTE
    ../mathlib/sin.c                         0x00000000   Number         0  sin.o ABSOLUTE
    ../mathlib/sin.c                         0x00000000   Number         0  sin_x.o ABSOLUTE
    ../mathlib/sin_i.c                       0x00000000   Number         0  sin_i.o ABSOLUTE
    ../mathlib/sin_i.c                       0x00000000   Number         0  sin_i_x.o ABSOLUTE
    ../mathlib/tan.c                         0x00000000   Number         0  tan_x.o ABSOLUTE
    ../mathlib/tan.c                         0x00000000   Number         0  tan.o ABSOLUTE
    ../mathlib/tan_i.c                       0x00000000   Number         0  tan_i.o ABSOLUTE
    ../mathlib/tan_i.c                       0x00000000   Number         0  tan_i_x.o ABSOLUTE
    ..\Drivers\CMSIS\Device\ST\STM32F4xx\Source\Templates\system_stm32f4xx.c 0x00000000   Number         0  system_stm32f4xx.o ABSOLUTE
    ..\Drivers\STM32F4xx_HAL_Driver\Src\stm32f4xx_hal.c 0x00000000   Number         0  stm32f4xx_hal.o ABSOLUTE
    ..\Drivers\STM32F4xx_HAL_Driver\Src\stm32f4xx_hal_cortex.c 0x00000000   Number         0  stm32f4xx_hal_cortex.o ABSOLUTE
    ..\Drivers\STM32F4xx_HAL_Driver\Src\stm32f4xx_hal_dma.c 0x00000000   Number         0  stm32f4xx_hal_dma.o ABSOLUTE
    ..\Drivers\STM32F4xx_HAL_Driver\Src\stm32f4xx_hal_dma_ex.c 0x00000000   Number         0  stm32f4xx_hal_dma_ex.o ABSOLUTE
    ..\Drivers\STM32F4xx_HAL_Driver\Src\stm32f4xx_hal_flash.c 0x00000000   Number         0  stm32f4xx_hal_flash.o ABSOLUTE
    ..\Drivers\STM32F4xx_HAL_Driver\Src\stm32f4xx_hal_flash_ex.c 0x00000000   Number         0  stm32f4xx_hal_flash_ex.o ABSOLUTE
    ..\Drivers\STM32F4xx_HAL_Driver\Src\stm32f4xx_hal_flash_ramfunc.c 0x00000000   Number         0  stm32f4xx_hal_flash_ramfunc.o ABSOLUTE
    ..\Drivers\STM32F4xx_HAL_Driver\Src\stm32f4xx_hal_gpio.c 0x00000000   Number         0  stm32f4xx_hal_gpio.o ABSOLUTE
    ..\Drivers\STM32F4xx_HAL_Driver\Src\stm32f4xx_hal_i2c.c 0x00000000   Number         0  stm32f4xx_hal_i2c.o ABSOLUTE
    ..\Drivers\STM32F4xx_HAL_Driver\Src\stm32f4xx_hal_i2c_ex.c 0x00000000   Number         0  stm32f4xx_hal_i2c_ex.o ABSOLUTE
    ..\Drivers\STM32F4xx_HAL_Driver\Src\stm32f4xx_hal_pwr.c 0x00000000   Number         0  stm32f4xx_hal_pwr.o ABSOLUTE
    ..\Drivers\STM32F4xx_HAL_Driver\Src\stm32f4xx_hal_pwr_ex.c 0x00000000   Number         0  stm32f4xx_hal_pwr_ex.o ABSOLUTE
    ..\Drivers\STM32F4xx_HAL_Driver\Src\stm32f4xx_hal_rcc.c 0x00000000   Number         0  stm32f4xx_hal_rcc.o ABSOLUTE
    ..\Drivers\STM32F4xx_HAL_Driver\Src\stm32f4xx_hal_rcc_ex.c 0x00000000   Number         0  stm32f4xx_hal_rcc_ex.o ABSOLUTE
    ..\Drivers\STM32F4xx_HAL_Driver\Src\stm32f4xx_hal_spi.c 0x00000000   Number         0  stm32f4xx_hal_spi.o ABSOLUTE
    ..\Drivers\STM32F4xx_HAL_Driver\Src\stm32f4xx_hal_tim.c 0x00000000   Number         0  stm32f4xx_hal_tim.o ABSOLUTE
    ..\Drivers\STM32F4xx_HAL_Driver\Src\stm32f4xx_hal_tim_ex.c 0x00000000   Number         0  stm32f4xx_hal_tim_ex.o ABSOLUTE
    ..\Drivers\STM32F4xx_HAL_Driver\Src\stm32f4xx_hal_uart.c 0x00000000   Number         0  stm32f4xx_hal_uart.o ABSOLUTE
    ..\RADON\src\radon.c                     0x00000000   Number         0  radon.o ABSOLUTE
    ..\Src\main.c                            0x00000000   Number         0  main.o ABSOLUTE
    ..\Src\stm32f4xx_hal_msp.c               0x00000000   Number         0  stm32f4xx_hal_msp.o ABSOLUTE
    ..\Src\stm32f4xx_it.c                    0x00000000   Number         0  stm32f4xx_it.o ABSOLUTE
    ..\\RADON\\src\\radon.c                  0x00000000   Number         0  radon.o ABSOLUTE
    ..\\image_process\\src\\EasyTracer.c     0x00000000   Number         0  easytracer.o ABSOLUTE
    ..\\image_process\\src\\img_process.c    0x00000000   Number         0  img_process.o ABSOLUTE
    ..\\image_process\\src\\template_match.c 0x00000000   Number         0  template_match.o ABSOLUTE
    ..\\lepton\\Src\\LEPTON_DRIVER.c         0x00000000   Number         0  lepton_driver.o ABSOLUTE
    ..\\lepton\\Src\\lepton_i2c.c            0x00000000   Number         0  lepton_i2c.o ABSOLUTE
    ..\\lepton_sdk\\Src\\stm32_i2c.c         0x00000000   Number         0  stm32_i2c.o ABSOLUTE
    ..\\tl1771\\src\\TL1771_Driver.c         0x00000000   Number         0  tl1771_driver.o ABSOLUTE
    ..\image_process\src\EasyTracer.c        0x00000000   Number         0  easytracer.o ABSOLUTE
    ..\image_process\src\img_process.c       0x00000000   Number         0  img_process.o ABSOLUTE
    ..\image_process\src\template_match.c    0x00000000   Number         0  template_match.o ABSOLUTE
    ..\lepton\Src\LEPTON_DRIVER.c            0x00000000   Number         0  lepton_driver.o ABSOLUTE
    ..\lepton\Src\lepton_i2c.c               0x00000000   Number         0  lepton_i2c.o ABSOLUTE
    ..\lepton_sdk\Src\LEPTON_AGC.c           0x00000000   Number         0  lepton_agc.o ABSOLUTE
    ..\lepton_sdk\Src\LEPTON_I2C_Protocol.c  0x00000000   Number         0  lepton_i2c_protocol.o ABSOLUTE
    ..\lepton_sdk\Src\LEPTON_I2C_Service.c   0x00000000   Number         0  lepton_i2c_service.o ABSOLUTE
    ..\lepton_sdk\Src\LEPTON_SDK.c           0x00000000   Number         0  lepton_sdk.o ABSOLUTE
    ..\lepton_sdk\Src\LEPTON_SYS.c           0x00000000   Number         0  lepton_sys.o ABSOLUTE
    ..\lepton_sdk\Src\LEPTON_VID.c           0x00000000   Number         0  lepton_vid.o ABSOLUTE
    ..\lepton_sdk\Src\crc16fast.c            0x00000000   Number         0  crc16fast.o ABSOLUTE
    ..\lepton_sdk\Src\stm32_i2c.c            0x00000000   Number         0  stm32_i2c.o ABSOLUTE
    ..\tl1771\src\TL1771_Driver.c            0x00000000   Number         0  tl1771_driver.o ABSOLUTE
    cdcmple.s                                0x00000000   Number         0  cdcmple.o ABSOLUTE
    cdrcmple.s                               0x00000000   Number         0  cdrcmple.o ABSOLUTE
    dc.s                                     0x00000000   Number         0  dc.o ABSOLUTE
    handlers.s                               0x00000000   Number         0  handlers.o ABSOLUTE
    init.s                                   0x00000000   Number         0  init.o ABSOLUTE
    startup_stm32f415xx.s                    0x00000000   Number         0  startup_stm32f415xx.o ABSOLUTE
    RESET                                    0x08000000   Section      392  startup_stm32f415xx.o(RESET)
    .ARM.Collect$$$$00000000                 0x08000188   Section        0  entry.o(.ARM.Collect$$$$00000000)
    .ARM.Collect$$$$00000001                 0x08000188   Section        4  entry2.o(.ARM.Collect$$$$00000001)
    .ARM.Collect$$$$00000004                 0x0800018c   Section        4  entry5.o(.ARM.Collect$$$$00000004)
    .ARM.Collect$$$$00000008                 0x08000190   Section        0  entry7b.o(.ARM.Collect$$$$00000008)
    .ARM.Collect$$$$0000000A                 0x08000190   Section        0  entry8b.o(.ARM.Collect$$$$0000000A)
    .ARM.Collect$$$$0000000B                 0x08000190   Section        8  entry9a.o(.ARM.Collect$$$$0000000B)
    .ARM.Collect$$$$0000000D                 0x08000198   Section        0  entry10a.o(.ARM.Collect$$$$0000000D)
    .ARM.Collect$$$$0000000F                 0x08000198   Section        0  entry11a.o(.ARM.Collect$$$$0000000F)
    .ARM.Collect$$$$00002712                 0x08000198   Section        4  entry2.o(.ARM.Collect$$$$00002712)
    __lit__00000000                          0x08000198   Data           4  entry2.o(.ARM.Collect$$$$00002712)
    .text                                    0x0800019c   Section       36  startup_stm32f415xx.o(.text)
    $v0                                      0x0800019c   Number         0  startup_stm32f415xx.o(.text)
    .text                                    0x080001c0   Section        0  memcpya.o(.text)
    .text                                    0x080001e4   Section        0  calloc.o(.text)
    .text                                    0x08000200   Section        0  dadd.o(.text)
    .text                                    0x0800034e   Section        0  dmul.o(.text)
    .text                                    0x08000432   Section        0  ddiv.o(.text)
    .text                                    0x08000510   Section        0  dflti.o(.text)
    .text                                    0x08000532   Section        0  dfltui.o(.text)
    .text                                    0x0800054c   Section        0  dfixui.o(.text)
    .text                                    0x0800057e   Section        0  f2d.o(.text)
    .text                                    0x080005a4   Section        0  d2f.o(.text)
    .text                                    0x080005dc   Section        0  uldiv.o(.text)
    .text                                    0x0800063e   Section        0  llshl.o(.text)
    .text                                    0x0800065c   Section        0  llushr.o(.text)
    .text                                    0x0800067c   Section        0  llsshr.o(.text)
    .text                                    0x080006a0   Section        0  fepilogue.o(.text)
    .text                                    0x080006a0   Section        0  iusefp.o(.text)
    .text                                    0x0800070e   Section        0  depilogue.o(.text)
    .text                                    0x080007c8   Section       36  init.o(.text)
    .text                                    0x080007ec   Section        0  dfixi.o(.text)
    i.BusFault_Handler                       0x0800082a   Section        0  stm32f4xx_it.o(i.BusFault_Handler)
    i.ByteCRC16                              0x0800082c   Section        0  crc16fast.o(i.ByteCRC16)
    i.CalcCRC16Words                         0x08000844   Section        0  crc16fast.o(i.CalcCRC16Words)
    i.Cross_point                            0x08000868   Section        0  img_process.o(i.Cross_point)
    i.DEV_I2C_MasterInit                     0x0800089a   Section        0  stm32_i2c.o(i.DEV_I2C_MasterInit)
    i.DEV_I2C_MasterReadData                 0x080008a0   Section        0  stm32_i2c.o(i.DEV_I2C_MasterReadData)
    i.DEV_I2C_MasterWriteData                0x0800092c   Section        0  stm32_i2c.o(i.DEV_I2C_MasterWriteData)
    i.DebugMon_Handler                       0x080009a8   Section        0  stm32f4xx_it.o(i.DebugMon_Handler)
    i.Frametransfer                          0x080009ac   Section        0  lepton_driver.o(i.Frametransfer)
    i.HAL_Delay                              0x08000a6c   Section        0  stm32f4xx_hal.o(i.HAL_Delay)
    i.HAL_GPIO_Init                          0x08000a84   Section        0  stm32f4xx_hal_gpio.o(i.HAL_GPIO_Init)
    i.HAL_GPIO_WritePin                      0x08000c44   Section        0  stm32f4xx_hal_gpio.o(i.HAL_GPIO_WritePin)
    i.HAL_GetTick                            0x08000c50   Section        0  stm32f4xx_hal.o(i.HAL_GetTick)
    i.HAL_I2C_Init                           0x08000c5c   Section        0  stm32f4xx_hal_i2c.o(i.HAL_I2C_Init)
    i.HAL_I2C_Master_Transmit                0x08000d64   Section        0  stm32f4xx_hal_i2c.o(i.HAL_I2C_Master_Transmit)
    i.HAL_I2C_Mem_Read                       0x08000ea0   Section        0  stm32f4xx_hal_i2c.o(i.HAL_I2C_Mem_Read)
    i.HAL_I2C_MspInit                        0x08001074   Section        0  stm32f4xx_hal_msp.o(i.HAL_I2C_MspInit)
    i.HAL_IncTick                            0x080010c0   Section        0  stm32f4xx_hal.o(i.HAL_IncTick)
    i.HAL_Init                               0x080010d0   Section        0  stm32f4xx_hal.o(i.HAL_Init)
    i.HAL_InitTick                           0x08001104   Section        0  stm32f4xx_hal.o(i.HAL_InitTick)
    i.HAL_MspInit                            0x08001126   Section        0  stm32f4xx_hal_msp.o(i.HAL_MspInit)
    i.HAL_NVIC_EnableIRQ                     0x0800116a   Section        0  stm32f4xx_hal_cortex.o(i.HAL_NVIC_EnableIRQ)
    i.HAL_NVIC_SetPriority                   0x08001180   Section        0  stm32f4xx_hal_cortex.o(i.HAL_NVIC_SetPriority)
    i.HAL_NVIC_SetPriorityGrouping           0x080011c0   Section        0  stm32f4xx_hal_cortex.o(i.HAL_NVIC_SetPriorityGrouping)
    i.HAL_RCC_CSSCallback                    0x080011e4   Section        0  stm32f4xx_hal_rcc.o(i.HAL_RCC_CSSCallback)
    i.HAL_RCC_ClockConfig                    0x080011e8   Section        0  stm32f4xx_hal_rcc.o(i.HAL_RCC_ClockConfig)
    i.HAL_RCC_EnableCSS                      0x08001328   Section        0  stm32f4xx_hal_rcc.o(i.HAL_RCC_EnableCSS)
    i.HAL_RCC_GetHCLKFreq                    0x08001334   Section        0  stm32f4xx_hal_rcc.o(i.HAL_RCC_GetHCLKFreq)
    i.HAL_RCC_GetPCLK1Freq                   0x08001368   Section        0  stm32f4xx_hal_rcc.o(i.HAL_RCC_GetPCLK1Freq)
    i.HAL_RCC_GetPCLK2Freq                   0x08001394   Section        0  stm32f4xx_hal_rcc.o(i.HAL_RCC_GetPCLK2Freq)
    i.HAL_RCC_GetSysClockFreq                0x080013c0   Section        0  stm32f4xx_hal_rcc.o(i.HAL_RCC_GetSysClockFreq)
    i.HAL_RCC_MCOConfig                      0x08001434   Section        0  stm32f4xx_hal_rcc.o(i.HAL_RCC_MCOConfig)
    i.HAL_RCC_NMI_IRQHandler                 0x080014c0   Section        0  stm32f4xx_hal_rcc.o(i.HAL_RCC_NMI_IRQHandler)
    i.HAL_RCC_OscConfig                      0x080014dc   Section        0  stm32f4xx_hal_rcc.o(i.HAL_RCC_OscConfig)
    i.HAL_SPI_Init                           0x080017c0   Section        0  stm32f4xx_hal_spi.o(i.HAL_SPI_Init)
    i.HAL_SPI_MspInit                        0x0800184c   Section        0  stm32f4xx_hal_msp.o(i.HAL_SPI_MspInit)
    i.HAL_SPI_Receive                        0x08001898   Section        0  stm32f4xx_hal_spi.o(i.HAL_SPI_Receive)
    i.HAL_SPI_TransmitReceive                0x08001a90   Section        0  stm32f4xx_hal_spi.o(i.HAL_SPI_TransmitReceive)
    i.HAL_SYSTICK_CLKSourceConfig            0x08001c92   Section        0  stm32f4xx_hal_cortex.o(i.HAL_SYSTICK_CLKSourceConfig)
    i.HAL_SYSTICK_Callback                   0x08001caa   Section        0  stm32f4xx_hal_cortex.o(i.HAL_SYSTICK_Callback)
    i.HAL_SYSTICK_Config                     0x08001cac   Section        0  stm32f4xx_hal_cortex.o(i.HAL_SYSTICK_Config)
    i.HAL_SYSTICK_IRQHandler                 0x08001cd4   Section        0  stm32f4xx_hal_cortex.o(i.HAL_SYSTICK_IRQHandler)
    i.HAL_TIMEx_BreakCallback                0x08001cdc   Section        0  stm32f4xx_hal_tim_ex.o(i.HAL_TIMEx_BreakCallback)
    i.HAL_TIMEx_CommutationCallback          0x08001cde   Section        0  stm32f4xx_hal_tim_ex.o(i.HAL_TIMEx_CommutationCallback)
    i.HAL_TIMEx_MasterConfigSynchronization  0x08001ce0   Section        0  stm32f4xx_hal_tim_ex.o(i.HAL_TIMEx_MasterConfigSynchronization)
    i.HAL_TIM_Base_Init                      0x08001d30   Section        0  stm32f4xx_hal_tim.o(i.HAL_TIM_Base_Init)
    i.HAL_TIM_Base_MspInit                   0x08001d68   Section        0  stm32f4xx_hal_msp.o(i.HAL_TIM_Base_MspInit)
    i.HAL_TIM_IC_CaptureCallback             0x08001da4   Section        0  stm32f4xx_hal_tim.o(i.HAL_TIM_IC_CaptureCallback)
    i.HAL_TIM_IRQHandler                     0x08001da6   Section        0  stm32f4xx_hal_tim.o(i.HAL_TIM_IRQHandler)
    i.HAL_TIM_OC_DelayElapsedCallback        0x08001f0c   Section        0  stm32f4xx_hal_tim.o(i.HAL_TIM_OC_DelayElapsedCallback)
    i.HAL_TIM_PWM_PulseFinishedCallback      0x08001f0e   Section        0  stm32f4xx_hal_tim.o(i.HAL_TIM_PWM_PulseFinishedCallback)
    i.HAL_TIM_PeriodElapsedCallback          0x08001f10   Section        0  stm32f4xx_it.o(i.HAL_TIM_PeriodElapsedCallback)
    i.HAL_TIM_TriggerCallback                0x08001f20   Section        0  stm32f4xx_hal_tim.o(i.HAL_TIM_TriggerCallback)
    i.HAL_UART_Init                          0x08001f22   Section        0  stm32f4xx_hal_uart.o(i.HAL_UART_Init)
    i.HAL_UART_MspInit                       0x08001f84   Section        0  stm32f4xx_hal_msp.o(i.HAL_UART_MspInit)
    i.HAL_UART_Transmit                      0x08001fd0   Section        0  stm32f4xx_hal_uart.o(i.HAL_UART_Transmit)
    i.HardFault_Handler                      0x0800207a   Section        0  stm32f4xx_it.o(i.HardFault_Handler)
    i.I2C_IsAcknowledgeFailed                0x0800207c   Section        0  stm32f4xx_hal_i2c.o(i.I2C_IsAcknowledgeFailed)
    I2C_IsAcknowledgeFailed                  0x0800207d   Thumb Code    40  stm32f4xx_hal_i2c.o(i.I2C_IsAcknowledgeFailed)
    i.I2C_MasterRequestWrite                 0x080020a4   Section        0  stm32f4xx_hal_i2c.o(i.I2C_MasterRequestWrite)
    I2C_MasterRequestWrite                   0x080020a5   Thumb Code   138  stm32f4xx_hal_i2c.o(i.I2C_MasterRequestWrite)
    i.I2C_RequestMemoryRead                  0x08002134   Section        0  stm32f4xx_hal_i2c.o(i.I2C_RequestMemoryRead)
    I2C_RequestMemoryRead                    0x08002135   Thumb Code   226  stm32f4xx_hal_i2c.o(i.I2C_RequestMemoryRead)
    i.I2C_WaitOnFlagUntilTimeout             0x08002216   Section        0  stm32f4xx_hal_i2c.o(i.I2C_WaitOnFlagUntilTimeout)
    I2C_WaitOnFlagUntilTimeout               0x08002217   Thumb Code   142  stm32f4xx_hal_i2c.o(i.I2C_WaitOnFlagUntilTimeout)
    i.I2C_WaitOnMasterAddressFlagUntilTimeout 0x080022a4   Section        0  stm32f4xx_hal_i2c.o(i.I2C_WaitOnMasterAddressFlagUntilTimeout)
    I2C_WaitOnMasterAddressFlagUntilTimeout  0x080022a5   Thumb Code   140  stm32f4xx_hal_i2c.o(i.I2C_WaitOnMasterAddressFlagUntilTimeout)
    i.I2C_WaitOnRXNEFlagUntilTimeout         0x08002330   Section        0  stm32f4xx_hal_i2c.o(i.I2C_WaitOnRXNEFlagUntilTimeout)
    I2C_WaitOnRXNEFlagUntilTimeout           0x08002331   Thumb Code   104  stm32f4xx_hal_i2c.o(i.I2C_WaitOnRXNEFlagUntilTimeout)
    i.I2C_WaitOnTXEFlagUntilTimeout          0x08002398   Section        0  stm32f4xx_hal_i2c.o(i.I2C_WaitOnTXEFlagUntilTimeout)
    I2C_WaitOnTXEFlagUntilTimeout            0x08002399   Thumb Code    82  stm32f4xx_hal_i2c.o(i.I2C_WaitOnTXEFlagUntilTimeout)
    i.LCD_Clear                              0x080023ea   Section        0  tl1771_driver.o(i.LCD_Clear)
    i.LCD_Init                               0x08002410   Section        0  tl1771_driver.o(i.LCD_Init)
    i.LCD_SetDispAddr                        0x08002660   Section        0  tl1771_driver.o(i.LCD_SetDispAddr)
    i.LCD_SetWindos                          0x0800267c   Section        0  tl1771_driver.o(i.LCD_SetWindos)
    i.LCD_Write_Cmd                          0x080026aa   Section        0  tl1771_driver.o(i.LCD_Write_Cmd)
    i.LCD_Write_Data                         0x080026bc   Section        0  tl1771_driver.o(i.LCD_Write_Data)
    i.LCD_Write_Reg                          0x08002788   Section        0  tl1771_driver.o(i.LCD_Write_Reg)
    i.LEP_GetAgcEnableState                  0x08002854   Section        0  lepton_agc.o(i.LEP_GetAgcEnableState)
    i.LEP_GetAttribute                       0x08002866   Section        0  lepton_sdk.o(i.LEP_GetAttribute)
    i.LEP_GetSDKVersion                      0x08002896   Section        0  lepton_sdk.o(i.LEP_GetSDKVersion)
    i.LEP_GetSysAuxTemperatureCelcius        0x080028ac   Section        0  lepton_sys.o(i.LEP_GetSysAuxTemperatureCelcius)
    i.LEP_GetSysAuxTemperatureKelvin         0x08002900   Section        0  lepton_sys.o(i.LEP_GetSysAuxTemperatureKelvin)
    i.LEP_GetSysCameraUpTime                 0x08002914   Section        0  lepton_sys.o(i.LEP_GetSysCameraUpTime)
    i.LEP_GetSysCustSerialNumber             0x08002928   Section        0  lepton_sys.o(i.LEP_GetSysCustSerialNumber)
    i.LEP_GetSysFlirSerialNumber             0x0800293c   Section        0  lepton_sys.o(i.LEP_GetSysFlirSerialNumber)
    i.LEP_GetSysFpaTemperatureCelcius        0x08002950   Section        0  lepton_sys.o(i.LEP_GetSysFpaTemperatureCelcius)
    i.LEP_GetSysFpaTemperatureKelvin         0x080029a4   Section        0  lepton_sys.o(i.LEP_GetSysFpaTemperatureKelvin)
    i.LEP_I2C_GetAttribute                   0x080029b8   Section        0  lepton_i2c_protocol.o(i.LEP_I2C_GetAttribute)
    i.LEP_I2C_MasterOpen                     0x08002aa2   Section        0  lepton_i2c_service.o(i.LEP_I2C_MasterOpen)
    i.LEP_I2C_MasterReadData                 0x08002aa6   Section        0  lepton_i2c_service.o(i.LEP_I2C_MasterReadData)
    i.LEP_I2C_MasterWriteData                0x08002abc   Section        0  lepton_i2c_service.o(i.LEP_I2C_MasterWriteData)
    i.LEP_I2C_OpenPort                       0x08002ad2   Section        0  lepton_i2c_protocol.o(i.LEP_I2C_OpenPort)
    i.LEP_I2C_SetAttribute                   0x08002b14   Section        0  lepton_i2c_protocol.o(i.LEP_I2C_SetAttribute)
    i.LEP_OpenPort                           0x08002be6   Section        0  lepton_sdk.o(i.LEP_OpenPort)
    i.LEP_SetAgcCalcEnableState              0x08002c2c   Section        0  lepton_agc.o(i.LEP_SetAgcCalcEnableState)
    i.LEP_SetAgcEnableState                  0x08002c48   Section        0  lepton_agc.o(i.LEP_SetAgcEnableState)
    i.LEP_SetAgcPolicy                       0x08002c64   Section        0  lepton_agc.o(i.LEP_SetAgcPolicy)
    i.LEP_SetAttribute                       0x08002c80   Section        0  lepton_sdk.o(i.LEP_SetAttribute)
    i.Lepton_Init                            0x08002cac   Section        0  lepton_driver.o(i.Lepton_Init)
    i.MX_GPIO_Init                           0x08002cec   Section        0  main.o(i.MX_GPIO_Init)
    MX_GPIO_Init                             0x08002ced   Thumb Code   202  main.o(i.MX_GPIO_Init)
    i.MX_SPI1_Init                           0x08002dc8   Section        0  main.o(i.MX_SPI1_Init)
    MX_SPI1_Init                             0x08002dc9   Thumb Code    52  main.o(i.MX_SPI1_Init)
    i.MemManage_Handler                      0x08002e04   Section        0  stm32f4xx_it.o(i.MemManage_Handler)
    i.NMI_Handler                            0x08002e06   Section        0  stm32f4xx_it.o(i.NMI_Handler)
    i.NVIC_SetPriority                       0x08002e0a   Section        0  stm32f4xx_hal_cortex.o(i.NVIC_SetPriority)
    NVIC_SetPriority                         0x08002e0b   Thumb Code    32  stm32f4xx_hal_cortex.o(i.NVIC_SetPriority)
    i.RGB565                                 0x08002e2a   Section        0  lepton_driver.o(i.RGB565)
    i.SPI_CheckFlag_BSY                      0x08002e3a   Section        0  stm32f4xx_hal_spi.o(i.SPI_CheckFlag_BSY)
    SPI_CheckFlag_BSY                        0x08002e3b   Thumb Code    32  stm32f4xx_hal_spi.o(i.SPI_CheckFlag_BSY)
    i.SPI_CheckForDisablingSPI               0x08002e5a   Section        0  stm32f4xx_hal_spi.o(i.SPI_CheckForDisablingSPI)
    SPI_CheckForDisablingSPI                 0x08002e5b   Thumb Code    36  stm32f4xx_hal_spi.o(i.SPI_CheckForDisablingSPI)
    i.SPI_WaitFlagStateUntilTimeout          0x08002e7e   Section        0  stm32f4xx_hal_spi.o(i.SPI_WaitFlagStateUntilTimeout)
    SPI_WaitFlagStateUntilTimeout            0x08002e7f   Thumb Code   140  stm32f4xx_hal_spi.o(i.SPI_WaitFlagStateUntilTimeout)
    i.SysTick_Handler                        0x08002f0a   Section        0  stm32f4xx_it.o(i.SysTick_Handler)
    i.SystemClock_Config                     0x08002f18   Section        0  main.o(i.SystemClock_Config)
    i.SystemInit                             0x08002fb8   Section        0  system_stm32f4xx.o(i.SystemInit)
    i.TIM7_IRQHandler                        0x0800300c   Section        0  stm32f4xx_it.o(i.TIM7_IRQHandler)
    i.TIM_Base_SetConfig                     0x08003018   Section        0  stm32f4xx_hal_tim.o(i.TIM_Base_SetConfig)
    i.TermoClr                               0x080030d8   Section        0  lepton_driver.o(i.TermoClr)
    i.UART_SetConfig                         0x08003184   Section        0  stm32f4xx_hal_uart.o(i.UART_SetConfig)
    UART_SetConfig                           0x08003185   Thumb Code   676  stm32f4xx_hal_uart.o(i.UART_SetConfig)
    i.UART_WaitOnFlagUntilTimeout            0x08003430   Section        0  stm32f4xx_hal_uart.o(i.UART_WaitOnFlagUntilTimeout)
    UART_WaitOnFlagUntilTimeout              0x08003431   Thumb Code   150  stm32f4xx_hal_uart.o(i.UART_WaitOnFlagUntilTimeout)
    i.UsageFault_Handler                     0x080034c6   Section        0  stm32f4xx_it.o(i.UsageFault_Handler)
    i.__0printf$8                            0x080034c8   Section        0  printf8.o(i.__0printf$8)
    i.__ARM_fpclassify                       0x080034e8   Section        0  fpclassify.o(i.__ARM_fpclassify)
    i.__hardfp_cos                           0x08003518   Section        0  cos.o(i.__hardfp_cos)
    i.__hardfp_sin                           0x080035e0   Section        0  sin.o(i.__hardfp_sin)
    i.__hardfp_tan                           0x080036a8   Section        0  tan.o(i.__hardfp_tan)
    i.__ieee754_rem_pio2                     0x08003728   Section        0  rred.o(i.__ieee754_rem_pio2)
    i.__kernel_cos                           0x08003b60   Section        0  cos_i.o(i.__kernel_cos)
    i.__kernel_poly                          0x08003cd0   Section        0  poly.o(i.__kernel_poly)
    i.__kernel_sin                           0x08003dc8   Section        0  sin_i.o(i.__kernel_sin)
    i.__kernel_tan                           0x08003ef8   Section        0  tan_i.o(i.__kernel_tan)
    i.__mathlib_dbl_infnan                   0x08004248   Section        0  dunder.o(i.__mathlib_dbl_infnan)
    i.__mathlib_dbl_invalid                  0x08004260   Section        0  dunder.o(i.__mathlib_dbl_invalid)
    i.__mathlib_dbl_underflow                0x08004280   Section        0  dunder.o(i.__mathlib_dbl_underflow)
    i.__scatterload_copy                     0x080042a0   Section       14  handlers.o(i.__scatterload_copy)
    i.__scatterload_null                     0x080042ae   Section        2  handlers.o(i.__scatterload_null)
    i.__scatterload_zeroinit                 0x080042b0   Section       14  handlers.o(i.__scatterload_zeroinit)
    i.__set_errno                            0x080042c0   Section        0  errno.o(i.__set_errno)
    i._printf_core                           0x080042cc   Section        0  printf8.o(i._printf_core)
    _printf_core                             0x080042cd   Thumb Code   996  printf8.o(i._printf_core)
    i._printf_post_padding                   0x080046dc   Section        0  printf8.o(i._printf_post_padding)
    _printf_post_padding                     0x080046dd   Thumb Code    36  printf8.o(i._printf_post_padding)
    i._printf_pre_padding                    0x08004700   Section        0  printf8.o(i._printf_pre_padding)
    _printf_pre_padding                      0x08004701   Thumb Code    46  printf8.o(i._printf_pre_padding)
    i.enable_lepton_agc                      0x08004730   Section        0  lepton_i2c.o(i.enable_lepton_agc)
    i.fabs                                   0x0800481c   Section        0  fabs.o(i.fabs)
    i.fputc                                  0x08004834   Section        0  main.o(i.fputc)
    i.free                                   0x08004850   Section        0  malloc.o(i.free)
    i.incrementRadon                         0x080048a0   Section        0  radon.o(i.incrementRadon)
    i.init_lepton_command_interface          0x08004920   Section        0  lepton_i2c.o(i.init_lepton_command_interface)
    i.main                                   0x08004b24   Section        0  main.o(i.main)
    i.malloc                                 0x08004f5c   Section        0  malloc.o(i.malloc)
    i.nnop                                   0x08004fc8   Section        0  tl1771_driver.o(i.nnop)
    i.print_aux_temp_celcius                 0x08004fd4   Section        0  lepton_i2c.o(i.print_aux_temp_celcius)
    print_aux_temp_celcius                   0x08004fd5   Thumb Code    76  lepton_i2c.o(i.print_aux_temp_celcius)
    i.print_cust_serial_number               0x08005048   Section        0  lepton_i2c.o(i.print_cust_serial_number)
    print_cust_serial_number                 0x08005049   Thumb Code    62  lepton_i2c.o(i.print_cust_serial_number)
    i.print_fpa_temp_celcius                 0x080050e8   Section        0  lepton_i2c.o(i.print_fpa_temp_celcius)
    print_fpa_temp_celcius                   0x080050e9   Thumb Code    76  lepton_i2c.o(i.print_fpa_temp_celcius)
    i.radon                                  0x08005160   Section        0  radon.o(i.radon)
    i.radonLine                              0x080053ac   Section        0  radon.o(i.radonLine)
    .constdata                               0x08005588   Section       16  stm32f4xx_hal_rcc.o(.constdata)
    .constdata                               0x08005598   Section     9646  main.o(.constdata)
    .constdata                               0x08007b46   Section      512  crc16fast.o(.constdata)
    .constdata                               0x08007d48   Section       48  cos_i.o(.constdata)
    C                                        0x08007d48   Data          48  cos_i.o(.constdata)
    .constdata                               0x08007d78   Section      200  rred.o(.constdata)
    pio2s                                    0x08007d78   Data          48  rred.o(.constdata)
    twooverpi                                0x08007da8   Data         152  rred.o(.constdata)
    .constdata                               0x08007e40   Section       40  sin_i.o(.constdata)
    S                                        0x08007e40   Data          40  sin_i.o(.constdata)
    .constdata                               0x08007e68   Section       96  tan_i.o(.constdata)
    Todd                                     0x08007e68   Data          48  tan_i.o(.constdata)
    Teven                                    0x08007e98   Data          48  tan_i.o(.constdata)
    .data                                    0x20000000   Section        4  stm32f4xx_hal.o(.data)
    .data                                    0x20000004   Section       28  main.o(.data)
    .data                                    0x20000020   Section        4  system_stm32f4xx.o(.data)
    .data                                    0x20000024   Section        4  stdout.o(.data)
    .data                                    0x20000028   Section        4  mvars.o(.data)
    .data                                    0x2000002c   Section        4  mvars.o(.data)
    .data                                    0x20000030   Section        4  errno.o(.data)
    _errno                                   0x20000030   Data           4  errno.o(.data)
    .bss                                     0x20000038   Section    61600  main.o(.bss)
    .bss                                     0x2000f0d8   Section     9840  lepton_driver.o(.bss)
    IMG                                      0x2000f0d8   Data        9840  lepton_driver.o(.bss)
    HEAP                                     0x20011748   Section     4096  startup_stm32f415xx.o(HEAP)
    STACK                                    0x20012748   Section    12287  startup_stm32f415xx.o(STACK)

    Global Symbols

    Symbol Name                              Value     Ov Type        Size  Object(Section)

    BuildAttributes$$THM_ISAv4$E$P$D$K$B$S$7EM$VFPi3$EXTD16$VFPS$VFMA$PE$A:L22UL41UL21$X:L11$S22US41US21$IEEE1$IW$USESV6$~STKCKD$USESV7$~SHL$OTIME$ROPI$IEEEX$EBA8$MICROLIB$REQ8$PRES8$EABIv2 0x00000000   Number         0  anon$$obj.o ABSOLUTE
    __ARM_use_no_argv                        0x00000000   Number         0  main.o ABSOLUTE
    _printf_a                                0x00000000   Number         0  stubs.o ABSOLUTE
    _printf_c                                0x00000000   Number         0  stubs.o ABSOLUTE
    _printf_charcount                        0x00000000   Number         0  stubs.o ABSOLUTE
    _printf_d                                0x00000000   Number         0  stubs.o ABSOLUTE
    _printf_e                                0x00000000   Number         0  stubs.o ABSOLUTE
    _printf_f                                0x00000000   Number         0  stubs.o ABSOLUTE
    _printf_flags                            0x00000000   Number         0  stubs.o ABSOLUTE
    _printf_fp_dec                           0x00000000   Number         0  stubs.o ABSOLUTE
    _printf_fp_hex                           0x00000000   Number         0  stubs.o ABSOLUTE
    _printf_g                                0x00000000   Number         0  stubs.o ABSOLUTE
    _printf_i                                0x00000000   Number         0  stubs.o ABSOLUTE
    _printf_int_dec                          0x00000000   Number         0  stubs.o ABSOLUTE
    _printf_l                                0x00000000   Number         0  stubs.o ABSOLUTE
    _printf_lc                               0x00000000   Number         0  stubs.o ABSOLUTE
    _printf_ll                               0x00000000   Number         0  stubs.o ABSOLUTE
    _printf_lld                              0x00000000   Number         0  stubs.o ABSOLUTE
    _printf_lli                              0x00000000   Number         0  stubs.o ABSOLUTE
    _printf_llo                              0x00000000   Number         0  stubs.o ABSOLUTE
    _printf_llu                              0x00000000   Number         0  stubs.o ABSOLUTE
    _printf_llx                              0x00000000   Number         0  stubs.o ABSOLUTE
    _printf_longlong_dec                     0x00000000   Number         0  stubs.o ABSOLUTE
    _printf_longlong_hex                     0x00000000   Number         0  stubs.o ABSOLUTE
    _printf_longlong_oct                     0x00000000   Number         0  stubs.o ABSOLUTE
    _printf_ls                               0x00000000   Number         0  stubs.o ABSOLUTE
    _printf_mbtowc                           0x00000000   Number         0  stubs.o ABSOLUTE
    _printf_n                                0x00000000   Number         0  stubs.o ABSOLUTE
    _printf_o                                0x00000000   Number         0  stubs.o ABSOLUTE
    _printf_p                                0x00000000   Number         0  stubs.o ABSOLUTE
    _printf_percent                          0x00000000   Number         0  stubs.o ABSOLUTE
    _printf_pre_padding                      0x00000000   Number         0  stubs.o ABSOLUTE
    _printf_return_value                     0x00000000   Number         0  stubs.o ABSOLUTE
    _printf_s                                0x00000000   Number         0  stubs.o ABSOLUTE
    _printf_sizespec                         0x00000000   Number         0  stubs.o ABSOLUTE
    _printf_str                              0x00000000   Number         0  stubs.o ABSOLUTE
    _printf_truncate_signed                  0x00000000   Number         0  stubs.o ABSOLUTE
    _printf_truncate_unsigned                0x00000000   Number         0  stubs.o ABSOLUTE
    _printf_u                                0x00000000   Number         0  stubs.o ABSOLUTE
    _printf_wc                               0x00000000   Number         0  stubs.o ABSOLUTE
    _printf_wctomb                           0x00000000   Number         0  stubs.o ABSOLUTE
    _printf_widthprec                        0x00000000   Number         0  stubs.o ABSOLUTE
    _printf_x                                0x00000000   Number         0  stubs.o ABSOLUTE
    __cpp_initialize__aeabi_                  - Undefined Weak Reference
    __cxa_finalize                            - Undefined Weak Reference
    __decompress                              - Undefined Weak Reference
    _clock_init                               - Undefined Weak Reference
    _microlib_exit                            - Undefined Weak Reference
    __Vectors_Size                           0x00000188   Number         0  startup_stm32f415xx.o ABSOLUTE
    __Vectors                                0x08000000   Data           4  startup_stm32f415xx.o(RESET)
    __Vectors_End                            0x08000188   Data           0  startup_stm32f415xx.o(RESET)
    __main                                   0x08000189   Thumb Code     0  entry.o(.ARM.Collect$$$$00000000)
    _main_stk                                0x08000189   Thumb Code     0  entry2.o(.ARM.Collect$$$$00000001)
    _main_scatterload                        0x0800018d   Thumb Code     0  entry5.o(.ARM.Collect$$$$00000004)
    __main_after_scatterload                 0x08000191   Thumb Code     0  entry5.o(.ARM.Collect$$$$00000004)
    _main_clock                              0x08000191   Thumb Code     0  entry7b.o(.ARM.Collect$$$$00000008)
    _main_cpp_init                           0x08000191   Thumb Code     0  entry8b.o(.ARM.Collect$$$$0000000A)
    _main_init                               0x08000191   Thumb Code     0  entry9a.o(.ARM.Collect$$$$0000000B)
    __rt_final_cpp                           0x08000199   Thumb Code     0  entry10a.o(.ARM.Collect$$$$0000000D)
    __rt_final_exit                          0x08000199   Thumb Code     0  entry11a.o(.ARM.Collect$$$$0000000F)
    Reset_Handler                            0x0800019d   Thumb Code     8  startup_stm32f415xx.o(.text)
    SVC_Handler                              0x080001af   Thumb Code     2  startup_stm32f415xx.o(.text)
    PendSV_Handler                           0x080001b3   Thumb Code     2  startup_stm32f415xx.o(.text)
    ADC_IRQHandler                           0x080001b7   Thumb Code     0  startup_stm32f415xx.o(.text)
    CAN1_RX0_IRQHandler                      0x080001b7   Thumb Code     0  startup_stm32f415xx.o(.text)
    CAN1_RX1_IRQHandler                      0x080001b7   Thumb Code     0  startup_stm32f415xx.o(.text)
    CAN1_SCE_IRQHandler                      0x080001b7   Thumb Code     0  startup_stm32f415xx.o(.text)
    CAN1_TX_IRQHandler                       0x080001b7   Thumb Code     0  startup_stm32f415xx.o(.text)
    CAN2_RX0_IRQHandler                      0x080001b7   Thumb Code     0  startup_stm32f415xx.o(.text)
    CAN2_RX1_IRQHandler                      0x080001b7   Thumb Code     0  startup_stm32f415xx.o(.text)
    CAN2_SCE_IRQHandler                      0x080001b7   Thumb Code     0  startup_stm32f415xx.o(.text)
    CAN2_TX_IRQHandler                       0x080001b7   Thumb Code     0  startup_stm32f415xx.o(.text)
    CRYP_IRQHandler                          0x080001b7   Thumb Code     0  startup_stm32f415xx.o(.text)
    DMA1_Stream0_IRQHandler                  0x080001b7   Thumb Code     0  startup_stm32f415xx.o(.text)
    DMA1_Stream1_IRQHandler                  0x080001b7   Thumb Code     0  startup_stm32f415xx.o(.text)
    DMA1_Stream2_IRQHandler                  0x080001b7   Thumb Code     0  startup_stm32f415xx.o(.text)
    DMA1_Stream3_IRQHandler                  0x080001b7   Thumb Code     0  startup_stm32f415xx.o(.text)
    DMA1_Stream4_IRQHandler                  0x080001b7   Thumb Code     0  startup_stm32f415xx.o(.text)
    DMA1_Stream5_IRQHandler                  0x080001b7   Thumb Code     0  startup_stm32f415xx.o(.text)
    DMA1_Stream6_IRQHandler                  0x080001b7   Thumb Code     0  startup_stm32f415xx.o(.text)
    DMA1_Stream7_IRQHandler                  0x080001b7   Thumb Code     0  startup_stm32f415xx.o(.text)
    DMA2_Stream0_IRQHandler                  0x080001b7   Thumb Code     0  startup_stm32f415xx.o(.text)
    DMA2_Stream1_IRQHandler                  0x080001b7   Thumb Code     0  startup_stm32f415xx.o(.text)
    DMA2_Stream2_IRQHandler                  0x080001b7   Thumb Code     0  startup_stm32f415xx.o(.text)
    DMA2_Stream3_IRQHandler                  0x080001b7   Thumb Code     0  startup_stm32f415xx.o(.text)
    DMA2_Stream4_IRQHandler                  0x080001b7   Thumb Code     0  startup_stm32f415xx.o(.text)
    DMA2_Stream5_IRQHandler                  0x080001b7   Thumb Code     0  startup_stm32f415xx.o(.text)
    DMA2_Stream6_IRQHandler                  0x080001b7   Thumb Code     0  startup_stm32f415xx.o(.text)
    DMA2_Stream7_IRQHandler                  0x080001b7   Thumb Code     0  startup_stm32f415xx.o(.text)
    EXTI0_IRQHandler                         0x080001b7   Thumb Code     0  startup_stm32f415xx.o(.text)
    EXTI15_10_IRQHandler                     0x080001b7   Thumb Code     0  startup_stm32f415xx.o(.text)
    EXTI1_IRQHandler                         0x080001b7   Thumb Code     0  startup_stm32f415xx.o(.text)
    EXTI2_IRQHandler                         0x080001b7   Thumb Code     0  startup_stm32f415xx.o(.text)
    EXTI3_IRQHandler                         0x080001b7   Thumb Code     0  startup_stm32f415xx.o(.text)
    EXTI4_IRQHandler                         0x080001b7   Thumb Code     0  startup_stm32f415xx.o(.text)
    EXTI9_5_IRQHandler                       0x080001b7   Thumb Code     0  startup_stm32f415xx.o(.text)
    FLASH_IRQHandler                         0x080001b7   Thumb Code     0  startup_stm32f415xx.o(.text)
    FMC_IRQHandler                           0x080001b7   Thumb Code     0  startup_stm32f415xx.o(.text)
    FPU_IRQHandler                           0x080001b7   Thumb Code     0  startup_stm32f415xx.o(.text)
    HASH_RNG_IRQHandler                      0x080001b7   Thumb Code     0  startup_stm32f415xx.o(.text)
    I2C1_ER_IRQHandler                       0x080001b7   Thumb Code     0  startup_stm32f415xx.o(.text)
    I2C1_EV_IRQHandler                       0x080001b7   Thumb Code     0  startup_stm32f415xx.o(.text)
    I2C2_ER_IRQHandler                       0x080001b7   Thumb Code     0  startup_stm32f415xx.o(.text)
    I2C2_EV_IRQHandler                       0x080001b7   Thumb Code     0  startup_stm32f415xx.o(.text)
    I2C3_ER_IRQHandler                       0x080001b7   Thumb Code     0  startup_stm32f415xx.o(.text)
    I2C3_EV_IRQHandler                       0x080001b7   Thumb Code     0  startup_stm32f415xx.o(.text)
    OTG_FS_IRQHandler                        0x080001b7   Thumb Code     0  startup_stm32f415xx.o(.text)
    OTG_FS_WKUP_IRQHandler                   0x080001b7   Thumb Code     0  startup_stm32f415xx.o(.text)
    OTG_HS_EP1_IN_IRQHandler                 0x080001b7   Thumb Code     0  startup_stm32f415xx.o(.text)
    OTG_HS_EP1_OUT_IRQHandler                0x080001b7   Thumb Code     0  startup_stm32f415xx.o(.text)
    OTG_HS_IRQHandler                        0x080001b7   Thumb Code     0  startup_stm32f415xx.o(.text)
    OTG_HS_WKUP_IRQHandler                   0x080001b7   Thumb Code     0  startup_stm32f415xx.o(.text)
    PVD_IRQHandler                           0x080001b7   Thumb Code     0  startup_stm32f415xx.o(.text)
    RCC_IRQHandler                           0x080001b7   Thumb Code     0  startup_stm32f415xx.o(.text)
    RTC_Alarm_IRQHandler                     0x080001b7   Thumb Code     0  startup_stm32f415xx.o(.text)
    RTC_WKUP_IRQHandler                      0x080001b7   Thumb Code     0  startup_stm32f415xx.o(.text)
    SDIO_IRQHandler                          0x080001b7   Thumb Code     0  startup_stm32f415xx.o(.text)
    SPI1_IRQHandler                          0x080001b7   Thumb Code     0  startup_stm32f415xx.o(.text)
    SPI2_IRQHandler                          0x080001b7   Thumb Code     0  startup_stm32f415xx.o(.text)
    SPI3_IRQHandler                          0x080001b7   Thumb Code     0  startup_stm32f415xx.o(.text)
    TAMP_STAMP_IRQHandler                    0x080001b7   Thumb Code     0  startup_stm32f415xx.o(.text)
    TIM1_BRK_TIM9_IRQHandler                 0x080001b7   Thumb Code     0  startup_stm32f415xx.o(.text)
    TIM1_CC_IRQHandler                       0x080001b7   Thumb Code     0  startup_stm32f415xx.o(.text)
    TIM1_TRG_COM_TIM11_IRQHandler            0x080001b7   Thumb Code     0  startup_stm32f415xx.o(.text)
    TIM1_UP_TIM10_IRQHandler                 0x080001b7   Thumb Code     0  startup_stm32f415xx.o(.text)
    TIM2_IRQHandler                          0x080001b7   Thumb Code     0  startup_stm32f415xx.o(.text)
    TIM3_IRQHandler                          0x080001b7   Thumb Code     0  startup_stm32f415xx.o(.text)
    TIM4_IRQHandler                          0x080001b7   Thumb Code     0  startup_stm32f415xx.o(.text)
    TIM5_IRQHandler                          0x080001b7   Thumb Code     0  startup_stm32f415xx.o(.text)
    TIM6_DAC_IRQHandler                      0x080001b7   Thumb Code     0  startup_stm32f415xx.o(.text)
    TIM8_BRK_TIM12_IRQHandler                0x080001b7   Thumb Code     0  startup_stm32f415xx.o(.text)
    TIM8_CC_IRQHandler                       0x080001b7   Thumb Code     0  startup_stm32f415xx.o(.text)
    TIM8_TRG_COM_TIM14_IRQHandler            0x080001b7   Thumb Code     0  startup_stm32f415xx.o(.text)
    TIM8_UP_TIM13_IRQHandler                 0x080001b7   Thumb Code     0  startup_stm32f415xx.o(.text)
    UART4_IRQHandler                         0x080001b7   Thumb Code     0  startup_stm32f415xx.o(.text)
    UART5_IRQHandler                         0x080001b7   Thumb Code     0  startup_stm32f415xx.o(.text)
    USART1_IRQHandler                        0x080001b7   Thumb Code     0  startup_stm32f415xx.o(.text)
    USART2_IRQHandler                        0x080001b7   Thumb Code     0  startup_stm32f415xx.o(.text)
    USART3_IRQHandler                        0x080001b7   Thumb Code     0  startup_stm32f415xx.o(.text)
    USART6_IRQHandler                        0x080001b7   Thumb Code     0  startup_stm32f415xx.o(.text)
    WWDG_IRQHandler                          0x080001b7   Thumb Code     0  startup_stm32f415xx.o(.text)
    __aeabi_memcpy                           0x080001c1   Thumb Code    36  memcpya.o(.text)
    __aeabi_memcpy4                          0x080001c1   Thumb Code     0  memcpya.o(.text)
    __aeabi_memcpy8                          0x080001c1   Thumb Code     0  memcpya.o(.text)
    calloc                                   0x080001e5   Thumb Code    28  calloc.o(.text)
    __aeabi_dadd                             0x08000201   Thumb Code   322  dadd.o(.text)
    __aeabi_dsub                             0x08000343   Thumb Code     6  dadd.o(.text)
    __aeabi_drsub                            0x08000349   Thumb Code     6  dadd.o(.text)
    __aeabi_dmul                             0x0800034f   Thumb Code   228  dmul.o(.text)
    __aeabi_ddiv                             0x08000433   Thumb Code   222  ddiv.o(.text)
    __aeabi_i2d                              0x08000511   Thumb Code    34  dflti.o(.text)
    __aeabi_ui2d                             0x08000533   Thumb Code    26  dfltui.o(.text)
    __aeabi_d2uiz                            0x0800054d   Thumb Code    50  dfixui.o(.text)
    __aeabi_f2d                              0x0800057f   Thumb Code    38  f2d.o(.text)
    __aeabi_d2f                              0x080005a5   Thumb Code    56  d2f.o(.text)
    __aeabi_uldivmod                         0x080005dd   Thumb Code    98  uldiv.o(.text)
    __aeabi_llsl                             0x0800063f   Thumb Code    30  llshl.o(.text)
    _ll_shift_l                              0x0800063f   Thumb Code     0  llshl.o(.text)
    __aeabi_llsr                             0x0800065d   Thumb Code    32  llushr.o(.text)
    _ll_ushift_r                             0x0800065d   Thumb Code     0  llushr.o(.text)
    __aeabi_lasr                             0x0800067d   Thumb Code    36  llsshr.o(.text)
    _ll_sshift_r                             0x0800067d   Thumb Code     0  llsshr.o(.text)
    __I$use$fp                               0x080006a1   Thumb Code     0  iusefp.o(.text)
    _float_round                             0x080006a1   Thumb Code    18  fepilogue.o(.text)
    _float_epilogue                          0x080006b3   Thumb Code    92  fepilogue.o(.text)
    _double_round                            0x0800070f   Thumb Code    30  depilogue.o(.text)
    _double_epilogue                         0x0800072d   Thumb Code   156  depilogue.o(.text)
    __scatterload                            0x080007c9   Thumb Code    28  init.o(.text)
    __scatterload_rt2                        0x080007c9   Thumb Code     0  init.o(.text)
    __aeabi_d2iz                             0x080007ed   Thumb Code    62  dfixi.o(.text)
    BusFault_Handler                         0x0800082b   Thumb Code     2  stm32f4xx_it.o(i.BusFault_Handler)
    ByteCRC16                                0x0800082d   Thumb Code    20  crc16fast.o(i.ByteCRC16)
    CalcCRC16Words                           0x08000845   Thumb Code    36  crc16fast.o(i.CalcCRC16Words)
    Cross_point                              0x08000869   Thumb Code    50  img_process.o(i.Cross_point)
    DEV_I2C_MasterInit                       0x0800089b   Thumb Code     4  stm32_i2c.o(i.DEV_I2C_MasterInit)
    DEV_I2C_MasterReadData                   0x080008a1   Thumb Code   134  stm32_i2c.o(i.DEV_I2C_MasterReadData)
    DEV_I2C_MasterWriteData                  0x0800092d   Thumb Code   120  stm32_i2c.o(i.DEV_I2C_MasterWriteData)
    DebugMon_Handler                         0x080009a9   Thumb Code     2  stm32f4xx_it.o(i.DebugMon_Handler)
    Frametransfer                            0x080009ad   Thumb Code   178  lepton_driver.o(i.Frametransfer)
    HAL_Delay                                0x08000a6d   Thumb Code    22  stm32f4xx_hal.o(i.HAL_Delay)
    HAL_GPIO_Init                            0x08000a85   Thumb Code   398  stm32f4xx_hal_gpio.o(i.HAL_GPIO_Init)
    HAL_GPIO_WritePin                        0x08000c45   Thumb Code    10  stm32f4xx_hal_gpio.o(i.HAL_GPIO_WritePin)
    HAL_GetTick                              0x08000c51   Thumb Code     6  stm32f4xx_hal.o(i.HAL_GetTick)
    HAL_I2C_Init                             0x08000c5d   Thumb Code   254  stm32f4xx_hal_i2c.o(i.HAL_I2C_Init)
    HAL_I2C_Master_Transmit                  0x08000d65   Thumb Code   306  stm32f4xx_hal_i2c.o(i.HAL_I2C_Master_Transmit)
    HAL_I2C_Mem_Read                         0x08000ea1   Thumb Code   456  stm32f4xx_hal_i2c.o(i.HAL_I2C_Mem_Read)
    HAL_I2C_MspInit                          0x08001075   Thumb Code    64  stm32f4xx_hal_msp.o(i.HAL_I2C_MspInit)
    HAL_IncTick                              0x080010c1   Thumb Code    10  stm32f4xx_hal.o(i.HAL_IncTick)
    HAL_Init                                 0x080010d1   Thumb Code    48  stm32f4xx_hal.o(i.HAL_Init)
    HAL_InitTick                             0x08001105   Thumb Code    34  stm32f4xx_hal.o(i.HAL_InitTick)
    HAL_MspInit                              0x08001127   Thumb Code    68  stm32f4xx_hal_msp.o(i.HAL_MspInit)
    HAL_NVIC_EnableIRQ                       0x0800116b   Thumb Code    22  stm32f4xx_hal_cortex.o(i.HAL_NVIC_EnableIRQ)
    HAL_NVIC_SetPriority                     0x08001181   Thumb Code    60  stm32f4xx_hal_cortex.o(i.HAL_NVIC_SetPriority)
    HAL_NVIC_SetPriorityGrouping             0x080011c1   Thumb Code    26  stm32f4xx_hal_cortex.o(i.HAL_NVIC_SetPriorityGrouping)
    HAL_RCC_CSSCallback                      0x080011e5   Thumb Code     2  stm32f4xx_hal_rcc.o(i.HAL_RCC_CSSCallback)
    HAL_RCC_ClockConfig                      0x080011e9   Thumb Code   312  stm32f4xx_hal_rcc.o(i.HAL_RCC_ClockConfig)
    HAL_RCC_EnableCSS                        0x08001329   Thumb Code     8  stm32f4xx_hal_rcc.o(i.HAL_RCC_EnableCSS)
    HAL_RCC_GetHCLKFreq                      0x08001335   Thumb Code    38  stm32f4xx_hal_rcc.o(i.HAL_RCC_GetHCLKFreq)
    HAL_RCC_GetPCLK1Freq                     0x08001369   Thumb Code    36  stm32f4xx_hal_rcc.o(i.HAL_RCC_GetPCLK1Freq)
    HAL_RCC_GetPCLK2Freq                     0x08001395   Thumb Code    36  stm32f4xx_hal_rcc.o(i.HAL_RCC_GetPCLK2Freq)
    HAL_RCC_GetSysClockFreq                  0x080013c1   Thumb Code   104  stm32f4xx_hal_rcc.o(i.HAL_RCC_GetSysClockFreq)
    HAL_RCC_MCOConfig                        0x08001435   Thumb Code   126  stm32f4xx_hal_rcc.o(i.HAL_RCC_MCOConfig)
    HAL_RCC_NMI_IRQHandler                   0x080014c1   Thumb Code    24  stm32f4xx_hal_rcc.o(i.HAL_RCC_NMI_IRQHandler)
    HAL_RCC_OscConfig                        0x080014dd   Thumb Code   722  stm32f4xx_hal_rcc.o(i.HAL_RCC_OscConfig)
    HAL_SPI_Init                             0x080017c1   Thumb Code   140  stm32f4xx_hal_spi.o(i.HAL_SPI_Init)
    HAL_SPI_MspInit                          0x0800184d   Thumb Code    62  stm32f4xx_hal_msp.o(i.HAL_SPI_MspInit)
    HAL_SPI_Receive                          0x08001899   Thumb Code   504  stm32f4xx_hal_spi.o(i.HAL_SPI_Receive)
    HAL_SPI_TransmitReceive                  0x08001a91   Thumb Code   514  stm32f4xx_hal_spi.o(i.HAL_SPI_TransmitReceive)
    HAL_SYSTICK_CLKSourceConfig              0x08001c93   Thumb Code    24  stm32f4xx_hal_cortex.o(i.HAL_SYSTICK_CLKSourceConfig)
    HAL_SYSTICK_Callback                     0x08001cab   Thumb Code     2  stm32f4xx_hal_cortex.o(i.HAL_SYSTICK_Callback)
    HAL_SYSTICK_Config                       0x08001cad   Thumb Code    40  stm32f4xx_hal_cortex.o(i.HAL_SYSTICK_Config)
    HAL_SYSTICK_IRQHandler                   0x08001cd5   Thumb Code     8  stm32f4xx_hal_cortex.o(i.HAL_SYSTICK_IRQHandler)
    HAL_TIMEx_BreakCallback                  0x08001cdd   Thumb Code     2  stm32f4xx_hal_tim_ex.o(i.HAL_TIMEx_BreakCallback)
    HAL_TIMEx_CommutationCallback            0x08001cdf   Thumb Code     2  stm32f4xx_hal_tim_ex.o(i.HAL_TIMEx_CommutationCallback)
    HAL_TIMEx_MasterConfigSynchronization    0x08001ce1   Thumb Code    80  stm32f4xx_hal_tim_ex.o(i.HAL_TIMEx_MasterConfigSynchronization)
    HAL_TIM_Base_Init                        0x08001d31   Thumb Code    54  stm32f4xx_hal_tim.o(i.HAL_TIM_Base_Init)
    HAL_TIM_Base_MspInit                     0x08001d69   Thumb Code    50  stm32f4xx_hal_msp.o(i.HAL_TIM_Base_MspInit)
    HAL_TIM_IC_CaptureCallback               0x08001da5   Thumb Code     2  stm32f4xx_hal_tim.o(i.HAL_TIM_IC_CaptureCallback)
    HAL_TIM_IRQHandler                       0x08001da7   Thumb Code   358  stm32f4xx_hal_tim.o(i.HAL_TIM_IRQHandler)
    HAL_TIM_OC_DelayElapsedCallback          0x08001f0d   Thumb Code     2  stm32f4xx_hal_tim.o(i.HAL_TIM_OC_DelayElapsedCallback)
    HAL_TIM_PWM_PulseFinishedCallback        0x08001f0f   Thumb Code     2  stm32f4xx_hal_tim.o(i.HAL_TIM_PWM_PulseFinishedCallback)
    HAL_TIM_PeriodElapsedCallback            0x08001f11   Thumb Code     6  stm32f4xx_it.o(i.HAL_TIM_PeriodElapsedCallback)
    HAL_TIM_TriggerCallback                  0x08001f21   Thumb Code     2  stm32f4xx_hal_tim.o(i.HAL_TIM_TriggerCallback)
    HAL_UART_Init                            0x08001f23   Thumb Code    98  stm32f4xx_hal_uart.o(i.HAL_UART_Init)
    HAL_UART_MspInit                         0x08001f85   Thumb Code    62  stm32f4xx_hal_msp.o(i.HAL_UART_MspInit)
    HAL_UART_Transmit                        0x08001fd1   Thumb Code   170  stm32f4xx_hal_uart.o(i.HAL_UART_Transmit)
    HardFault_Handler                        0x0800207b   Thumb Code     2  stm32f4xx_it.o(i.HardFault_Handler)
    LCD_Clear                                0x080023eb   Thumb Code    36  tl1771_driver.o(i.LCD_Clear)
    LCD_Init                                 0x08002411   Thumb Code   586  tl1771_driver.o(i.LCD_Init)
    LCD_SetDispAddr                          0x08002661   Thumb Code    28  tl1771_driver.o(i.LCD_SetDispAddr)
    LCD_SetWindos                            0x0800267d   Thumb Code    46  tl1771_driver.o(i.LCD_SetWindos)
    LCD_Write_Cmd                            0x080026ab   Thumb Code    18  tl1771_driver.o(i.LCD_Write_Cmd)
    LCD_Write_Data                           0x080026bd   Thumb Code   190  tl1771_driver.o(i.LCD_Write_Data)
    LCD_Write_Reg                            0x08002789   Thumb Code   190  tl1771_driver.o(i.LCD_Write_Reg)
    LEP_GetAgcEnableState                    0x08002855   Thumb Code    18  lepton_agc.o(i.LEP_GetAgcEnableState)
    LEP_GetAttribute                         0x08002867   Thumb Code    48  lepton_sdk.o(i.LEP_GetAttribute)
    LEP_GetSDKVersion                        0x08002897   Thumb Code    22  lepton_sdk.o(i.LEP_GetSDKVersion)
    LEP_GetSysAuxTemperatureCelcius          0x080028ad   Thumb Code    74  lepton_sys.o(i.LEP_GetSysAuxTemperatureCelcius)
    LEP_GetSysAuxTemperatureKelvin           0x08002901   Thumb Code    20  lepton_sys.o(i.LEP_GetSysAuxTemperatureKelvin)
    LEP_GetSysCameraUpTime                   0x08002915   Thumb Code    20  lepton_sys.o(i.LEP_GetSysCameraUpTime)
    LEP_GetSysCustSerialNumber               0x08002929   Thumb Code    20  lepton_sys.o(i.LEP_GetSysCustSerialNumber)
    LEP_GetSysFlirSerialNumber               0x0800293d   Thumb Code    20  lepton_sys.o(i.LEP_GetSysFlirSerialNumber)
    LEP_GetSysFpaTemperatureCelcius          0x08002951   Thumb Code    74  lepton_sys.o(i.LEP_GetSysFpaTemperatureCelcius)
    LEP_GetSysFpaTemperatureKelvin           0x080029a5   Thumb Code    20  lepton_sys.o(i.LEP_GetSysFpaTemperatureKelvin)
    LEP_I2C_GetAttribute                     0x080029b9   Thumb Code   234  lepton_i2c_protocol.o(i.LEP_I2C_GetAttribute)
    LEP_I2C_MasterOpen                       0x08002aa3   Thumb Code     4  lepton_i2c_service.o(i.LEP_I2C_MasterOpen)
    LEP_I2C_MasterReadData                   0x08002aa7   Thumb Code    22  lepton_i2c_service.o(i.LEP_I2C_MasterReadData)
    LEP_I2C_MasterWriteData                  0x08002abd   Thumb Code    22  lepton_i2c_service.o(i.LEP_I2C_MasterWriteData)
    LEP_I2C_OpenPort                         0x08002ad3   Thumb Code    66  lepton_i2c_protocol.o(i.LEP_I2C_OpenPort)
    LEP_I2C_SetAttribute                     0x08002b15   Thumb Code   210  lepton_i2c_protocol.o(i.LEP_I2C_SetAttribute)
    LEP_OpenPort                             0x08002be7   Thumb Code    70  lepton_sdk.o(i.LEP_OpenPort)
    LEP_SetAgcCalcEnableState                0x08002c2d   Thumb Code    28  lepton_agc.o(i.LEP_SetAgcCalcEnableState)
    LEP_SetAgcEnableState                    0x08002c49   Thumb Code    28  lepton_agc.o(i.LEP_SetAgcEnableState)
    LEP_SetAgcPolicy                         0x08002c65   Thumb Code    28  lepton_agc.o(i.LEP_SetAgcPolicy)
    LEP_SetAttribute                         0x08002c81   Thumb Code    44  lepton_sdk.o(i.LEP_SetAttribute)
    Lepton_Init                              0x08002cad   Thumb Code    60  lepton_driver.o(i.Lepton_Init)
    MemManage_Handler                        0x08002e05   Thumb Code     2  stm32f4xx_it.o(i.MemManage_Handler)
    NMI_Handler                              0x08002e07   Thumb Code     4  stm32f4xx_it.o(i.NMI_Handler)
    RGB565                                   0x08002e2b   Thumb Code    16  lepton_driver.o(i.RGB565)
    SysTick_Handler                          0x08002f0b   Thumb Code    14  stm32f4xx_it.o(i.SysTick_Handler)
    SystemClock_Config                       0x08002f19   Thumb Code   152  main.o(i.SystemClock_Config)
    SystemInit                               0x08002fb9   Thumb Code    66  system_stm32f4xx.o(i.SystemInit)
    TIM7_IRQHandler                          0x0800300d   Thumb Code     6  stm32f4xx_it.o(i.TIM7_IRQHandler)
    TIM_Base_SetConfig                       0x08003019   Thumb Code   148  stm32f4xx_hal_tim.o(i.TIM_Base_SetConfig)
    TermoClr                                 0x080030d9   Thumb Code   154  lepton_driver.o(i.TermoClr)
    UsageFault_Handler                       0x080034c7   Thumb Code     2  stm32f4xx_it.o(i.UsageFault_Handler)
    __0printf$8                              0x080034c9   Thumb Code    22  printf8.o(i.__0printf$8)
    __1printf$8                              0x080034c9   Thumb Code     0  printf8.o(i.__0printf$8)
    __2printf                                0x080034c9   Thumb Code     0  printf8.o(i.__0printf$8)
    __ARM_fpclassify                         0x080034e9   Thumb Code    48  fpclassify.o(i.__ARM_fpclassify)
    __hardfp_cos                             0x08003519   Thumb Code   180  cos.o(i.__hardfp_cos)
    __hardfp_sin                             0x080035e1   Thumb Code   180  sin.o(i.__hardfp_sin)
    __hardfp_tan                             0x080036a9   Thumb Code   108  tan.o(i.__hardfp_tan)
    __ieee754_rem_pio2                       0x08003729   Thumb Code   938  rred.o(i.__ieee754_rem_pio2)
    __kernel_cos                             0x08003b61   Thumb Code   322  cos_i.o(i.__kernel_cos)
    __kernel_poly                            0x08003cd1   Thumb Code   248  poly.o(i.__kernel_poly)
    __kernel_sin                             0x08003dc9   Thumb Code   280  sin_i.o(i.__kernel_sin)
    __kernel_tan                             0x08003ef9   Thumb Code   764  tan_i.o(i.__kernel_tan)
    __mathlib_dbl_infnan                     0x08004249   Thumb Code    20  dunder.o(i.__mathlib_dbl_infnan)
    __mathlib_dbl_invalid                    0x08004261   Thumb Code    24  dunder.o(i.__mathlib_dbl_invalid)
    __mathlib_dbl_underflow                  0x08004281   Thumb Code    24  dunder.o(i.__mathlib_dbl_underflow)
    __scatterload_copy                       0x080042a1   Thumb Code    14  handlers.o(i.__scatterload_copy)
    __scatterload_null                       0x080042af   Thumb Code     2  handlers.o(i.__scatterload_null)
    __scatterload_zeroinit                   0x080042b1   Thumb Code    14  handlers.o(i.__scatterload_zeroinit)
    __set_errno                              0x080042c1   Thumb Code     6  errno.o(i.__set_errno)
    enable_lepton_agc                        0x08004731   Thumb Code   100  lepton_i2c.o(i.enable_lepton_agc)
    fabs                                     0x0800481d   Thumb Code    24  fabs.o(i.fabs)
    fputc                                    0x08004835   Thumb Code    22  main.o(i.fputc)
    free                                     0x08004851   Thumb Code    76  malloc.o(i.free)
    incrementRadon                           0x080048a1   Thumb Code   118  radon.o(i.incrementRadon)
    init_lepton_command_interface            0x08004921   Thumb Code   172  lepton_i2c.o(i.init_lepton_command_interface)
    main                                     0x08004b25   Thumb Code   996  main.o(i.main)
    malloc                                   0x08004f5d   Thumb Code    92  malloc.o(i.malloc)
    nnop                                     0x08004fc9   Thumb Code    12  tl1771_driver.o(i.nnop)
    radon                                    0x08005161   Thumb Code   574  radon.o(i.radon)
    radonLine                                0x080053ad   Thumb Code   452  radon.o(i.radonLine)
    APBAHBPrescTable                         0x08005588   Data          16  stm32f4xx_hal_rcc.o(.constdata)
    imageT1                                  0x08005598   Data        9600  main.o(.constdata)
    theta                                    0x08007b18   Data          46  main.o(.constdata)
    ccitt_16Table                            0x08007b46   Data         512  crc16fast.o(.constdata)
    Region$$Table$$Base                      0x08007ec8   Number         0  anon$$obj.o(Region$$Table)
    Region$$Table$$Limit                     0x08007ee8   Number         0  anon$$obj.o(Region$$Table)
    uwTick                                   0x20000000   Data           4  stm32f4xx_hal.o(.data)
    test_dst                                 0x20000004   Data           1  main.o(.data)
    k1                                       0x20000008   Data           4  main.o(.data)
    k2                                       0x2000000c   Data           4  main.o(.data)
    b1                                       0x20000010   Data           4  main.o(.data)
    b2                                       0x20000014   Data           4  main.o(.data)
    hport_desc                               0x20000018   Data           8  main.o(.data)
    SystemCoreClock                          0x20000020   Data           4  system_stm32f4xx.o(.data)
    __stdout                                 0x20000024   Data           4  stdout.o(.data)
    __microlib_freelist                      0x20000028   Data           4  mvars.o(.data)
    __microlib_freelist_initialised          0x2000002c   Data           4  mvars.o(.data)
    hi2c2                                    0x20000038   Data          68  main.o(.bss)
    hspi1                                    0x2000007c   Data          88  main.o(.bss)
    htim7                                    0x200000d4   Data          60  main.o(.bss)
    huart1                                   0x20000110   Data          64  main.o(.bss)
    rawIMG                                   0x20000150   Data       12800  main.o(.bss)
    radonRawOut                              0x20003350   Data       18952  main.o(.bss)
    radonRawIn                               0x20007d58   Data       19200  main.o(.bss)
    line1                                    0x2000c858   Data          24  main.o(.bss)
    line2                                    0x2000c870   Data          24  main.o(.bss)
    y1                                       0x2000c888   Data         320  main.o(.bss)
    y2                                       0x2000c9c8   Data         320  main.o(.bss)
    srcbin                                   0x2000cb08   Data        9600  main.o(.bss)
    cross                                    0x2000f088   Data          16  main.o(.bss)
    test1_left                               0x2000f098   Data          16  main.o(.bss)
    test1_right                              0x2000f0a8   Data          16  main.o(.bss)
    test2_left                               0x2000f0b8   Data          16  main.o(.bss)
    test2_right                              0x2000f0c8   Data          16  main.o(.bss)
    __heap_base                              0x20011748   Data           0  startup_stm32f415xx.o(HEAP)
    __heap_limit                             0x20012748   Data           0  startup_stm32f415xx.o(HEAP)
    __initial_sp                             0x20015747   Data           0  startup_stm32f415xx.o(STACK)



==============================================================================

Memory Map of the image

  Image Entry point : 0x08000189

  Load Region LR_IROM1 (Base: 0x08000000, Size: 0x00007f1c, Max: 0x00100000, ABSOLUTE)

    Execution Region ER_IROM1 (Base: 0x08000000, Size: 0x00007ee8, Max: 0x00100000, ABSOLUTE)

    Base Addr    Size         Type   Attr      Idx    E Section Name        Object

    0x08000000   0x00000188   Data   RO            3    RESET               startup_stm32f415xx.o
    0x08000188   0x00000000   Code   RO         4518  * .ARM.Collect$$$$00000000  mc_w.l(entry.o)
    0x08000188   0x00000004   Code   RO         4870    .ARM.Collect$$$$00000001  mc_w.l(entry2.o)
    0x0800018c   0x00000004   Code   RO         4873    .ARM.Collect$$$$00000004  mc_w.l(entry5.o)
    0x08000190   0x00000000   Code   RO         4875    .ARM.Collect$$$$00000008  mc_w.l(entry7b.o)
    0x08000190   0x00000000   Code   RO         4877    .ARM.Collect$$$$0000000A  mc_w.l(entry8b.o)
    0x08000190   0x00000008   Code   RO         4878    .ARM.Collect$$$$0000000B  mc_w.l(entry9a.o)
    0x08000198   0x00000000   Code   RO         4880    .ARM.Collect$$$$0000000D  mc_w.l(entry10a.o)
    0x08000198   0x00000000   Code   RO         4882    .ARM.Collect$$$$0000000F  mc_w.l(entry11a.o)
    0x08000198   0x00000004   Code   RO         4871    .ARM.Collect$$$$00002712  mc_w.l(entry2.o)
    0x0800019c   0x00000024   Code   RO            4    .text               startup_stm32f415xx.o
    0x080001c0   0x00000024   Code   RO         4521    .text               mc_w.l(memcpya.o)
    0x080001e4   0x0000001c   Code   RO         4814    .text               mc_w.l(calloc.o)
    0x08000200   0x0000014e   Code   RO         4816    .text               mf_w.l(dadd.o)
    0x0800034e   0x000000e4   Code   RO         4818    .text               mf_w.l(dmul.o)
    0x08000432   0x000000de   Code   RO         4820    .text               mf_w.l(ddiv.o)
    0x08000510   0x00000022   Code   RO         4822    .text               mf_w.l(dflti.o)
    0x08000532   0x0000001a   Code   RO         4824    .text               mf_w.l(dfltui.o)
    0x0800054c   0x00000032   Code   RO         4826    .text               mf_w.l(dfixui.o)
    0x0800057e   0x00000026   Code   RO         4828    .text               mf_w.l(f2d.o)
    0x080005a4   0x00000038   Code   RO         4834    .text               mf_w.l(d2f.o)
    0x080005dc   0x00000062   Code   RO         4887    .text               mc_w.l(uldiv.o)
    0x0800063e   0x0000001e   Code   RO         4889    .text               mc_w.l(llshl.o)
    0x0800065c   0x00000020   Code   RO         4891    .text               mc_w.l(llushr.o)
    0x0800067c   0x00000024   Code   RO         4893    .text               mc_w.l(llsshr.o)
    0x080006a0   0x00000000   Code   RO         4904    .text               mc_w.l(iusefp.o)
    0x080006a0   0x0000006e   Code   RO         4905    .text               mf_w.l(fepilogue.o)
    0x0800070e   0x000000ba   Code   RO         4907    .text               mf_w.l(depilogue.o)
    0x080007c8   0x00000024   Code   RO         4923    .text               mc_w.l(init.o)
    0x080007ec   0x0000003e   Code   RO         4925    .text               mf_w.l(dfixi.o)
    0x0800082a   0x00000002   Code   RO         2903    i.BusFault_Handler  stm32f4xx_it.o
    0x0800082c   0x00000018   Code   RO         3522    i.ByteCRC16         crc16fast.o
    0x08000844   0x00000024   Code   RO         3524    i.CalcCRC16Words    crc16fast.o
    0x08000868   0x00000032   Code   RO         3251    i.Cross_point       img_process.o
    0x0800089a   0x00000004   Code   RO         4278    i.DEV_I2C_MasterInit  stm32_i2c.o
    0x0800089e   0x00000002   PAD
    0x080008a0   0x0000008c   Code   RO         4279    i.DEV_I2C_MasterReadData  stm32_i2c.o
    0x0800092c   0x0000007c   Code   RO         4283    i.DEV_I2C_MasterWriteData  stm32_i2c.o
    0x080009a8   0x00000002   Code   RO         2904    i.DebugMon_Handler  stm32f4xx_it.o
    0x080009aa   0x00000002   PAD
    0x080009ac   0x000000c0   Code   RO         3362    i.Frametransfer     lepton_driver.o
    0x08000a6c   0x00000016   Code   RO         1138    i.HAL_Delay         stm32f4xx_hal.o
    0x08000a82   0x00000002   PAD
    0x08000a84   0x000001c0   Code   RO         1851    i.HAL_GPIO_Init     stm32f4xx_hal_gpio.o
    0x08000c44   0x0000000a   Code   RO         1855    i.HAL_GPIO_WritePin  stm32f4xx_hal_gpio.o
    0x08000c4e   0x00000002   PAD
    0x08000c50   0x0000000c   Code   RO         1144    i.HAL_GetTick       stm32f4xx_hal.o
    0x08000c5c   0x00000108   Code   RO         1288    i.HAL_I2C_Init      stm32f4xx_hal_i2c.o
    0x08000d64   0x0000013c   Code   RO         1299    i.HAL_I2C_Master_Transmit  stm32f4xx_hal_i2c.o
    0x08000ea0   0x000001d4   Code   RO         1304    i.HAL_I2C_Mem_Read  stm32f4xx_hal_i2c.o
    0x08001074   0x0000004c   Code   RO         2989    i.HAL_I2C_MspInit   stm32f4xx_hal_msp.o
    0x080010c0   0x00000010   Code   RO         1145    i.HAL_IncTick       stm32f4xx_hal.o
    0x080010d0   0x00000034   Code   RO         1146    i.HAL_Init          stm32f4xx_hal.o
    0x08001104   0x00000022   Code   RO         1147    i.HAL_InitTick      stm32f4xx_hal.o
    0x08001126   0x00000044   Code   RO         2990    i.HAL_MspInit       stm32f4xx_hal_msp.o
    0x0800116a   0x00000016   Code   RO          597    i.HAL_NVIC_EnableIRQ  stm32f4xx_hal_cortex.o
    0x08001180   0x00000040   Code   RO          603    i.HAL_NVIC_SetPriority  stm32f4xx_hal_cortex.o
    0x080011c0   0x00000024   Code   RO          604    i.HAL_NVIC_SetPriorityGrouping  stm32f4xx_hal_cortex.o
    0x080011e4   0x00000002   Code   RO         1008    i.HAL_RCC_CSSCallback  stm32f4xx_hal_rcc.o
    0x080011e6   0x00000002   PAD
    0x080011e8   0x00000140   Code   RO         1009    i.HAL_RCC_ClockConfig  stm32f4xx_hal_rcc.o
    0x08001328   0x0000000c   Code   RO         1012    i.HAL_RCC_EnableCSS  stm32f4xx_hal_rcc.o
    0x08001334   0x00000034   Code   RO         1014    i.HAL_RCC_GetHCLKFreq  stm32f4xx_hal_rcc.o
    0x08001368   0x0000002c   Code   RO         1016    i.HAL_RCC_GetPCLK1Freq  stm32f4xx_hal_rcc.o
    0x08001394   0x0000002c   Code   RO         1017    i.HAL_RCC_GetPCLK2Freq  stm32f4xx_hal_rcc.o
    0x080013c0   0x00000074   Code   RO         1018    i.HAL_RCC_GetSysClockFreq  stm32f4xx_hal_rcc.o
    0x08001434   0x0000008c   Code   RO         1019    i.HAL_RCC_MCOConfig  stm32f4xx_hal_rcc.o
    0x080014c0   0x0000001c   Code   RO         1020    i.HAL_RCC_NMI_IRQHandler  stm32f4xx_hal_rcc.o
    0x080014dc   0x000002e4   Code   RO         1021    i.HAL_RCC_OscConfig  stm32f4xx_hal_rcc.o
    0x080017c0   0x0000008c   Code   RO         2612    i.HAL_SPI_Init      stm32f4xx_hal_spi.o
    0x0800184c   0x0000004c   Code   RO         2992    i.HAL_SPI_MspInit   stm32f4xx_hal_msp.o
    0x08001898   0x000001f8   Code   RO         2615    i.HAL_SPI_Receive   stm32f4xx_hal_spi.o
    0x08001a90   0x00000202   Code   RO         2621    i.HAL_SPI_TransmitReceive  stm32f4xx_hal_spi.o
    0x08001c92   0x00000018   Code   RO          606    i.HAL_SYSTICK_CLKSourceConfig  stm32f4xx_hal_cortex.o
    0x08001caa   0x00000002   Code   RO          607    i.HAL_SYSTICK_Callback  stm32f4xx_hal_cortex.o
    0x08001cac   0x00000028   Code   RO          608    i.HAL_SYSTICK_Config  stm32f4xx_hal_cortex.o
    0x08001cd4   0x00000008   Code   RO          609    i.HAL_SYSTICK_IRQHandler  stm32f4xx_hal_cortex.o
    0x08001cdc   0x00000002   Code   RO          152    i.HAL_TIMEx_BreakCallback  stm32f4xx_hal_tim_ex.o
    0x08001cde   0x00000002   Code   RO          153    i.HAL_TIMEx_CommutationCallback  stm32f4xx_hal_tim_ex.o
    0x08001ce0   0x00000050   Code   RO          169    i.HAL_TIMEx_MasterConfigSynchronization  stm32f4xx_hal_tim_ex.o
    0x08001d30   0x00000036   Code   RO         1975    i.HAL_TIM_Base_Init  stm32f4xx_hal_tim.o
    0x08001d66   0x00000002   PAD
    0x08001d68   0x0000003c   Code   RO         2994    i.HAL_TIM_Base_MspInit  stm32f4xx_hal_msp.o
    0x08001da4   0x00000002   Code   RO         2004    i.HAL_TIM_IC_CaptureCallback  stm32f4xx_hal_tim.o
    0x08001da6   0x00000166   Code   RO         2017    i.HAL_TIM_IRQHandler  stm32f4xx_hal_tim.o
    0x08001f0c   0x00000002   Code   RO         2020    i.HAL_TIM_OC_DelayElapsedCallback  stm32f4xx_hal_tim.o
    0x08001f0e   0x00000002   Code   RO         2047    i.HAL_TIM_PWM_PulseFinishedCallback  stm32f4xx_hal_tim.o
    0x08001f10   0x00000010   Code   RO         2905    i.HAL_TIM_PeriodElapsedCallback  stm32f4xx_it.o
    0x08001f20   0x00000002   Code   RO         2058    i.HAL_TIM_TriggerCallback  stm32f4xx_hal_tim.o
    0x08001f22   0x00000062   Code   RO          787    i.HAL_UART_Init     stm32f4xx_hal_uart.o
    0x08001f84   0x0000004c   Code   RO         2996    i.HAL_UART_MspInit  stm32f4xx_hal_msp.o
    0x08001fd0   0x000000aa   Code   RO          795    i.HAL_UART_Transmit  stm32f4xx_hal_uart.o
    0x0800207a   0x00000002   Code   RO         2906    i.HardFault_Handler  stm32f4xx_it.o
    0x0800207c   0x00000028   Code   RO         1329    i.I2C_IsAcknowledgeFailed  stm32f4xx_hal_i2c.o
    0x080020a4   0x00000090   Code   RO         1333    i.I2C_MasterRequestWrite  stm32f4xx_hal_i2c.o
    0x08002134   0x000000e2   Code   RO         1335    i.I2C_RequestMemoryRead  stm32f4xx_hal_i2c.o
    0x08002216   0x0000008e   Code   RO         1339    i.I2C_WaitOnFlagUntilTimeout  stm32f4xx_hal_i2c.o
    0x080022a4   0x0000008c   Code   RO         1340    i.I2C_WaitOnMasterAddressFlagUntilTimeout  stm32f4xx_hal_i2c.o
    0x08002330   0x00000068   Code   RO         1341    i.I2C_WaitOnRXNEFlagUntilTimeout  stm32f4xx_hal_i2c.o
    0x08002398   0x00000052   Code   RO         1343    i.I2C_WaitOnTXEFlagUntilTimeout  stm32f4xx_hal_i2c.o
    0x080023ea   0x00000024   Code   RO         4395    i.LCD_Clear         tl1771_driver.o
    0x0800240e   0x00000002   PAD
    0x08002410   0x00000250   Code   RO         4396    i.LCD_Init          tl1771_driver.o
    0x08002660   0x0000001c   Code   RO         4397    i.LCD_SetDispAddr   tl1771_driver.o
    0x0800267c   0x0000002e   Code   RO         4398    i.LCD_SetWindos     tl1771_driver.o
    0x080026aa   0x00000012   Code   RO         4402    i.LCD_Write_Cmd     tl1771_driver.o
    0x080026bc   0x000000cc   Code   RO         4403    i.LCD_Write_Data    tl1771_driver.o
    0x08002788   0x000000cc   Code   RO         4404    i.LCD_Write_Reg     tl1771_driver.o
    0x08002854   0x00000012   Code   RO         3553    i.LEP_GetAgcEnableState  lepton_agc.o
    0x08002866   0x00000030   Code   RO         3916    i.LEP_GetAttribute  lepton_sdk.o
    0x08002896   0x00000016   Code   RO         3920    i.LEP_GetSDKVersion  lepton_sdk.o
    0x080028ac   0x00000054   Code   RO         4002    i.LEP_GetSysAuxTemperatureCelcius  lepton_sys.o
    0x08002900   0x00000014   Code   RO         4003    i.LEP_GetSysAuxTemperatureKelvin  lepton_sys.o
    0x08002914   0x00000014   Code   RO         4004    i.LEP_GetSysCameraUpTime  lepton_sys.o
    0x08002928   0x00000014   Code   RO         4005    i.LEP_GetSysCustSerialNumber  lepton_sys.o
    0x0800293c   0x00000014   Code   RO         4008    i.LEP_GetSysFlirSerialNumber  lepton_sys.o
    0x08002950   0x00000054   Code   RO         4009    i.LEP_GetSysFpaTemperatureCelcius  lepton_sys.o
    0x080029a4   0x00000014   Code   RO         4010    i.LEP_GetSysFpaTemperatureKelvin  lepton_sys.o
    0x080029b8   0x000000ea   Code   RO         3784    i.LEP_I2C_GetAttribute  lepton_i2c_protocol.o
    0x08002aa2   0x00000004   Code   RO         3856    i.LEP_I2C_MasterOpen  lepton_i2c_service.o
    0x08002aa6   0x00000016   Code   RO         3857    i.LEP_I2C_MasterReadData  lepton_i2c_service.o
    0x08002abc   0x00000016   Code   RO         3861    i.LEP_I2C_MasterWriteData  lepton_i2c_service.o
    0x08002ad2   0x00000042   Code   RO         3787    i.LEP_I2C_OpenPort  lepton_i2c_protocol.o
    0x08002b14   0x000000d2   Code   RO         3790    i.LEP_I2C_SetAttribute  lepton_i2c_protocol.o
    0x08002be6   0x00000046   Code   RO         3921    i.LEP_OpenPort      lepton_sdk.o
    0x08002c2c   0x0000001c   Code   RO         3571    i.LEP_SetAgcCalcEnableState  lepton_agc.o
    0x08002c48   0x0000001c   Code   RO         3572    i.LEP_SetAgcEnableState  lepton_agc.o
    0x08002c64   0x0000001c   Code   RO         3587    i.LEP_SetAgcPolicy  lepton_agc.o
    0x08002c80   0x0000002c   Code   RO         3924    i.LEP_SetAttribute  lepton_sdk.o
    0x08002cac   0x00000040   Code   RO         3363    i.Lepton_Init       lepton_driver.o
    0x08002cec   0x000000dc   Code   RO         3060    i.MX_GPIO_Init      main.o
    0x08002dc8   0x0000003c   Code   RO         3061    i.MX_SPI1_Init      main.o
    0x08002e04   0x00000002   Code   RO         2907    i.MemManage_Handler  stm32f4xx_it.o
    0x08002e06   0x00000004   Code   RO         2908    i.NMI_Handler       stm32f4xx_it.o
    0x08002e0a   0x00000020   Code   RO          610    i.NVIC_SetPriority  stm32f4xx_hal_cortex.o
    0x08002e2a   0x00000010   Code   RO         3364    i.RGB565            lepton_driver.o
    0x08002e3a   0x00000020   Code   RO         2636    i.SPI_CheckFlag_BSY  stm32f4xx_hal_spi.o
    0x08002e5a   0x00000024   Code   RO         2637    i.SPI_CheckForDisablingSPI  stm32f4xx_hal_spi.o
    0x08002e7e   0x0000008c   Code   RO         2654    i.SPI_WaitFlagStateUntilTimeout  stm32f4xx_hal_spi.o
    0x08002f0a   0x0000000e   Code   RO         2909    i.SysTick_Handler   stm32f4xx_it.o
    0x08002f18   0x000000a0   Code   RO         3062    i.SystemClock_Config  main.o
    0x08002fb8   0x00000054   Code   RO         3161    i.SystemInit        system_stm32f4xx.o
    0x0800300c   0x0000000c   Code   RO         2910    i.TIM7_IRQHandler   stm32f4xx_it.o
    0x08003018   0x000000c0   Code   RO         2059    i.TIM_Base_SetConfig  stm32f4xx_hal_tim.o
    0x080030d8   0x000000ac   Code   RO         3365    i.TermoClr          lepton_driver.o
    0x08003184   0x000002ac   Code   RO          806    i.UART_SetConfig    stm32f4xx_hal_uart.o
    0x08003430   0x00000096   Code   RO          808    i.UART_WaitOnFlagUntilTimeout  stm32f4xx_hal_uart.o
    0x080034c6   0x00000002   Code   RO         2911    i.UsageFault_Handler  stm32f4xx_it.o
    0x080034c8   0x00000020   Code   RO         4732    i.__0printf$8       mc_w.l(printf8.o)
    0x080034e8   0x00000030   Code   RO         4919    i.__ARM_fpclassify  m_wm.l(fpclassify.o)
    0x08003518   0x000000c8   Code   RO         4482    i.__hardfp_cos      m_wm.l(cos.o)
    0x080035e0   0x000000c8   Code   RO         4494    i.__hardfp_sin      m_wm.l(sin.o)
    0x080036a8   0x00000080   Code   RO         4506    i.__hardfp_tan      m_wm.l(tan.o)
    0x08003728   0x00000438   Code   RO         4853    i.__ieee754_rem_pio2  m_wm.l(rred.o)
    0x08003b60   0x00000170   Code   RO         4836    i.__kernel_cos      m_wm.l(cos_i.o)
    0x08003cd0   0x000000f8   Code   RO         4921    i.__kernel_poly     m_wm.l(poly.o)
    0x08003dc8   0x00000130   Code   RO         4858    i.__kernel_sin      m_wm.l(sin_i.o)
    0x08003ef8   0x00000350   Code   RO         4864    i.__kernel_tan      m_wm.l(tan_i.o)
    0x08004248   0x00000014   Code   RO         4840    i.__mathlib_dbl_infnan  m_wm.l(dunder.o)
    0x0800425c   0x00000004   PAD
    0x08004260   0x00000020   Code   RO         4842    i.__mathlib_dbl_invalid  m_wm.l(dunder.o)
    0x08004280   0x00000020   Code   RO         4845    i.__mathlib_dbl_underflow  m_wm.l(dunder.o)
    0x080042a0   0x0000000e   Code   RO         4929    i.__scatterload_copy  mc_w.l(handlers.o)
    0x080042ae   0x00000002   Code   RO         4930    i.__scatterload_null  mc_w.l(handlers.o)
    0x080042b0   0x0000000e   Code   RO         4931    i.__scatterload_zeroinit  mc_w.l(handlers.o)
    0x080042be   0x00000002   PAD
    0x080042c0   0x0000000c   Code   RO         4899    i.__set_errno       mc_w.l(errno.o)
    0x080042cc   0x00000410   Code   RO         4739    i._printf_core      mc_w.l(printf8.o)
    0x080046dc   0x00000024   Code   RO         4740    i._printf_post_padding  mc_w.l(printf8.o)
    0x08004700   0x0000002e   Code   RO         4741    i._printf_pre_padding  mc_w.l(printf8.o)
    0x0800472e   0x00000002   PAD
    0x08004730   0x000000ec   Code   RO         3406    i.enable_lepton_agc  lepton_i2c.o
    0x0800481c   0x00000018   Code   RO         4915    i.fabs              m_wm.l(fabs.o)
    0x08004834   0x0000001c   Code   RO         3063    i.fputc             main.o
    0x08004850   0x00000050   Code   RO         4786    i.free              mc_w.l(malloc.o)
    0x080048a0   0x00000080   Code   RO         4352    i.incrementRadon    radon.o
    0x08004920   0x00000204   Code   RO         3409    i.init_lepton_command_interface  lepton_i2c.o
    0x08004b24   0x00000438   Code   RO         3064    i.main              main.o
    0x08004f5c   0x0000006c   Code   RO         4787    i.malloc            mc_w.l(malloc.o)
    0x08004fc8   0x0000000c   Code   RO         4406    i.nnop              tl1771_driver.o
    0x08004fd4   0x00000074   Code   RO         3417    i.print_aux_temp_celcius  lepton_i2c.o
    0x08005048   0x000000a0   Code   RO         3418    i.print_cust_serial_number  lepton_i2c.o
    0x080050e8   0x00000078   Code   RO         3419    i.print_fpa_temp_celcius  lepton_i2c.o
    0x08005160   0x0000024c   Code   RO         4353    i.radon             radon.o
    0x080053ac   0x000001dc   Code   RO         4354    i.radonLine         radon.o
    0x08005588   0x00000010   Data   RO         1022    .constdata          stm32f4xx_hal_rcc.o
    0x08005598   0x000025ae   Data   RO         3066    .constdata          main.o
    0x08007b46   0x00000200   Data   RO         3525    .constdata          crc16fast.o
    0x08007d46   0x00000002   PAD
    0x08007d48   0x00000030   Data   RO         4837    .constdata          m_wm.l(cos_i.o)
    0x08007d78   0x000000c8   Data   RO         4855    .constdata          m_wm.l(rred.o)
    0x08007e40   0x00000028   Data   RO         4859    .constdata          m_wm.l(sin_i.o)
    0x08007e68   0x00000060   Data   RO         4865    .constdata          m_wm.l(tan_i.o)
    0x08007ec8   0x00000020   Data   RO         4927    Region$$Table       anon$$obj.o


    Execution Region RW_IRAM1 (Base: 0x20000000, Size: 0x00015748, Max: 0x00020000, ABSOLUTE)

    Base Addr    Size         Type   Attr      Idx    E Section Name        Object

    0x20000000   0x00000004   Data   RW         1152    .data               stm32f4xx_hal.o
    0x20000004   0x0000001c   Data   RW         3067    .data               main.o
    0x20000020   0x00000004   Data   RW         3163    .data               system_stm32f4xx.o
    0x20000024   0x00000004   Data   RW         4884    .data               mc_w.l(stdout.o)
    0x20000028   0x00000004   Data   RW         4895    .data               mc_w.l(mvars.o)
    0x2000002c   0x00000004   Data   RW         4896    .data               mc_w.l(mvars.o)
    0x20000030   0x00000004   Data   RW         4900    .data               mc_w.l(errno.o)
    0x20000034   0x00000004   PAD
    0x20000038   0x0000f0a0   Zero   RW         3065    .bss                main.o
    0x2000f0d8   0x00002670   Zero   RW         3366    .bss                lepton_driver.o
    0x20011748   0x00001000   Zero   RW            2    HEAP                startup_stm32f415xx.o
    0x20012748   0x00002fff   Zero   RW            1    STACK               startup_stm32f415xx.o


==============================================================================

Image component sizes


      Code (inc. data)   RO Data    RW Data    ZI Data      Debug   Object Name

        60          4        512          0          0       2121   crc16fast.o
        50          0          0          0          0        694   img_process.o
       102          0          0          0          0       2819   lepton_agc.o
       444         36          0          0       9840       3607   lepton_driver.o
      1148        662          0          0          0       4817   lepton_i2c.o
       510          0          0          0          0       3433   lepton_i2c_protocol.o
        48          0          0          0          0       2268   lepton_i2c_service.o
       184          0          0          0          0       4069   lepton_sdk.o
       268         20          0          0          0       5693   lepton_sys.o
      1548        124       9646         28      61600      19077   main.o
      1192         48          0          0          0       4209   radon.o
        36          8        392          0      16383        832   startup_stm32f415xx.o
       268         10          0          0          0       3420   stm32_i2c.o
       136         16          0          4          0       4155   stm32f4xx_hal.o
       228         14          0          0          0      32089   stm32f4xx_hal_cortex.o
       458         50          0          0          0       2516   stm32f4xx_hal_gpio.o
      1926         38          0          0          0      11488   stm32f4xx_hal_i2c.o
       356         50          0          0          0       3424   stm32f4xx_hal_msp.o
      1498         90         16          0          0       8410   stm32f4xx_hal_rcc.o
         0          0          0          0          0     371524   stm32f4xx_hal_rcc_ex.o
      1366          0          0          0          0       6203   stm32f4xx_hal_spi.o
       612         44          0          0          0       5863   stm32f4xx_hal_tim.o
        84          0          0          0          0       2394   stm32f4xx_hal_tim_ex.o
      1102          8          0          0          0       4084   stm32f4xx_hal_uart.o
        56         16          0          0          0       4696   stm32f4xx_it.o
        84         18          0          4          0       1317   system_stm32f4xx.o
      1140         34          0          0          0       5639   tl1771_driver.o

    ----------------------------------------------------------------------
     14918       1290      10600         36      87824     520861   Object Totals
         0          0         32          0          0          0   (incl. Generated)
        14          0          2          0          1          0   (incl. Padding)

    ----------------------------------------------------------------------

      Code (inc. data)   RO Data    RW Data    ZI Data      Debug   Library Member Name

       200         20          0          0          0        164   cos.o
       368         46         48          0          0        200   cos_i.o
        84         16          0          0          0        372   dunder.o
        24          0          0          0          0        124   fabs.o
        48          0          0          0          0        124   fpclassify.o
       248          0          0          0          0        152   poly.o
      1080        142        200          0          0        188   rred.o
       200         20          0          0          0        164   sin.o
       304         24         40          0          0        208   sin_i.o
       128         20          0          0          0        144   tan.o
       848         84         96          0          0        196   tan_i.o
        28          0          0          0          0         76   calloc.o
         0          0          0          0          0          0   entry.o
         0          0          0          0          0          0   entry10a.o
         0          0          0          0          0          0   entry11a.o
         8          4          0          0          0          0   entry2.o
         4          0          0          0          0          0   entry5.o
         0          0          0          0          0          0   entry7b.o
         0          0          0          0          0          0   entry8b.o
         8          4          0          0          0          0   entry9a.o
        12          6          0          4          0         68   errno.o
        30          0          0          0          0          0   handlers.o
        36          8          0          0          0         68   init.o
         0          0          0          0          0          0   iusefp.o
        30          0          0          0          0         68   llshl.o
        36          0          0          0          0         68   llsshr.o
        32          0          0          0          0         68   llushr.o
       188         20          0          0          0        160   malloc.o
        36          0          0          0          0         68   memcpya.o
         0          0          0          8          0          0   mvars.o
      1154         54          0          0          0        352   printf8.o
         0          0          0          4          0          0   stdout.o
        98          0          0          0          0         92   uldiv.o
        56          0          0          0          0         88   d2f.o
       334          0          0          0          0        148   dadd.o
       222          0          0          0          0        100   ddiv.o
       186          0          0          0          0        176   depilogue.o
        62          0          0          0          0         80   dfixi.o
        50          0          0          0          0         76   dfixui.o
        34          0          0          0          0         76   dflti.o
        26          0          0          0          0         76   dfltui.o
       228          0          0          0          0         96   dmul.o
        38          0          0          0          0         68   f2d.o
       110          0          0          0          0        168   fepilogue.o

    ----------------------------------------------------------------------
      6586        468        384         16          4       4276   Library Totals
         8          0          0          0          4          0   (incl. Padding)

    ----------------------------------------------------------------------

      Code (inc. data)   RO Data    RW Data    ZI Data      Debug   Library Name

      3532        372        384          0          0       2036   m_wm.l
      1700         96          0         16          0       1088   mc_w.l
      1346          0          0          0          0       1152   mf_w.l

    ----------------------------------------------------------------------
      6586        468        384         16          4       4276   Library Totals

    ----------------------------------------------------------------------

==============================================================================


      Code (inc. data)   RO Data    RW Data    ZI Data      Debug   

     21504       1758      10984         52      87828     511297   Grand Totals
     21504       1758      10984         52      87828     511297   ELF Image Totals
     21504       1758      10984         52          0          0   ROM Totals

==============================================================================

    Total RO  Size (Code + RO Data)                32488 (  31.73kB)
    Total RW  Size (RW Data + ZI Data)             87880 (  85.82kB)
    Total ROM Size (Code + RO Data + RW Data)      32540 (  31.78kB)

==============================================================================

