Component: ARM Compiler 5.06 update 1 (build 61) Tool: armlink [4d35a8]

==============================================================================

Section Cross References

    startup_stm32f415xx.o(RESET) refers to startup_stm32f415xx.o(STACK) for __initial_sp
    startup_stm32f415xx.o(RESET) refers to startup_stm32f415xx.o(.text) for Reset_Handler
    startup_stm32f415xx.o(RESET) refers to stm32f4xx_it.o(i.NMI_Handler) for NMI_Handler
    startup_stm32f415xx.o(RESET) refers to stm32f4xx_it.o(i.HardFault_Handler) for HardFault_Handler
    startup_stm32f415xx.o(RESET) refers to stm32f4xx_it.o(i.MemManage_Handler) for MemManage_Handler
    startup_stm32f415xx.o(RESET) refers to stm32f4xx_it.o(i.BusFault_Handler) for BusFault_Handler
    startup_stm32f415xx.o(RESET) refers to stm32f4xx_it.o(i.UsageFault_Handler) for UsageFault_Handler
    startup_stm32f415xx.o(RESET) refers to stm32f4xx_it.o(i.DebugMon_Handler) for DebugMon_Handler
    startup_stm32f415xx.o(RESET) refers to stm32f4xx_it.o(i.SysTick_Handler) for SysTick_Handler
    startup_stm32f415xx.o(.text) refers to system_stm32f4xx.o(i.SystemInit) for SystemInit
    startup_stm32f415xx.o(.text) refers to entry.o(.ARM.Collect$$$$00000000) for __main
    stm32f4xx_hal_rcc_ex.o(i.HAL_RCCEx_PeriphCLKConfig) refers to stm32f4xx_hal.o(i.HAL_GetTick) for HAL_GetTick
    stm32f4xx_hal_pwr.o(i.HAL_PWR_PVD_IRQHandler) refers to stm32f4xx_hal_pwr.o(i.HAL_PWR_PVDCallback) for HAL_PWR_PVDCallback
    stm32f4xx_hal_dma.o(i.DMA_CalcBaseAndBitshift) refers to stm32f4xx_hal_dma.o(.constdata) for .constdata
    stm32f4xx_hal_dma.o(i.HAL_DMA_Abort) refers to stm32f4xx_hal.o(i.HAL_GetTick) for HAL_GetTick
    stm32f4xx_hal_dma.o(i.HAL_DMA_DeInit) refers to stm32f4xx_hal_dma.o(i.DMA_CalcBaseAndBitshift) for DMA_CalcBaseAndBitshift
    stm32f4xx_hal_dma.o(i.HAL_DMA_Init) refers to stm32f4xx_hal_dma.o(i.DMA_CalcBaseAndBitshift) for DMA_CalcBaseAndBitshift
    stm32f4xx_hal_dma.o(i.HAL_DMA_PollForTransfer) refers to stm32f4xx_hal.o(i.HAL_GetTick) for HAL_GetTick
    stm32f4xx_hal_dma.o(i.HAL_DMA_Start) refers to stm32f4xx_hal_dma.o(i.DMA_SetConfig) for DMA_SetConfig
    stm32f4xx_hal_dma.o(i.HAL_DMA_Start_IT) refers to stm32f4xx_hal_dma.o(i.DMA_SetConfig) for DMA_SetConfig
    stm32f4xx_hal_cortex.o(i.HAL_NVIC_SetPriority) refers to stm32f4xx_hal_cortex.o(i.NVIC_SetPriority) for NVIC_SetPriority
    stm32f4xx_hal_cortex.o(i.HAL_SYSTICK_Config) refers to stm32f4xx_hal_cortex.o(i.NVIC_SetPriority) for NVIC_SetPriority
    stm32f4xx_hal_cortex.o(i.HAL_SYSTICK_IRQHandler) refers to stm32f4xx_hal_cortex.o(i.HAL_SYSTICK_Callback) for HAL_SYSTICK_Callback
    stm32f4xx_hal_pwr_ex.o(i.HAL_PWREx_ControlVoltageScaling) refers to stm32f4xx_hal.o(i.HAL_GetTick) for HAL_GetTick
    stm32f4xx_hal_pwr_ex.o(i.HAL_PWREx_DisableBkUpReg) refers to stm32f4xx_hal.o(i.HAL_GetTick) for HAL_GetTick
    stm32f4xx_hal_pwr_ex.o(i.HAL_PWREx_EnableBkUpReg) refers to stm32f4xx_hal.o(i.HAL_GetTick) for HAL_GetTick
    stm32f4xx_hal_uart.o(i.HAL_HalfDuplex_Init) refers to stm32f4xx_hal_msp.o(i.HAL_UART_MspInit) for HAL_UART_MspInit
    stm32f4xx_hal_uart.o(i.HAL_HalfDuplex_Init) refers to stm32f4xx_hal_uart.o(i.UART_SetConfig) for UART_SetConfig
    stm32f4xx_hal_uart.o(i.HAL_LIN_Init) refers to stm32f4xx_hal_msp.o(i.HAL_UART_MspInit) for HAL_UART_MspInit
    stm32f4xx_hal_uart.o(i.HAL_LIN_Init) refers to stm32f4xx_hal_uart.o(i.UART_SetConfig) for UART_SetConfig
    stm32f4xx_hal_uart.o(i.HAL_MultiProcessor_Init) refers to stm32f4xx_hal_msp.o(i.HAL_UART_MspInit) for HAL_UART_MspInit
    stm32f4xx_hal_uart.o(i.HAL_MultiProcessor_Init) refers to stm32f4xx_hal_uart.o(i.UART_SetConfig) for UART_SetConfig
    stm32f4xx_hal_uart.o(i.HAL_UART_DMAStop) refers to stm32f4xx_hal_dma.o(i.HAL_DMA_Abort) for HAL_DMA_Abort
    stm32f4xx_hal_uart.o(i.HAL_UART_DeInit) refers to stm32f4xx_hal_msp.o(i.HAL_UART_MspDeInit) for HAL_UART_MspDeInit
    stm32f4xx_hal_uart.o(i.HAL_UART_IRQHandler) refers to stm32f4xx_hal_uart.o(i.UART_Receive_IT) for UART_Receive_IT
    stm32f4xx_hal_uart.o(i.HAL_UART_IRQHandler) refers to stm32f4xx_hal_uart.o(i.UART_Transmit_IT) for UART_Transmit_IT
    stm32f4xx_hal_uart.o(i.HAL_UART_IRQHandler) refers to stm32f4xx_hal_uart.o(i.HAL_UART_TxCpltCallback) for HAL_UART_TxCpltCallback
    stm32f4xx_hal_uart.o(i.HAL_UART_IRQHandler) refers to stm32f4xx_hal_uart.o(i.HAL_UART_ErrorCallback) for HAL_UART_ErrorCallback
    stm32f4xx_hal_uart.o(i.HAL_UART_Init) refers to stm32f4xx_hal_msp.o(i.HAL_UART_MspInit) for HAL_UART_MspInit
    stm32f4xx_hal_uart.o(i.HAL_UART_Init) refers to stm32f4xx_hal_uart.o(i.UART_SetConfig) for UART_SetConfig
    stm32f4xx_hal_uart.o(i.HAL_UART_Receive) refers to stm32f4xx_hal_uart.o(i.UART_WaitOnFlagUntilTimeout) for UART_WaitOnFlagUntilTimeout
    stm32f4xx_hal_uart.o(i.HAL_UART_Receive_DMA) refers to stm32f4xx_hal_dma.o(i.HAL_DMA_Start_IT) for HAL_DMA_Start_IT
[...]
    Removing easytracer.o(i.Trace), (188 bytes).
    Removing easytracer.o(.data), (28 bytes).
    Removing img_process.o(.rev16_text), (4 bytes).
    Removing img_process.o(.revsh_text), (4 bytes).
    Removing img_process.o(.rrx_text), (6 bytes).
    Removing img_process.o(i.Cross_point), (50 bytes).
    Removing img_process.o(i.Draw_Rect), (80 bytes).
    Removing img_process.o(i.binimg), (56 bytes).
    Removing img_process.o(i.img2RGB), (64 bytes).
    Removing img_process.o(i.img8bit), (84 bytes).
    Removing img_process.o(i.imgmax), (94 bytes).
    Removing img_process.o(i.imgmin), (94 bytes).
    Removing img_process.o(i.rangeX), (16 bytes).
    Removing img_process.o(i.rangeY), (16 bytes).
    Removing template_match.o(.rev16_text), (4 bytes).
    Removing template_match.o(.revsh_text), (4 bytes).
    Removing template_match.o(.rrx_text), (6 bytes).
    Removing template_match.o(i.detect), (176 bytes).
    Removing template_match.o(i.show_template), (72 bytes).
    Removing template_match.o(.constdata), (144 bytes).
    Removing lepton_driver.o(.rev16_text), (4 bytes).
    Removing lepton_driver.o(.revsh_text), (4 bytes).
    Removing lepton_driver.o(.rrx_text), (6 bytes).
    Removing lepton_i2c.o(.rev16_text), (4 bytes).
    Removing lepton_i2c.o(.revsh_text), (4 bytes).
    Removing lepton_i2c.o(.rrx_text), (6 bytes).
    Removing lepton_i2c.o(i.enable_telemetry), (120 bytes).
    Removing lepton_i2c.o(i.get_scene_stats), (96 bytes).
    Removing lepton_i2c.o(i.lepton_command), (14 bytes).
    Removing lepton_i2c.o(i.lepton_read_command), (54 bytes).
    Removing lepton_i2c.o(i.lepton_read_data), (52 bytes).
    Removing lepton_i2c.o(i.lepton_read_word), (112 bytes).
    Removing lepton_i2c.o(i.lepton_wait_status), (60 bytes).
    Removing lepton_i2c.o(i.lepton_write_command_reg), (64 bytes).
    Removing lepton_i2c.o(i.lepton_write_word), (48 bytes).
    Removing lepton_i2c.o(i.read_reg), (108 bytes).
    Removing lepton_i2c.o(.data), (1 bytes).
    Removing crc16fast.o(i.CalcCRC16Bytes), (26 bytes).
    Removing lepton_agc.o(i.LEP_GetAgcCalcEnableState), (20 bytes).
    Removing lepton_agc.o(i.LEP_GetAgcHeqBinExtension), (20 bytes).
    Removing lepton_agc.o(i.LEP_GetAgcHeqClipLimitHigh), (20 bytes).
    Removing lepton_agc.o(i.LEP_GetAgcHeqClipLimitLow), (20 bytes).
    Removing lepton_agc.o(i.LEP_GetAgcHeqDampingFactor), (20 bytes).
    Removing lepton_agc.o(i.LEP_GetAgcHeqEmptyCount), (12 bytes).
    Removing lepton_agc.o(i.LEP_GetAgcHeqMaxGain), (20 bytes).
    Removing lepton_agc.o(i.LEP_GetAgcHeqMidPoint), (20 bytes).
    Removing lepton_agc.o(i.LEP_GetAgcHeqNormalizationFactor), (12 bytes).
    Removing lepton_agc.o(i.LEP_GetAgcHeqScaleFactor), (12 bytes).
    Removing lepton_agc.o(i.LEP_GetAgcHistogramStatistics), (20 bytes).
    Removing lepton_agc.o(i.LEP_GetAgcLinearDampeningFactor), (20 bytes).
    Removing lepton_agc.o(i.LEP_GetAgcLinearHistogramClipPercent), (20 bytes).
    Removing lepton_agc.o(i.LEP_GetAgcLinearHistogramTailSize), (20 bytes).
    Removing lepton_agc.o(i.LEP_GetAgcLinearMaxGain), (20 bytes).
    Removing lepton_agc.o(i.LEP_GetAgcLinearMidPoint), (20 bytes).
    Removing lepton_agc.o(i.LEP_GetAgcPolicy), (20 bytes).
    Removing lepton_agc.o(i.LEP_GetAgcROI), (20 bytes).
    Removing lepton_agc.o(i.LEP_SetAgcHeqBinExtension), (28 bytes).
    Removing lepton_agc.o(i.LEP_SetAgcHeqClipLimitHigh), (30 bytes).
    Removing lepton_agc.o(i.LEP_SetAgcHeqClipLimitLow), (30 bytes).
    Removing lepton_agc.o(i.LEP_SetAgcHeqDampingFactor), (28 bytes).
    Removing lepton_agc.o(i.LEP_SetAgcHeqEmptyCount), (16 bytes).
    Removing lepton_agc.o(i.LEP_SetAgcHeqMaxGain), (16 bytes).
    Removing lepton_agc.o(i.LEP_SetAgcHeqMidPoint), (36 bytes).
    Removing lepton_agc.o(i.LEP_SetAgcHeqNormalizationFactor), (16 bytes).
    Removing lepton_agc.o(i.LEP_SetAgcHeqScaleFactor), (16 bytes).
    Removing lepton_agc.o(i.LEP_SetAgcLinearDampeningFactor), (28 bytes).
    Removing lepton_agc.o(i.LEP_SetAgcLinearHistogramClipPercent), (28 bytes).
    Removing lepton_agc.o(i.LEP_SetAgcLinearHistogramTailSize), (30 bytes).
    Removing lepton_agc.o(i.LEP_SetAgcLinearMaxGain), (16 bytes).
    Removing lepton_agc.o(i.LEP_SetAgcLinearMidPoint), (16 bytes).
    Removing lepton_agc.o(i.LEP_SetAgcROI), (54 bytes).
    Removing lepton_i2c_protocol.o(i.LEP_I2C_ClosePort), (4 bytes).
    Removing lepton_i2c_protocol.o(i.LEP_I2C_DirectReadRegister), (12 bytes).
    Removing lepton_i2c_protocol.o(i.LEP_I2C_DirectWriteBuffer), (20 bytes).
    Removing lepton_i2c_protocol.o(i.LEP_I2C_DirectWriteRegister), (12 bytes).
    Removing lepton_i2c_protocol.o(i.LEP_I2C_GetDeviceAddress), (18 bytes).
    Removing lepton_i2c_protocol.o(i.LEP_I2C_GetPortStatus), (4 bytes).
    Removing lepton_i2c_protocol.o(i.LEP_I2C_ResetPort), (4 bytes).
    Removing lepton_i2c_protocol.o(i.LEP_I2C_RunCommand), (124 bytes).
    Removing lepton_i2c_service.o(i.LEP_I2C_MasterClose), (4 bytes).
    Removing lepton_i2c_service.o(i.LEP_I2C_MasterReadRegister), (12 bytes).
    Removing lepton_i2c_service.o(i.LEP_I2C_MasterReset), (4 bytes).
    Removing lepton_i2c_service.o(i.LEP_I2C_MasterStatus), (4 bytes).
    Removing lepton_i2c_service.o(i.LEP_I2C_MasterWriteRegister), (12 bytes).
    Removing lepton_sdk.o(i.LEP_ClosePort), (44 bytes).
    Removing lepton_sdk.o(i.LEP_DirectReadRegister), (30 bytes).
    Removing lepton_sdk.o(i.LEP_DirectWriteBuffer), (34 bytes).
    Removing lepton_sdk.o(i.LEP_DirectWriteRegister), (40 bytes).
    Removing lepton_sdk.o(i.LEP_GetCameraBootStatus), (32 bytes).
    Removing lepton_sdk.o(i.LEP_GetDeviceAddress), (18 bytes).
    Removing lepton_sdk.o(i.LEP_GetPortStatus), (2 bytes).
    Removing lepton_sdk.o(i.LEP_ResetPort), (32 bytes).
    Removing lepton_sdk.o(i.LEP_RunCommand), (38 bytes).
    Removing lepton_sdk.o(.data), (4 bytes).
    Removing lepton_sys.o(i.LEP_GetSysFFCStatus), (20 bytes).
    Removing lepton_sys.o(i.LEP_GetSysFfcShutterModeObj), (20 bytes).
    Removing lepton_sys.o(i.LEP_GetSysFramesToAverage), (20 bytes).
    Removing lepton_sys.o(i.LEP_GetSysSceneRoi), (20 bytes).
    Removing lepton_sys.o(i.LEP_GetSysSceneStatistics), (20 bytes).
    Removing lepton_sys.o(i.LEP_GetSysShutterPosition), (20 bytes).
    Removing lepton_sys.o(i.LEP_GetSysStatus), (20 bytes).
    Removing lepton_sys.o(i.LEP_GetSysTelemetryEnableState), (20 bytes).
    Removing lepton_sys.o(i.LEP_GetSysTelemetryLocation), (20 bytes).
    Removing lepton_sys.o(i.LEP_GetSysThermalShutdownCount), (20 bytes).
    Removing lepton_sys.o(i.LEP_RunFrameAverage), (8 bytes).
    Removing lepton_sys.o(i.LEP_RunSysAverageFrames), (24 bytes).
    Removing lepton_sys.o(i.LEP_RunSysFFCNormalization), (44 bytes).
    Removing lepton_sys.o(i.LEP_RunSysPing), (8 bytes).
    Removing lepton_sys.o(i.LEP_SetSysFfcShutterModeObj), (22 bytes).
    Removing lepton_sys.o(i.LEP_SetSysFramesToAverage), (28 bytes).
    Removing lepton_sys.o(i.LEP_SetSysSceneRoi), (16 bytes).
    Removing lepton_sys.o(i.LEP_SetSysShutterPosition), (28 bytes).
    Removing lepton_sys.o(i.LEP_SetSysTelemetryEnableState), (28 bytes).
    Removing lepton_sys.o(i.LEP_SetSysTelemetryLocation), (28 bytes).
    Removing lepton_vid.o(i.LEP_GetVidFocusCalcEnableState), (20 bytes).
    Removing lepton_vid.o(i.LEP_GetVidFocusMetric), (20 bytes).
    Removing lepton_vid.o(i.LEP_GetVidFocusMetricThreshold), (20 bytes).
    Removing lepton_vid.o(i.LEP_GetVidFreezeEnableState), (20 bytes).
    Removing lepton_vid.o(i.LEP_GetVidPcolorLut), (20 bytes).
    Removing lepton_vid.o(i.LEP_GetVidPolarity), (20 bytes).
    Removing lepton_vid.o(i.LEP_GetVidROI), (20 bytes).
    Removing lepton_vid.o(i.LEP_GetVidSbNucEnableState), (20 bytes).
    Removing lepton_vid.o(i.LEP_GetVidUserLut), (22 bytes).
    Removing lepton_vid.o(i.LEP_SetVidFocusCalcEnableState), (28 bytes).
    Removing lepton_vid.o(i.LEP_SetVidFocusMetricThreshold), (16 bytes).
    Removing lepton_vid.o(i.LEP_SetVidFreezeEnableState), (28 bytes).
    Removing lepton_vid.o(i.LEP_SetVidPcolorLut), (28 bytes).
    Removing lepton_vid.o(i.LEP_SetVidPolarity), (28 bytes).
    Removing lepton_vid.o(i.LEP_SetVidROI), (16 bytes).
    Removing lepton_vid.o(i.LEP_SetVidSbNucEnableState), (28 bytes).
    Removing lepton_vid.o(i.LEP_SetVidUserLut), (22 bytes).
    Removing stm32_i2c.o(.rev16_text), (4 bytes).
    Removing stm32_i2c.o(.revsh_text), (4 bytes).
    Removing stm32_i2c.o(.rrx_text), (6 bytes).
    Removing stm32_i2c.o(i.DEV_I2C_MasterClose), (4 bytes).
    Removing stm32_i2c.o(i.DEV_I2C_MasterReadRegister), (20 bytes).
    Removing stm32_i2c.o(i.DEV_I2C_MasterReset), (4 bytes).
    Removing stm32_i2c.o(i.DEV_I2C_MasterStatus), (4 bytes).
    Removing stm32_i2c.o(i.DEV_I2C_MasterWriteRegister), (24 bytes).
    Removing stm32_i2c.o(.constdata), (4 bytes).
    Removing stm32_i2c.o(.constdata), (4 bytes).
    Removing stm32_i2c.o(.constdata), (4 bytes).
    Removing radon.o(.rev16_text), (4 bytes).
    Removing radon.o(.revsh_text), (4 bytes).
    Removing radon.o(.rrx_text), (6 bytes).
    Removing radon.o(i.incrementRadon), (128 bytes).
    Removing radon.o(i.max), (144 bytes).
    Removing radon.o(i.radon), (588 bytes).
    Removing radon.o(i.radonLine), (468 bytes).
    Removing radon.o(.constdata), (16 bytes).
    Removing tl1771_driver.o(.rev16_text), (4 bytes).
    Removing tl1771_driver.o(.revsh_text), (4 bytes).
    Removing tl1771_driver.o(.rrx_text), (6 bytes).
    Removing tl1771_driver.o(i.LCD_Show_Char), (88 bytes).
    Removing tl1771_driver.o(i.LCD_Show_Num), (112 bytes).
    Removing tl1771_driver.o(i.LCD_Show_String), (44 bytes).
    Removing tl1771_driver.o(i.fill), (24 bytes).
    Removing tl1771_driver.o(.constdata), (1520 bytes).
    Removing dfltui.o(.text), (26 bytes).
    Removing cdcmple.o(.text), (48 bytes).
    Removing cdrcmple.o(.text), (48 bytes).
    Removing dneg.o(.text), (6 bytes).
    Removing dfixul.o(.text), (48 bytes).
    Removing dfixi.o(.text), (62 bytes).

500 unused section(s) (total 142089 bytes) removed from the image.

==============================================================================

Image Symbol Table

    Local Symbols

    Symbol Name                              Value     Ov Type        Size  Object(Section)

    ../Drivers/CMSIS/Device/ST/STM32F4xx/Source/Templates/system_stm32f4xx.c 0x00000000   Number         0  system_stm32f4xx.o ABSOLUTE
    ../Drivers/STM32F4xx_HAL_Driver/Src/stm32f4xx_hal.c 0x00000000   Number         0  stm32f4xx_hal.o ABSOLUTE
    ../Drivers/STM32F4xx_HAL_Driver/Src/stm32f4xx_hal_cortex.c 0x00000000   Number         0  stm32f4xx_hal_cortex.o ABSOLUTE
    ../Drivers/STM32F4xx_HAL_Driver/Src/stm32f4xx_hal_dma.c 0x00000000   Number         0  stm32f4xx_hal_dma.o ABSOLUTE
    ../Drivers/STM32F4xx_HAL_Driver/Src/stm32f4xx_hal_dma_ex.c 0x00000000   Number         0  stm32f4xx_hal_dma_ex.o ABSOLUTE
    ../Drivers/STM32F4xx_HAL_Driver/Src/stm32f4xx_hal_flash.c 0x00000000   Number         0  stm32f4xx_hal_flash.o ABSOLUTE
    ../Drivers/STM32F4xx_HAL_Driver/Src/stm32f4xx_hal_flash_ex.c 0x00000000   Number         0  stm32f4xx_hal_flash_ex.o ABSOLUTE
    ../Drivers/STM32F4xx_HAL_Driver/Src/stm32f4xx_hal_flash_ramfunc.c 0x00000000   Number         0  stm32f4xx_hal_flash_ramfunc.o ABSOLUTE
    ../Drivers/STM32F4xx_HAL_Driver/Src/stm32f4xx_hal_gpio.c 0x00000000   Number         0  stm32f4xx_hal_gpio.o ABSOLUTE
    ../Drivers/STM32F4xx_HAL_Driver/Src/stm32f4xx_hal_i2c.c 0x00000000   Number         0  stm32f4xx_hal_i2c.o ABSOLUTE
    ../Drivers/STM32F4xx_HAL_Driver/Src/stm32f4xx_hal_i2c_ex.c 0x00000000   Number         0  stm32f4xx_hal_i2c_ex.o ABSOLUTE
    ../Drivers/STM32F4xx_HAL_Driver/Src/stm32f4xx_hal_pwr.c 0x00000000   Number         0  stm32f4xx_hal_pwr.o ABSOLUTE
    ../Drivers/STM32F4xx_HAL_Driver/Src/stm32f4xx_hal_pwr_ex.c 0x00000000   Number         0  stm32f4xx_hal_pwr_ex.o ABSOLUTE
    ../Drivers/STM32F4xx_HAL_Driver/Src/stm32f4xx_hal_rcc.c 0x00000000   Number         0  stm32f4xx_hal_rcc.o ABSOLUTE
    ../Drivers/STM32F4xx_HAL_Driver/Src/stm32f4xx_hal_rcc_ex.c 0x00000000   Number         0  stm32f4xx_hal_rcc_ex.o ABSOLUTE
    ../Drivers/STM32F4xx_HAL_Driver/Src/stm32f4xx_hal_spi.c 0x00000000   Number         0  stm32f4xx_hal_spi.o ABSOLUTE
    ../Drivers/STM32F4xx_HAL_Driver/Src/stm32f4xx_hal_tim.c 0x00000000   Number         0  stm32f4xx_hal_tim.o ABSOLUTE
    ../Drivers/STM32F4xx_HAL_Driver/Src/stm32f4xx_hal_tim_ex.c 0x00000000   Number         0  stm32f4xx_hal_tim_ex.o ABSOLUTE
    ../Drivers/STM32F4xx_HAL_Driver/Src/stm32f4xx_hal_uart.c 0x00000000   Number         0  stm32f4xx_hal_uart.o ABSOLUTE
    ../Src/main.c                            0x00000000   Number         0  main.o ABSOLUTE
    ../Src/stm32f4xx_hal_msp.c               0x00000000   Number         0  stm32f4xx_hal_msp.o ABSOLUTE
    ../Src/stm32f4xx_it.c                    0x00000000   Number         0  stm32f4xx_it.o ABSOLUTE
    ../clib/microlib/division.c              0x00000000   Number         0  uldiv.o ABSOLUTE
    ../clib/microlib/division.c              0x00000000   Number         0  uidiv.o ABSOLUTE
    ../clib/microlib/errno.c                 0x00000000   Number         0  errno.o ABSOLUTE
    ../clib/microlib/init/entry.s            0x00000000   Number         0  entry10b.o ABSOLUTE
    ../clib/microlib/init/entry.s            0x00000000   Number         0  entry10a.o ABSOLUTE
    ../clib/microlib/init/entry.s            0x00000000   Number         0  entry9b.o ABSOLUTE
    ../clib/microlib/init/entry.s            0x00000000   Number         0  entry11a.o ABSOLUTE
    ../clib/microlib/init/entry.s            0x00000000   Number         0  entry9a.o ABSOLUTE
    ../clib/microlib/init/entry.s            0x00000000   Number         0  entry8b.o ABSOLUTE
    ../clib/microlib/init/entry.s            0x00000000   Number         0  entry8a.o ABSOLUTE
    ../clib/microlib/init/entry.s            0x00000000   Number         0  entry7b.o ABSOLUTE
    ../clib/microlib/init/entry.s            0x00000000   Number         0  entry5.o ABSOLUTE
    ../clib/microlib/init/entry.s            0x00000000   Number         0  entry2.o ABSOLUTE
    ../clib/microlib/init/entry.s            0x00000000   Number         0  entry11b.o ABSOLUTE
    ../clib/microlib/init/entry.s            0x00000000   Number         0  entry.o ABSOLUTE
    ../clib/microlib/init/entry.s            0x00000000   Number         0  entry7a.o ABSOLUTE
    ../clib/microlib/longlong.c              0x00000000   Number         0  llshl.o ABSOLUTE
    ../clib/microlib/longlong.c              0x00000000   Number         0  llsshr.o ABSOLUTE
    ../clib/microlib/longlong.c              0x00000000   Number         0  llushr.o ABSOLUTE
    ../clib/microlib/malloc/calloc.c         0x00000000   Number         0  calloc.o ABSOLUTE
    ../clib/microlib/malloc/malloc.c         0x00000000   Number         0  mallocra.o ABSOLUTE
    ../clib/microlib/malloc/malloc.c         0x00000000   Number         0  malloca.o ABSOLUTE
    ../clib/microlib/malloc/malloc.c         0x00000000   Number         0  mallocr.o ABSOLUTE
    ../clib/microlib/malloc/malloc.c         0x00000000   Number         0  malloc.o ABSOLUTE
    ../clib/microlib/malloc/mvars.c          0x00000000   Number         0  mvars.o ABSOLUTE
    ../clib/microlib/printf/printf.c         0x00000000   Number         0  printf4.o ABSOLUTE
    ../clib/microlib/printf/printf.c         0x00000000   Number         0  printf6.o ABSOLUTE
    ../clib/microlib/printf/printf.c         0x00000000   Number         0  printf7.o ABSOLUTE
    ../clib/microlib/printf/printf.c         0x00000000   Number         0  printf8.o ABSOLUTE
    ../clib/microlib/printf/printf.c         0x00000000   Number         0  printfa.o ABSOLUTE
    ../clib/microlib/printf/printf.c         0x00000000   Number         0  printf5.o ABSOLUTE
    ../clib/microlib/printf/printf.c         0x00000000   Number         0  printfb.o ABSOLUTE
    ../clib/microlib/printf/printf.c         0x00000000   Number         0  printf0.o ABSOLUTE
    ../clib/microlib/printf/printf.c         0x00000000   Number         0  printf1.o ABSOLUTE
    ../clib/microlib/printf/printf.c         0x00000000   Number         0  printf2.o ABSOLUTE
    ../clib/microlib/printf/printf.c         0x00000000   Number         0  printf3.o ABSOLUTE
    ../clib/microlib/printf/stubs.s          0x00000000   Number         0  stubs.o ABSOLUTE
    ../clib/microlib/stdio/streams.c         0x00000000   Number         0  stdout.o ABSOLUTE
    ../clib/microlib/string/memcpy.c         0x00000000   Number         0  memcpya.o ABSOLUTE
    ../clib/microlib/string/memcpy.c         0x00000000   Number         0  memcpyb.o ABSOLUTE
    ../clib/microlib/stubs.s                 0x00000000   Number         0  iusefp.o ABSOLUTE
    ../fplib/microlib/d2f.c                  0x00000000   Number         0  d2f.o ABSOLUTE
    ../fplib/microlib/f2d.c                  0x00000000   Number         0  f2d.o ABSOLUTE
    ../fplib/microlib/fpadd.c                0x00000000   Number         0  dadd.o ABSOLUTE
    ../fplib/microlib/fpdiv.c                0x00000000   Number         0  ddiv.o ABSOLUTE
    ../fplib/microlib/fpepilogue.c           0x00000000   Number         0  fepilogue.o ABSOLUTE
    ../fplib/microlib/fpepilogue.c           0x00000000   Number         0  depilogue.o ABSOLUTE
    ../fplib/microlib/fpfix.c                0x00000000   Number         0  dfixui.o ABSOLUTE
    ../fplib/microlib/fpfix.c                0x00000000   Number         0  dfixul.o ABSOLUTE
    ../fplib/microlib/fpfix.c                0x00000000   Number         0  dfixi.o ABSOLUTE
    ../fplib/microlib/fpflt.c                0x00000000   Number         0  dfltui.o ABSOLUTE
    ../fplib/microlib/fpflt.c                0x00000000   Number         0  dflti.o ABSOLUTE
    ../fplib/microlib/fpmul.c                0x00000000   Number         0  dmul.o ABSOLUTE
    ../fplib/microlib/fpneg.c                0x00000000   Number         0  dneg.o ABSOLUTE
    ../mathlib/cos.c                         0x00000000   Number         0  cos_x.o ABSOLUTE
    ../mathlib/cos.c                         0x00000000   Number         0  cos.o ABSOLUTE
    ../mathlib/cos_i.c                       0x00000000   Number         0  cos_i.o ABSOLUTE
    ../mathlib/dunder.c                      0x00000000   Number         0  dunder.o ABSOLUTE
    ../mathlib/fabs.c                        0x00000000   Number         0  fabs.o ABSOLUTE
    ../mathlib/fpclassify.c                  0x00000000   Number         0  fpclassify.o ABSOLUTE
    ../mathlib/poly.c                        0x00000000   Number         0  poly.o ABSOLUTE
    ../mathlib/rred.c                        0x00000000   Number         0  rred.o ABSOLUTE
    ../mathlib/sin.c                         0x00000000   Number         0  sin.o ABSOLUTE
    ../mathlib/sin.c                         0x00000000   Number         0  sin_x.o ABSOLUTE
    ../mathlib/sin_i.c                       0x00000000   Number         0  sin_i_x.o ABSOLUTE
    ../mathlib/sin_i.c                       0x00000000   Number         0  sin_i.o ABSOLUTE
    ../mathlib/tan.c                         0x00000000   Number         0  tan_x.o ABSOLUTE
    ../mathlib/tan.c                         0x00000000   Number         0  tan.o ABSOLUTE
    ../mathlib/tan_i.c                       0x00000000   Number         0  tan_i.o ABSOLUTE
    ../mathlib/tan_i.c                       0x00000000   Number         0  tan_i_x.o ABSOLUTE
    ..\Drivers\CMSIS\Device\ST\STM32F4xx\Source\Templates\system_stm32f4xx.c 0x00000000   Number         0  system_stm32f4xx.o ABSOLUTE
    ..\Drivers\STM32F4xx_HAL_Driver\Src\stm32f4xx_hal.c 0x00000000   Number         0  stm32f4xx_hal.o ABSOLUTE
    ..\Drivers\STM32F4xx_HAL_Driver\Src\stm32f4xx_hal_cortex.c 0x00000000   Number         0  stm32f4xx_hal_cortex.o ABSOLUTE
    ..\Drivers\STM32F4xx_HAL_Driver\Src\stm32f4xx_hal_dma.c 0x00000000   Number         0  stm32f4xx_hal_dma.o ABSOLUTE
    ..\Drivers\STM32F4xx_HAL_Driver\Src\stm32f4xx_hal_dma_ex.c 0x00000000   Number         0  stm32f4xx_hal_dma_ex.o ABSOLUTE
    ..\Drivers\STM32F4xx_HAL_Driver\Src\stm32f4xx_hal_flash.c 0x00000000   Number         0  stm32f4xx_hal_flash.o ABSOLUTE
    ..\Drivers\STM32F4xx_HAL_Driver\Src\stm32f4xx_hal_flash_ex.c 0x00000000   Number         0  stm32f4xx_hal_flash_ex.o ABSOLUTE
    ..\Drivers\STM32F4xx_HAL_Driver\Src\stm32f4xx_hal_flash_ramfunc.c 0x00000000   Number         0  stm32f4xx_hal_flash_ramfunc.o ABSOLUTE
    ..\Drivers\STM32F4xx_HAL_Driver\Src\stm32f4xx_hal_gpio.c 0x00000000   Number         0  stm32f4xx_hal_gpio.o ABSOLUTE
    ..\Drivers\STM32F4xx_HAL_Driver\Src\stm32f4xx_hal_i2c.c 0x00000000   Number         0  stm32f4xx_hal_i2c.o ABSOLUTE
    ..\Drivers\STM32F4xx_HAL_Driver\Src\stm32f4xx_hal_i2c_ex.c 0x00000000   Number         0  stm32f4xx_hal_i2c_ex.o ABSOLUTE
    ..\Drivers\STM32F4xx_HAL_Driver\Src\stm32f4xx_hal_pwr.c 0x00000000   Number         0  stm32f4xx_hal_pwr.o ABSOLUTE
    ..\Drivers\STM32F4xx_HAL_Driver\Src\stm32f4xx_hal_pwr_ex.c 0x00000000   Number         0  stm32f4xx_hal_pwr_ex.o ABSOLUTE
    ..\Drivers\STM32F4xx_HAL_Driver\Src\stm32f4xx_hal_rcc.c 0x00000000   Number         0  stm32f4xx_hal_rcc.o ABSOLUTE
    ..\Drivers\STM32F4xx_HAL_Driver\Src\stm32f4xx_hal_rcc_ex.c 0x00000000   Number         0  stm32f4xx_hal_rcc_ex.o ABSOLUTE
    ..\Drivers\STM32F4xx_HAL_Driver\Src\stm32f4xx_hal_spi.c 0x00000000   Number         0  stm32f4xx_hal_spi.o ABSOLUTE
    ..\Drivers\STM32F4xx_HAL_Driver\Src\stm32f4xx_hal_tim.c 0x00000000   Number         0  stm32f4xx_hal_tim.o ABSOLUTE
    ..\Drivers\STM32F4xx_HAL_Driver\Src\stm32f4xx_hal_tim_ex.c 0x00000000   Number         0  stm32f4xx_hal_tim_ex.o ABSOLUTE
    ..\Drivers\STM32F4xx_HAL_Driver\Src\stm32f4xx_hal_uart.c 0x00000000   Number         0  stm32f4xx_hal_uart.o ABSOLUTE
    ..\RADON\src\radon.c                     0x00000000   Number         0  radon.o ABSOLUTE
    ..\Src\main.c                            0x00000000   Number         0  main.o ABSOLUTE
    ..\Src\stm32f4xx_hal_msp.c               0x00000000   Number         0  stm32f4xx_hal_msp.o ABSOLUTE
    ..\Src\stm32f4xx_it.c                    0x00000000   Number         0  stm32f4xx_it.o ABSOLUTE
    ..\\RADON\\src\\radon.c                  0x00000000   Number         0  radon.o ABSOLUTE
    ..\\image_process\\src\\EasyTracer.c     0x00000000   Number         0  easytracer.o ABSOLUTE
    ..\\image_process\\src\\img_process.c    0x00000000   Number         0  img_process.o ABSOLUTE
    ..\\image_process\\src\\template_match.c 0x00000000   Number         0  template_match.o ABSOLUTE
    ..\\lepton\\Src\\LEPTON_DRIVER.c         0x00000000   Number         0  lepton_driver.o ABSOLUTE
    ..\\lepton\\Src\\lepton_i2c.c            0x00000000   Number         0  lepton_i2c.o ABSOLUTE
    ..\\lepton_sdk\\Src\\stm32_i2c.c         0x00000000   Number         0  stm32_i2c.o ABSOLUTE
    ..\\tl1771\\src\\TL1771_Driver.c         0x00000000   Number         0  tl1771_driver.o ABSOLUTE
    ..\image_process\src\EasyTracer.c        0x00000000   Number         0  easytracer.o ABSOLUTE
    ..\image_process\src\img_process.c       0x00000000   Number         0  img_process.o ABSOLUTE
    ..\image_process\src\template_match.c    0x00000000   Number         0  template_match.o ABSOLUTE
    ..\lepton\Src\LEPTON_DRIVER.c            0x00000000   Number         0  lepton_driver.o ABSOLUTE
    ..\lepton\Src\lepton_i2c.c               0x00000000   Number         0  lepton_i2c.o ABSOLUTE
    ..\lepton_sdk\Src\LEPTON_AGC.c           0x00000000   Number         0  lepton_agc.o ABSOLUTE
    ..\lepton_sdk\Src\LEPTON_I2C_Protocol.c  0x00000000   Number         0  lepton_i2c_protocol.o ABSOLUTE
    ..\lepton_sdk\Src\LEPTON_I2C_Service.c   0x00000000   Number         0  lepton_i2c_service.o ABSOLUTE
    ..\lepton_sdk\Src\LEPTON_SDK.c           0x00000000   Number         0  lepton_sdk.o ABSOLUTE
    ..\lepton_sdk\Src\LEPTON_SYS.c           0x00000000   Number         0  lepton_sys.o ABSOLUTE
    ..\lepton_sdk\Src\LEPTON_VID.c           0x00000000   Number         0  lepton_vid.o ABSOLUTE
    ..\lepton_sdk\Src\crc16fast.c            0x00000000   Number         0  crc16fast.o ABSOLUTE
    ..\lepton_sdk\Src\stm32_i2c.c            0x00000000   Number         0  stm32_i2c.o ABSOLUTE
    ..\tl1771\src\TL1771_Driver.c            0x00000000   Number         0  tl1771_driver.o ABSOLUTE
    cdcmple.s                                0x00000000   Number         0  cdcmple.o ABSOLUTE
    cdrcmple.s                               0x00000000   Number         0  cdrcmple.o ABSOLUTE
    dc.s                                     0x00000000   Number         0  dc.o ABSOLUTE
    handlers.s                               0x00000000   Number         0  handlers.o ABSOLUTE
    init.s                                   0x00000000   Number         0  init.o ABSOLUTE
    startup_stm32f415xx.s                    0x00000000   Number         0  startup_stm32f415xx.o ABSOLUTE
    RESET                                    0x08000000   Section      392  startup_stm32f415xx.o(RESET)
    .ARM.Collect$$$$00000000                 0x08000188   Section        0  entry.o(.ARM.Collect$$$$00000000)
    .ARM.Collect$$$$00000001                 0x08000188   Section        4  entry2.o(.ARM.Collect$$$$00000001)
    .ARM.Collect$$$$00000004                 0x0800018c   Section        4  entry5.o(.ARM.Collect$$$$00000004)
    .ARM.Collect$$$$00000008                 0x08000190   Section        0  entry7b.o(.ARM.Collect$$$$00000008)
    .ARM.Collect$$$$0000000A                 0x08000190   Section        0  entry8b.o(.ARM.Collect$$$$0000000A)
    .ARM.Collect$$$$0000000B                 0x08000190   Section        8  entry9a.o(.ARM.Collect$$$$0000000B)
    .ARM.Collect$$$$0000000D                 0x08000198   Section        0  entry10a.o(.ARM.Collect$$$$0000000D)
    .ARM.Collect$$$$0000000F                 0x08000198   Section        0  entry11a.o(.ARM.Collect$$$$0000000F)
    .ARM.Collect$$$$00002712                 0x08000198   Section        4  entry2.o(.ARM.Collect$$$$00002712)
    __lit__00000000                          0x08000198   Data           4  entry2.o(.ARM.Collect$$$$00002712)
    .text                                    0x0800019c   Section       36  startup_stm32f415xx.o(.text)
    $v0                                      0x0800019c   Number         0  startup_stm32f415xx.o(.text)
    .text                                    0x080001c0   Section        0  dadd.o(.text)
    .text                                    0x0800030e   Section        0  dmul.o(.text)
    .text                                    0x080003f2   Section        0  ddiv.o(.text)
    .text                                    0x080004d0   Section        0  dflti.o(.text)
    .text                                    0x080004f2   Section        0  dfixui.o(.text)
    .text                                    0x08000524   Section        0  f2d.o(.text)
    .text                                    0x0800054a   Section        0  d2f.o(.text)
    .text                                    0x08000582   Section        0  uldiv.o(.text)
    .text                                    0x080005e4   Section        0  llshl.o(.text)
    .text                                    0x08000602   Section        0  llushr.o(.text)
    .text                                    0x08000622   Section        0  llsshr.o(.text)
    .text                                    0x08000646   Section        0  fepilogue.o(.text)
    .text                                    0x08000646   Section        0  iusefp.o(.text)
    .text                                    0x080006b4   Section        0  depilogue.o(.text)
    .text                                    0x08000770   Section       36  init.o(.text)
    i.BusFault_Handler                       0x08000794   Section        0  stm32f4xx_it.o(i.BusFault_Handler)
    i.ByteCRC16                              0x08000798   Section        0  crc16fast.o(i.ByteCRC16)
    i.CalcCRC16Words                         0x080007b0   Section        0  crc16fast.o(i.CalcCRC16Words)
    i.DEV_I2C_MasterInit                     0x080007d4   Section        0  stm32_i2c.o(i.DEV_I2C_MasterInit)
    i.DEV_I2C_MasterReadData                 0x080007d8   Section        0  stm32_i2c.o(i.DEV_I2C_MasterReadData)
    i.DEV_I2C_MasterWriteData                0x08000864   Section        0  stm32_i2c.o(i.DEV_I2C_MasterWriteData)
    i.DebugMon_Handler                       0x080008e0   Section        0  stm32f4xx_it.o(i.DebugMon_Handler)
    i.Frametransfer                          0x080008e4   Section        0  lepton_driver.o(i.Frametransfer)
    i.HAL_Delay                              0x08000968   Section        0  stm32f4xx_hal.o(i.HAL_Delay)
    i.HAL_GPIO_Init                          0x08000980   Section        0  stm32f4xx_hal_gpio.o(i.HAL_GPIO_Init)
    i.HAL_GPIO_WritePin                      0x08000b40   Section        0  stm32f4xx_hal_gpio.o(i.HAL_GPIO_WritePin)
    i.HAL_GetTick                            0x08000b4c   Section        0  stm32f4xx_hal.o(i.HAL_GetTick)
    i.HAL_I2C_Init                           0x08000b58   Section        0  stm32f4xx_hal_i2c.o(i.HAL_I2C_Init)
    i.HAL_I2C_Master_Transmit                0x08000c60   Section        0  stm32f4xx_hal_i2c.o(i.HAL_I2C_Master_Transmit)
    i.HAL_I2C_Mem_Read                       0x08000d9c   Section        0  stm32f4xx_hal_i2c.o(i.HAL_I2C_Mem_Read)
    i.HAL_I2C_MspInit                        0x08000f70   Section        0  stm32f4xx_hal_msp.o(i.HAL_I2C_MspInit)
    i.HAL_IncTick                            0x08000fbc   Section        0  stm32f4xx_hal.o(i.HAL_IncTick)
    i.HAL_Init                               0x08000fcc   Section        0  stm32f4xx_hal.o(i.HAL_Init)
    i.HAL_InitTick                           0x08001000   Section        0  stm32f4xx_hal.o(i.HAL_InitTick)
    i.HAL_MspInit                            0x08001022   Section        0  stm32f4xx_hal_msp.o(i.HAL_MspInit)
    i.HAL_NVIC_SetPriority                   0x08001068   Section        0  stm32f4xx_hal_cortex.o(i.HAL_NVIC_SetPriority)
    i.HAL_NVIC_SetPriorityGrouping           0x080010a8   Section        0  stm32f4xx_hal_cortex.o(i.HAL_NVIC_SetPriorityGrouping)
    i.HAL_RCC_CSSCallback                    0x080010cc   Section        0  stm32f4xx_hal_rcc.o(i.HAL_RCC_CSSCallback)
    i.HAL_RCC_ClockConfig                    0x080010d0   Section        0  stm32f4xx_hal_rcc.o(i.HAL_RCC_ClockConfig)
    i.HAL_RCC_EnableCSS                      0x08001210   Section        0  stm32f4xx_hal_rcc.o(i.HAL_RCC_EnableCSS)
    i.HAL_RCC_GetHCLKFreq                    0x0800121c   Section        0  stm32f4xx_hal_rcc.o(i.HAL_RCC_GetHCLKFreq)
    i.HAL_RCC_GetPCLK1Freq                   0x08001250   Section        0  stm32f4xx_hal_rcc.o(i.HAL_RCC_GetPCLK1Freq)
    i.HAL_RCC_GetPCLK2Freq                   0x0800127c   Section        0  stm32f4xx_hal_rcc.o(i.HAL_RCC_GetPCLK2Freq)
    i.HAL_RCC_GetSysClockFreq                0x080012a8   Section        0  stm32f4xx_hal_rcc.o(i.HAL_RCC_GetSysClockFreq)
    i.HAL_RCC_MCOConfig                      0x0800131c   Section        0  stm32f4xx_hal_rcc.o(i.HAL_RCC_MCOConfig)
    i.HAL_RCC_NMI_IRQHandler                 0x080013a8   Section        0  stm32f4xx_hal_rcc.o(i.HAL_RCC_NMI_IRQHandler)
    i.HAL_RCC_OscConfig                      0x080013c4   Section        0  stm32f4xx_hal_rcc.o(i.HAL_RCC_OscConfig)
    i.HAL_SPI_Init                           0x080016a8   Section        0  stm32f4xx_hal_spi.o(i.HAL_SPI_Init)
    i.HAL_SPI_MspInit                        0x08001734   Section        0  stm32f4xx_hal_msp.o(i.HAL_SPI_MspInit)
    i.HAL_SPI_Receive                        0x08001780   Section        0  stm32f4xx_hal_spi.o(i.HAL_SPI_Receive)
    i.HAL_SPI_TransmitReceive                0x08001978   Section        0  stm32f4xx_hal_spi.o(i.HAL_SPI_TransmitReceive)
    i.HAL_SYSTICK_CLKSourceConfig            0x08001b7a   Section        0  stm32f4xx_hal_cortex.o(i.HAL_SYSTICK_CLKSourceConfig)
    i.HAL_SYSTICK_Callback                   0x08001b92   Section        0  stm32f4xx_hal_cortex.o(i.HAL_SYSTICK_Callback)
    i.HAL_SYSTICK_Config                     0x08001b94   Section        0  stm32f4xx_hal_cortex.o(i.HAL_SYSTICK_Config)
    i.HAL_SYSTICK_IRQHandler                 0x08001bbc   Section        0  stm32f4xx_hal_cortex.o(i.HAL_SYSTICK_IRQHandler)
    i.HAL_UART_Init                          0x08001bc4   Section        0  stm32f4xx_hal_uart.o(i.HAL_UART_Init)
    i.HAL_UART_MspInit                       0x08001c28   Section        0  stm32f4xx_hal_msp.o(i.HAL_UART_MspInit)
    i.HAL_UART_Transmit                      0x08001c74   Section        0  stm32f4xx_hal_uart.o(i.HAL_UART_Transmit)
    i.HardFault_Handler                      0x08001d1e   Section        0  stm32f4xx_it.o(i.HardFault_Handler)
    i.I2C_IsAcknowledgeFailed                0x08001d20   Section        0  stm32f4xx_hal_i2c.o(i.I2C_IsAcknowledgeFailed)
    I2C_IsAcknowledgeFailed                  0x08001d21   Thumb Code    40  stm32f4xx_hal_i2c.o(i.I2C_IsAcknowledgeFailed)
    i.I2C_MasterRequestWrite                 0x08001d48   Section        0  stm32f4xx_hal_i2c.o(i.I2C_MasterRequestWrite)
    I2C_MasterRequestWrite                   0x08001d49   Thumb Code   138  stm32f4xx_hal_i2c.o(i.I2C_MasterRequestWrite)
    i.I2C_RequestMemoryRead                  0x08001dd8   Section        0  stm32f4xx_hal_i2c.o(i.I2C_RequestMemoryRead)
    I2C_RequestMemoryRead                    0x08001dd9   Thumb Code   226  stm32f4xx_hal_i2c.o(i.I2C_RequestMemoryRead)
    i.I2C_WaitOnFlagUntilTimeout             0x08001eba   Section        0  stm32f4xx_hal_i2c.o(i.I2C_WaitOnFlagUntilTimeout)
    I2C_WaitOnFlagUntilTimeout               0x08001ebb   Thumb Code   142  stm32f4xx_hal_i2c.o(i.I2C_WaitOnFlagUntilTimeout)
    i.I2C_WaitOnMasterAddressFlagUntilTimeout 0x08001f48   Section        0  stm32f4xx_hal_i2c.o(i.I2C_WaitOnMasterAddressFlagUntilTimeout)
    I2C_WaitOnMasterAddressFlagUntilTimeout  0x08001f49   Thumb Code   140  stm32f4xx_hal_i2c.o(i.I2C_WaitOnMasterAddressFlagUntilTimeout)
    i.I2C_WaitOnRXNEFlagUntilTimeout         0x08001fd4   Section        0  stm32f4xx_hal_i2c.o(i.I2C_WaitOnRXNEFlagUntilTimeout)
    I2C_WaitOnRXNEFlagUntilTimeout           0x08001fd5   Thumb Code   104  stm32f4xx_hal_i2c.o(i.I2C_WaitOnRXNEFlagUntilTimeout)
    i.I2C_WaitOnTXEFlagUntilTimeout          0x0800203c   Section        0  stm32f4xx_hal_i2c.o(i.I2C_WaitOnTXEFlagUntilTimeout)
    I2C_WaitOnTXEFlagUntilTimeout            0x0800203d   Thumb Code    82  stm32f4xx_hal_i2c.o(i.I2C_WaitOnTXEFlagUntilTimeout)
    i.LCD_Clear                              0x0800208e   Section        0  tl1771_driver.o(i.LCD_Clear)
    i.LCD_Init                               0x080020b4   Section        0  tl1771_driver.o(i.LCD_Init)
    i.LCD_SetDispAddr                        0x08002304   Section        0  tl1771_driver.o(i.LCD_SetDispAddr)
    i.LCD_SetWindos                          0x08002320   Section        0  tl1771_driver.o(i.LCD_SetWindos)
    i.LCD_Write_Cmd                          0x0800234e   Section        0  tl1771_driver.o(i.LCD_Write_Cmd)
    i.LCD_Write_Data                         0x08002360   Section        0  tl1771_driver.o(i.LCD_Write_Data)
    i.LCD_Write_Reg                          0x0800242c   Section        0  tl1771_driver.o(i.LCD_Write_Reg)
    i.LEP_GetAgcEnableState                  0x080024f8   Section        0  lepton_agc.o(i.LEP_GetAgcEnableState)
    i.LEP_GetAttribute                       0x0800250a   Section        0  lepton_sdk.o(i.LEP_GetAttribute)
    i.LEP_GetSDKVersion                      0x0800253a   Section        0  lepton_sdk.o(i.LEP_GetSDKVersion)
    i.LEP_GetSysAuxTemperatureCelcius        0x08002550   Section        0  lepton_sys.o(i.LEP_GetSysAuxTemperatureCelcius)
    i.LEP_GetSysAuxTemperatureKelvin         0x080025a4   Section        0  lepton_sys.o(i.LEP_GetSysAuxTemperatureKelvin)
    i.LEP_GetSysCameraUpTime                 0x080025b8   Section        0  lepton_sys.o(i.LEP_GetSysCameraUpTime)
    i.LEP_GetSysCustSerialNumber             0x080025cc   Section        0  lepton_sys.o(i.LEP_GetSysCustSerialNumber)
    i.LEP_GetSysFlirSerialNumber             0x080025e0   Section        0  lepton_sys.o(i.LEP_GetSysFlirSerialNumber)
    i.LEP_GetSysFpaTemperatureCelcius        0x080025f4   Section        0  lepton_sys.o(i.LEP_GetSysFpaTemperatureCelcius)
    i.LEP_GetSysFpaTemperatureKelvin         0x08002648   Section        0  lepton_sys.o(i.LEP_GetSysFpaTemperatureKelvin)
    i.LEP_I2C_GetAttribute                   0x0800265c   Section        0  lepton_i2c_protocol.o(i.LEP_I2C_GetAttribute)
    i.LEP_I2C_MasterOpen                     0x08002746   Section        0  lepton_i2c_service.o(i.LEP_I2C_MasterOpen)
    i.LEP_I2C_MasterReadData                 0x0800274a   Section        0  lepton_i2c_service.o(i.LEP_I2C_MasterReadData)
    i.LEP_I2C_MasterWriteData                0x08002760   Section        0  lepton_i2c_service.o(i.LEP_I2C_MasterWriteData)
    i.LEP_I2C_OpenPort                       0x08002776   Section        0  lepton_i2c_protocol.o(i.LEP_I2C_OpenPort)
    i.LEP_I2C_SetAttribute                   0x080027b8   Section        0  lepton_i2c_protocol.o(i.LEP_I2C_SetAttribute)
    i.LEP_OpenPort                           0x0800288a   Section        0  lepton_sdk.o(i.LEP_OpenPort)
    i.LEP_SetAgcCalcEnableState              0x080028d0   Section        0  lepton_agc.o(i.LEP_SetAgcCalcEnableState)
    i.LEP_SetAgcEnableState                  0x080028ec   Section        0  lepton_agc.o(i.LEP_SetAgcEnableState)
    i.LEP_SetAgcPolicy                       0x08002908   Section        0  lepton_agc.o(i.LEP_SetAgcPolicy)
    i.LEP_SetAttribute                       0x08002924   Section        0  lepton_sdk.o(i.LEP_SetAttribute)
    i.Lepton_Init                            0x08002950   Section        0  lepton_driver.o(i.Lepton_Init)
    i.MX_GPIO_Init                           0x08002990   Section        0  main.o(i.MX_GPIO_Init)
    MX_GPIO_Init                             0x08002991   Thumb Code   202  main.o(i.MX_GPIO_Init)
    i.MX_SPI1_Init                           0x08002a6c   Section        0  main.o(i.MX_SPI1_Init)
    MX_SPI1_Init                             0x08002a6d   Thumb Code    52  main.o(i.MX_SPI1_Init)
    i.MemManage_Handler                      0x08002aa8   Section        0  stm32f4xx_it.o(i.MemManage_Handler)
    i.NMI_Handler                            0x08002aaa   Section        0  stm32f4xx_it.o(i.NMI_Handler)
    i.NVIC_SetPriority                       0x08002aae   Section        0  stm32f4xx_hal_cortex.o(i.NVIC_SetPriority)
    NVIC_SetPriority                         0x08002aaf   Thumb Code    32  stm32f4xx_hal_cortex.o(i.NVIC_SetPriority)
    i.RGB565                                 0x08002ace   Section        0  lepton_driver.o(i.RGB565)
    i.SPI_CheckFlag_BSY                      0x08002ade   Section        0  stm32f4xx_hal_spi.o(i.SPI_CheckFlag_BSY)
    SPI_CheckFlag_BSY                        0x08002adf   Thumb Code    32  stm32f4xx_hal_spi.o(i.SPI_CheckFlag_BSY)
    i.SPI_CheckForDisablingSPI               0x08002afe   Section        0  stm32f4xx_hal_spi.o(i.SPI_CheckForDisablingSPI)
    SPI_CheckForDisablingSPI                 0x08002aff   Thumb Code    36  stm32f4xx_hal_spi.o(i.SPI_CheckForDisablingSPI)
    i.SPI_WaitFlagStateUntilTimeout          0x08002b22   Section        0  stm32f4xx_hal_spi.o(i.SPI_WaitFlagStateUntilTimeout)
    SPI_WaitFlagStateUntilTimeout            0x08002b23   Thumb Code   140  stm32f4xx_hal_spi.o(i.SPI_WaitFlagStateUntilTimeout)
    i.SysTick_Handler                        0x08002bae   Section        0  stm32f4xx_it.o(i.SysTick_Handler)
    i.SystemClock_Config                     0x08002bbc   Section        0  main.o(i.SystemClock_Config)
    i.SystemInit                             0x08002c5c   Section        0  system_stm32f4xx.o(i.SystemInit)
    i.TermoClr                               0x08002cb0   Section        0  lepton_driver.o(i.TermoClr)
    i.UART_SetConfig                         0x08002d5c   Section        0  stm32f4xx_hal_uart.o(i.UART_SetConfig)
    UART_SetConfig                           0x08002d5d   Thumb Code   676  stm32f4xx_hal_uart.o(i.UART_SetConfig)
    i.UART_WaitOnFlagUntilTimeout            0x08003008   Section        0  stm32f4xx_hal_uart.o(i.UART_WaitOnFlagUntilTimeout)
    UART_WaitOnFlagUntilTimeout              0x08003009   Thumb Code   150  stm32f4xx_hal_uart.o(i.UART_WaitOnFlagUntilTimeout)
    i.UsageFault_Handler                     0x0800309e   Section        0  stm32f4xx_it.o(i.UsageFault_Handler)
    i.__0printf$8                            0x080030a0   Section        0  printf8.o(i.__0printf$8)
    i.__scatterload_copy                     0x080030c0   Section       14  handlers.o(i.__scatterload_copy)
    i.__scatterload_null                     0x080030ce   Section        2  handlers.o(i.__scatterload_null)
    i.__scatterload_zeroinit                 0x080030d0   Section       14  handlers.o(i.__scatterload_zeroinit)
    i._printf_core                           0x080030e0   Section        0  printf8.o(i._printf_core)
    _printf_core                             0x080030e1   Thumb Code   996  printf8.o(i._printf_core)
    i._printf_post_padding                   0x080034f0   Section        0  printf8.o(i._printf_post_padding)
    _printf_post_padding                     0x080034f1   Thumb Code    36  printf8.o(i._printf_post_padding)
    i._printf_pre_padding                    0x08003514   Section        0  printf8.o(i._printf_pre_padding)
    _printf_pre_padding                      0x08003515   Thumb Code    46  printf8.o(i._printf_pre_padding)
    i.enable_lepton_agc                      0x08003544   Section        0  lepton_i2c.o(i.enable_lepton_agc)
    i.fputc                                  0x08003630   Section        0  main.o(i.fputc)
    i.free                                   0x0800364c   Section        0  malloc.o(i.free)
    i.init_lepton_command_interface          0x0800369c   Section        0  lepton_i2c.o(i.init_lepton_command_interface)
    i.main                                   0x080038a0   Section        0  main.o(i.main)
    i.malloc                                 0x08003a30   Section        0  malloc.o(i.malloc)
    i.nnop                                   0x08003a9c   Section        0  tl1771_driver.o(i.nnop)
    i.print_aux_temp_celcius                 0x08003aa8   Section        0  lepton_i2c.o(i.print_aux_temp_celcius)
    print_aux_temp_celcius                   0x08003aa9   Thumb Code    76  lepton_i2c.o(i.print_aux_temp_celcius)
    i.print_cust_serial_number               0x08003b1c   Section        0  lepton_i2c.o(i.print_cust_serial_number)
    print_cust_serial_number                 0x08003b1d   Thumb Code    62  lepton_i2c.o(i.print_cust_serial_number)
    i.print_fpa_temp_celcius                 0x08003bbc   Section        0  lepton_i2c.o(i.print_fpa_temp_celcius)
    print_fpa_temp_celcius                   0x08003bbd   Thumb Code    76  lepton_i2c.o(i.print_fpa_temp_celcius)
    .constdata                               0x08003c34   Section       16  stm32f4xx_hal_rcc.o(.constdata)
    .constdata                               0x08003c44   Section      512  crc16fast.o(.constdata)
    .data                                    0x20000000   Section        4  stm32f4xx_hal.o(.data)
    .data                                    0x20000004   Section        8  main.o(.data)
    .data                                    0x2000000c   Section        4  system_stm32f4xx.o(.data)
    .data                                    0x20000010   Section        4  stdout.o(.data)
    .data                                    0x20000014   Section        4  mvars.o(.data)
    .data                                    0x20000018   Section        4  mvars.o(.data)
    .bss                                     0x2000001c   Section    13020  main.o(.bss)
    HEAP                                     0x200032f8   Section      512  startup_stm32f415xx.o(HEAP)
    STACK                                    0x200034f8   Section     1024  startup_stm32f415xx.o(STACK)

    Global Symbols

    Symbol Name                              Value     Ov Type        Size  Object(Section)

    BuildAttributes$$THM_ISAv4$E$P$D$K$B$S$7EM$VFPi3$EXTD16$VFPS$VFMA$PE$A:L22UL41UL21$X:L11$S22US41US21$IEEE1$IW$USESV6$~STKCKD$USESV7$~SHL$OTIME$ROPI$IEEEX$EBA8$MICROLIB$REQ8$PRES8$EABIv2 0x00000000   Number         0  anon$$obj.o ABSOLUTE
    __ARM_use_no_argv                        0x00000000   Number         0  main.o ABSOLUTE
    _printf_a                                0x00000000   Number         0  stubs.o ABSOLUTE
    _printf_c                                0x00000000   Number         0  stubs.o ABSOLUTE
    _printf_charcount                        0x00000000   Number         0  stubs.o ABSOLUTE
    _printf_d                                0x00000000   Number         0  stubs.o ABSOLUTE
    _printf_e                                0x00000000   Number         0  stubs.o ABSOLUTE
    _printf_f                                0x00000000   Number         0  stubs.o ABSOLUTE
    _printf_flags                            0x00000000   Number         0  stubs.o ABSOLUTE
    _printf_fp_dec                           0x00000000   Number         0  stubs.o ABSOLUTE
    _printf_fp_hex                           0x00000000   Number         0  stubs.o ABSOLUTE
    _printf_g                                0x00000000   Number         0  stubs.o ABSOLUTE
    _printf_i                                0x00000000   Number         0  stubs.o ABSOLUTE
    _printf_int_dec                          0x00000000   Number         0  stubs.o ABSOLUTE
    _printf_l                                0x00000000   Number         0  stubs.o ABSOLUTE
    _printf_lc                               0x00000000   Number         0  stubs.o ABSOLUTE
    _printf_ll                               0x00000000   Number         0  stubs.o ABSOLUTE
    _printf_lld                              0x00000000   Number         0  stubs.o ABSOLUTE
    _printf_lli                              0x00000000   Number         0  stubs.o ABSOLUTE
    _printf_llo                              0x00000000   Number         0  stubs.o ABSOLUTE
    _printf_llu                              0x00000000   Number         0  stubs.o ABSOLUTE
    _printf_llx                              0x00000000   Number         0  stubs.o ABSOLUTE
    _printf_longlong_dec                     0x00000000   Number         0  stubs.o ABSOLUTE
    _printf_longlong_hex                     0x00000000   Number         0  stubs.o ABSOLUTE
    _printf_longlong_oct                     0x00000000   Number         0  stubs.o ABSOLUTE
    _printf_ls                               0x00000000   Number         0  stubs.o ABSOLUTE
    _printf_mbtowc                           0x00000000   Number         0  stubs.o ABSOLUTE
    _printf_n                                0x00000000   Number         0  stubs.o ABSOLUTE
    _printf_o                                0x00000000   Number         0  stubs.o ABSOLUTE
    _printf_p                                0x00000000   Number         0  stubs.o ABSOLUTE
    _printf_percent                          0x00000000   Number         0  stubs.o ABSOLUTE
    _printf_pre_padding                      0x00000000   Number         0  stubs.o ABSOLUTE
    _printf_return_value                     0x00000000   Number         0  stubs.o ABSOLUTE
    _printf_s                                0x00000000   Number         0  stubs.o ABSOLUTE
    _printf_sizespec                         0x00000000   Number         0  stubs.o ABSOLUTE
    _printf_str                              0x00000000   Number         0  stubs.o ABSOLUTE
    _printf_truncate_signed                  0x00000000   Number         0  stubs.o ABSOLUTE
    _printf_truncate_unsigned                0x00000000   Number         0  stubs.o ABSOLUTE
    _printf_u                                0x00000000   Number         0  stubs.o ABSOLUTE
    _printf_wc                               0x00000000   Number         0  stubs.o ABSOLUTE
    _printf_wctomb                           0x00000000   Number         0  stubs.o ABSOLUTE
    _printf_widthprec                        0x00000000   Number         0  stubs.o ABSOLUTE
    _printf_x                                0x00000000   Number         0  stubs.o ABSOLUTE
    __cpp_initialize__aeabi_                  - Undefined Weak Reference
    __cxa_finalize                            - Undefined Weak Reference
    __decompress                              - Undefined Weak Reference
    _clock_init                               - Undefined Weak Reference
    _microlib_exit                            - Undefined Weak Reference
    __Vectors_Size                           0x00000188   Number         0  startup_stm32f415xx.o ABSOLUTE
    __Vectors                                0x08000000   Data           4  startup_stm32f415xx.o(RESET)
    __Vectors_End                            0x08000188   Data           0  startup_stm32f415xx.o(RESET)
    __main                                   0x08000189   Thumb Code     0  entry.o(.ARM.Collect$$$$00000000)
    _main_stk                                0x08000189   Thumb Code     0  entry2.o(.ARM.Collect$$$$00000001)
    _main_scatterload                        0x0800018d   Thumb Code     0  entry5.o(.ARM.Collect$$$$00000004)
    __main_after_scatterload                 0x08000191   Thumb Code     0  entry5.o(.ARM.Collect$$$$00000004)
    _main_clock                              0x08000191   Thumb Code     0  entry7b.o(.ARM.Collect$$$$00000008)
    _main_cpp_init                           0x08000191   Thumb Code     0  entry8b.o(.ARM.Collect$$$$0000000A)
    _main_init                               0x08000191   Thumb Code     0  entry9a.o(.ARM.Collect$$$$0000000B)
    __rt_final_cpp                           0x08000199   Thumb Code     0  entry10a.o(.ARM.Collect$$$$0000000D)
    __rt_final_exit                          0x08000199   Thumb Code     0  entry11a.o(.ARM.Collect$$$$0000000F)
    Reset_Handler                            0x0800019d   Thumb Code     8  startup_stm32f415xx.o(.text)
    SVC_Handler                              0x080001af   Thumb Code     2  startup_stm32f415xx.o(.text)
    PendSV_Handler                           0x080001b3   Thumb Code     2  startup_stm32f415xx.o(.text)
    ADC_IRQHandler                           0x080001b7   Thumb Code     0  startup_stm32f415xx.o(.text)
    CAN1_RX0_IRQHandler                      0x080001b7   Thumb Code     0  startup_stm32f415xx.o(.text)
    CAN1_RX1_IRQHandler                      0x080001b7   Thumb Code     0  startup_stm32f415xx.o(.text)
    CAN1_SCE_IRQHandler                      0x080001b7   Thumb Code     0  startup_stm32f415xx.o(.text)
    CAN1_TX_IRQHandler                       0x080001b7   Thumb Code     0  startup_stm32f415xx.o(.text)
    CAN2_RX0_IRQHandler                      0x080001b7   Thumb Code     0  startup_stm32f415xx.o(.text)
    CAN2_RX1_IRQHandler                      0x080001b7   Thumb Code     0  startup_stm32f415xx.o(.text)
    CAN2_SCE_IRQHandler                      0x080001b7   Thumb Code     0  startup_stm32f415xx.o(.text)
    CAN2_TX_IRQHandler                       0x080001b7   Thumb Code     0  startup_stm32f415xx.o(.text)
    CRYP_IRQHandler                          0x080001b7   Thumb Code     0  startup_stm32f415xx.o(.text)
    DMA1_Stream0_IRQHandler                  0x080001b7   Thumb Code     0  startup_stm32f415xx.o(.text)
    DMA1_Stream1_IRQHandler                  0x080001b7   Thumb Code     0  startup_stm32f415xx.o(.text)
    DMA1_Stream2_IRQHandler                  0x080001b7   Thumb Code     0  startup_stm32f415xx.o(.text)
    DMA1_Stream3_IRQHandler                  0x080001b7   Thumb Code     0  startup_stm32f415xx.o(.text)
    DMA1_Stream4_IRQHandler                  0x080001b7   Thumb Code     0  startup_stm32f415xx.o(.text)
    DMA1_Stream5_IRQHandler                  0x080001b7   Thumb Code     0  startup_stm32f415xx.o(.text)
    DMA1_Stream6_IRQHandler                  0x080001b7   Thumb Code     0  startup_stm32f415xx.o(.text)
    DMA1_Stream7_IRQHandler                  0x080001b7   Thumb Code     0  startup_stm32f415xx.o(.text)
    DMA2_Stream0_IRQHandler                  0x080001b7   Thumb Code     0  startup_stm32f415xx.o(.text)
    DMA2_Stream1_IRQHandler                  0x080001b7   Thumb Code     0  startup_stm32f415xx.o(.text)
    DMA2_Stream2_IRQHandler                  0x080001b7   Thumb Code     0  startup_stm32f415xx.o(.text)
    DMA2_Stream3_IRQHandler                  0x080001b7   Thumb Code     0  startup_stm32f415xx.o(.text)
    DMA2_Stream4_IRQHandler                  0x080001b7   Thumb Code     0  startup_stm32f415xx.o(.text)
    DMA2_Stream5_IRQHandler                  0x080001b7   Thumb Code     0  startup_stm32f415xx.o(.text)
    DMA2_Stream6_IRQHandler                  0x080001b7   Thumb Code     0  startup_stm32f415xx.o(.text)
    DMA2_Stream7_IRQHandler                  0x080001b7   Thumb Code     0  startup_stm32f415xx.o(.text)
    EXTI0_IRQHandler                         0x080001b7   Thumb Code     0  startup_stm32f415xx.o(.text)
    EXTI15_10_IRQHandler                     0x080001b7   Thumb Code     0  startup_stm32f415xx.o(.text)
    EXTI1_IRQHandler                         0x080001b7   Thumb Code     0  startup_stm32f415xx.o(.text)
    EXTI2_IRQHandler                         0x080001b7   Thumb Code     0  startup_stm32f415xx.o(.text)
    EXTI3_IRQHandler                         0x080001b7   Thumb Code     0  startup_stm32f415xx.o(.text)
    EXTI4_IRQHandler                         0x080001b7   Thumb Code     0  startup_stm32f415xx.o(.text)
    EXTI9_5_IRQHandler                       0x080001b7   Thumb Code     0  startup_stm32f415xx.o(.text)
    FLASH_IRQHandler                         0x080001b7   Thumb Code     0  startup_stm32f415xx.o(.text)
    FMC_IRQHandler                           0x080001b7   Thumb Code     0  startup_stm32f415xx.o(.text)
    FPU_IRQHandler                           0x080001b7   Thumb Code     0  startup_stm32f415xx.o(.text)
    HASH_RNG_IRQHandler                      0x080001b7   Thumb Code     0  startup_stm32f415xx.o(.text)
    I2C1_ER_IRQHandler                       0x080001b7   Thumb Code     0  startup_stm32f415xx.o(.text)
    I2C1_EV_IRQHandler                       0x080001b7   Thumb Code     0  startup_stm32f415xx.o(.text)
    I2C2_ER_IRQHandler                       0x080001b7   Thumb Code     0  startup_stm32f415xx.o(.text)
    I2C2_EV_IRQHandler                       0x080001b7   Thumb Code     0  startup_stm32f415xx.o(.text)
    I2C3_ER_IRQHandler                       0x080001b7   Thumb Code     0  startup_stm32f415xx.o(.text)
    I2C3_EV_IRQHandler                       0x080001b7   Thumb Code     0  startup_stm32f415xx.o(.text)
    OTG_FS_IRQHandler                        0x080001b7   Thumb Code     0  startup_stm32f415xx.o(.text)
    OTG_FS_WKUP_IRQHandler                   0x080001b7   Thumb Code     0  startup_stm32f415xx.o(.text)
    OTG_HS_EP1_IN_IRQHandler                 0x080001b7   Thumb Code     0  startup_stm32f415xx.o(.text)
    OTG_HS_EP1_OUT_IRQHandler                0x080001b7   Thumb Code     0  startup_stm32f415xx.o(.text)
    OTG_HS_IRQHandler                        0x080001b7   Thumb Code     0  startup_stm32f415xx.o(.text)
    OTG_HS_WKUP_IRQHandler                   0x080001b7   Thumb Code     0  startup_stm32f415xx.o(.text)
    PVD_IRQHandler                           0x080001b7   Thumb Code     0  startup_stm32f415xx.o(.text)
    RCC_IRQHandler                           0x080001b7   Thumb Code     0  startup_stm32f415xx.o(.text)
    RTC_Alarm_IRQHandler                     0x080001b7   Thumb Code     0  startup_stm32f415xx.o(.text)
    RTC_WKUP_IRQHandler                      0x080001b7   Thumb Code     0  startup_stm32f415xx.o(.text)
    SDIO_IRQHandler                          0x080001b7   Thumb Code     0  startup_stm32f415xx.o(.text)
    SPI1_IRQHandler                          0x080001b7   Thumb Code     0  startup_stm32f415xx.o(.text)
    SPI2_IRQHandler                          0x080001b7   Thumb Code     0  startup_stm32f415xx.o(.text)
    SPI3_IRQHandler                          0x080001b7   Thumb Code     0  startup_stm32f415xx.o(.text)
    TAMP_STAMP_IRQHandler                    0x080001b7   Thumb Code     0  startup_stm32f415xx.o(.text)
    TIM1_BRK_TIM9_IRQHandler                 0x080001b7   Thumb Code     0  startup_stm32f415xx.o(.text)
    TIM1_CC_IRQHandler                       0x080001b7   Thumb Code     0  startup_stm32f415xx.o(.text)
    TIM1_TRG_COM_TIM11_IRQHandler            0x080001b7   Thumb Code     0  startup_stm32f415xx.o(.text)
    TIM1_UP_TIM10_IRQHandler                 0x080001b7   Thumb Code     0  startup_stm32f415xx.o(.text)
    TIM2_IRQHandler                          0x080001b7   Thumb Code     0  startup_stm32f415xx.o(.text)
    TIM3_IRQHandler                          0x080001b7   Thumb Code     0  startup_stm32f415xx.o(.text)
    TIM4_IRQHandler                          0x080001b7   Thumb Code     0  startup_stm32f415xx.o(.text)
    TIM5_IRQHandler                          0x080001b7   Thumb Code     0  startup_stm32f415xx.o(.text)
    TIM6_DAC_IRQHandler                      0x080001b7   Thumb Code     0  startup_stm32f415xx.o(.text)
    TIM7_IRQHandler                          0x080001b7   Thumb Code     0  startup_stm32f415xx.o(.text)
    TIM8_BRK_TIM12_IRQHandler                0x080001b7   Thumb Code     0  startup_stm32f415xx.o(.text)
    TIM8_CC_IRQHandler                       0x080001b7   Thumb Code     0  startup_stm32f415xx.o(.text)
    TIM8_TRG_COM_TIM14_IRQHandler            0x080001b7   Thumb Code     0  startup_stm32f415xx.o(.text)
    TIM8_UP_TIM13_IRQHandler                 0x080001b7   Thumb Code     0  startup_stm32f415xx.o(.text)
    UART4_IRQHandler                         0x080001b7   Thumb Code     0  startup_stm32f415xx.o(.text)
    UART5_IRQHandler                         0x080001b7   Thumb Code     0  startup_stm32f415xx.o(.text)
    USART1_IRQHandler                        0x080001b7   Thumb Code     0  startup_stm32f415xx.o(.text)
    USART2_IRQHandler                        0x080001b7   Thumb Code     0  startup_stm32f415xx.o(.text)
    USART3_IRQHandler                        0x080001b7   Thumb Code     0  startup_stm32f415xx.o(.text)
    USART6_IRQHandler                        0x080001b7   Thumb Code     0  startup_stm32f415xx.o(.text)
    WWDG_IRQHandler                          0x080001b7   Thumb Code     0  startup_stm32f415xx.o(.text)
    __aeabi_dadd                             0x080001c1   Thumb Code   322  dadd.o(.text)
    __aeabi_dsub                             0x08000303   Thumb Code     6  dadd.o(.text)
    __aeabi_drsub                            0x08000309   Thumb Code     6  dadd.o(.text)
    __aeabi_dmul                             0x0800030f   Thumb Code   228  dmul.o(.text)
    __aeabi_ddiv                             0x080003f3   Thumb Code   222  ddiv.o(.text)
    __aeabi_i2d                              0x080004d1   Thumb Code    34  dflti.o(.text)
    __aeabi_d2uiz                            0x080004f3   Thumb Code    50  dfixui.o(.text)
    __aeabi_f2d                              0x08000525   Thumb Code    38  f2d.o(.text)
    __aeabi_d2f                              0x0800054b   Thumb Code    56  d2f.o(.text)
    __aeabi_uldivmod                         0x08000583   Thumb Code    98  uldiv.o(.text)
    __aeabi_llsl                             0x080005e5   Thumb Code    30  llshl.o(.text)
    _ll_shift_l                              0x080005e5   Thumb Code     0  llshl.o(.text)
    __aeabi_llsr                             0x08000603   Thumb Code    32  llushr.o(.text)
    _ll_ushift_r                             0x08000603   Thumb Code     0  llushr.o(.text)
    __aeabi_lasr                             0x08000623   Thumb Code    36  llsshr.o(.text)
    _ll_sshift_r                             0x08000623   Thumb Code     0  llsshr.o(.text)
    __I$use$fp                               0x08000647   Thumb Code     0  iusefp.o(.text)
    _float_round                             0x08000647   Thumb Code    18  fepilogue.o(.text)
    _float_epilogue                          0x08000659   Thumb Code    92  fepilogue.o(.text)
    _double_round                            0x080006b5   Thumb Code    30  depilogue.o(.text)
    _double_epilogue                         0x080006d3   Thumb Code   156  depilogue.o(.text)
    __scatterload                            0x08000771   Thumb Code    28  init.o(.text)
    __scatterload_rt2                        0x08000771   Thumb Code     0  init.o(.text)
    BusFault_Handler                         0x08000795   Thumb Code     2  stm32f4xx_it.o(i.BusFault_Handler)
    ByteCRC16                                0x08000799   Thumb Code    20  crc16fast.o(i.ByteCRC16)
    CalcCRC16Words                           0x080007b1   Thumb Code    36  crc16fast.o(i.CalcCRC16Words)
    DEV_I2C_MasterInit                       0x080007d5   Thumb Code     4  stm32_i2c.o(i.DEV_I2C_MasterInit)
    DEV_I2C_MasterReadData                   0x080007d9   Thumb Code   134  stm32_i2c.o(i.DEV_I2C_MasterReadData)
    DEV_I2C_MasterWriteData                  0x08000865   Thumb Code   120  stm32_i2c.o(i.DEV_I2C_MasterWriteData)
    DebugMon_Handler                         0x080008e1   Thumb Code     2  stm32f4xx_it.o(i.DebugMon_Handler)
    Frametransfer                            0x080008e5   Thumb Code   110  lepton_driver.o(i.Frametransfer)
    HAL_Delay                                0x08000969   Thumb Code    22  stm32f4xx_hal.o(i.HAL_Delay)
    HAL_GPIO_Init                            0x08000981   Thumb Code   398  stm32f4xx_hal_gpio.o(i.HAL_GPIO_Init)
    HAL_GPIO_WritePin                        0x08000b41   Thumb Code    10  stm32f4xx_hal_gpio.o(i.HAL_GPIO_WritePin)
    HAL_GetTick                              0x08000b4d   Thumb Code     6  stm32f4xx_hal.o(i.HAL_GetTick)
    HAL_I2C_Init                             0x08000b59   Thumb Code   254  stm32f4xx_hal_i2c.o(i.HAL_I2C_Init)
    HAL_I2C_Master_Transmit                  0x08000c61   Thumb Code   306  stm32f4xx_hal_i2c.o(i.HAL_I2C_Master_Transmit)
    HAL_I2C_Mem_Read                         0x08000d9d   Thumb Code   456  stm32f4xx_hal_i2c.o(i.HAL_I2C_Mem_Read)
    HAL_I2C_MspInit                          0x08000f71   Thumb Code    64  stm32f4xx_hal_msp.o(i.HAL_I2C_MspInit)
    HAL_IncTick                              0x08000fbd   Thumb Code    10  stm32f4xx_hal.o(i.HAL_IncTick)
    HAL_Init                                 0x08000fcd   Thumb Code    48  stm32f4xx_hal.o(i.HAL_Init)
    HAL_InitTick                             0x08001001   Thumb Code    34  stm32f4xx_hal.o(i.HAL_InitTick)
    HAL_MspInit                              0x08001023   Thumb Code    68  stm32f4xx_hal_msp.o(i.HAL_MspInit)
    HAL_NVIC_SetPriority                     0x08001069   Thumb Code    60  stm32f4xx_hal_cortex.o(i.HAL_NVIC_SetPriority)
    HAL_NVIC_SetPriorityGrouping             0x080010a9   Thumb Code    26  stm32f4xx_hal_cortex.o(i.HAL_NVIC_SetPriorityGrouping)
    HAL_RCC_CSSCallback                      0x080010cd   Thumb Code     2  stm32f4xx_hal_rcc.o(i.HAL_RCC_CSSCallback)
    HAL_RCC_ClockConfig                      0x080010d1   Thumb Code   312  stm32f4xx_hal_rcc.o(i.HAL_RCC_ClockConfig)
    HAL_RCC_EnableCSS                        0x08001211   Thumb Code     8  stm32f4xx_hal_rcc.o(i.HAL_RCC_EnableCSS)
    HAL_RCC_GetHCLKFreq                      0x0800121d   Thumb Code    38  stm32f4xx_hal_rcc.o(i.HAL_RCC_GetHCLKFreq)
    HAL_RCC_GetPCLK1Freq                     0x08001251   Thumb Code    36  stm32f4xx_hal_rcc.o(i.HAL_RCC_GetPCLK1Freq)
    HAL_RCC_GetPCLK2Freq                     0x0800127d   Thumb Code    36  stm32f4xx_hal_rcc.o(i.HAL_RCC_GetPCLK2Freq)
    HAL_RCC_GetSysClockFreq                  0x080012a9   Thumb Code   104  stm32f4xx_hal_rcc.o(i.HAL_RCC_GetSysClockFreq)
    HAL_RCC_MCOConfig                        0x0800131d   Thumb Code   126  stm32f4xx_hal_rcc.o(i.HAL_RCC_MCOConfig)
    HAL_RCC_NMI_IRQHandler                   0x080013a9   Thumb Code    24  stm32f4xx_hal_rcc.o(i.HAL_RCC_NMI_IRQHandler)
    HAL_RCC_OscConfig                        0x080013c5   Thumb Code   722  stm32f4xx_hal_rcc.o(i.HAL_RCC_OscConfig)
    HAL_SPI_Init                             0x080016a9   Thumb Code   140  stm32f4xx_hal_spi.o(i.HAL_SPI_Init)
    HAL_SPI_MspInit                          0x08001735   Thumb Code    62  stm32f4xx_hal_msp.o(i.HAL_SPI_MspInit)
    HAL_SPI_Receive                          0x08001781   Thumb Code   504  stm32f4xx_hal_spi.o(i.HAL_SPI_Receive)
    HAL_SPI_TransmitReceive                  0x08001979   Thumb Code   514  stm32f4xx_hal_spi.o(i.HAL_SPI_TransmitReceive)
    HAL_SYSTICK_CLKSourceConfig              0x08001b7b   Thumb Code    24  stm32f4xx_hal_cortex.o(i.HAL_SYSTICK_CLKSourceConfig)
    HAL_SYSTICK_Callback                     0x08001b93   Thumb Code     2  stm32f4xx_hal_cortex.o(i.HAL_SYSTICK_Callback)
    HAL_SYSTICK_Config                       0x08001b95   Thumb Code    40  stm32f4xx_hal_cortex.o(i.HAL_SYSTICK_Config)
    HAL_SYSTICK_IRQHandler                   0x08001bbd   Thumb Code     8  stm32f4xx_hal_cortex.o(i.HAL_SYSTICK_IRQHandler)
    HAL_UART_Init                            0x08001bc5   Thumb Code    98  stm32f4xx_hal_uart.o(i.HAL_UART_Init)
    HAL_UART_MspInit                         0x08001c29   Thumb Code    62  stm32f4xx_hal_msp.o(i.HAL_UART_MspInit)
    HAL_UART_Transmit                        0x08001c75   Thumb Code   170  stm32f4xx_hal_uart.o(i.HAL_UART_Transmit)
    HardFault_Handler                        0x08001d1f   Thumb Code     2  stm32f4xx_it.o(i.HardFault_Handler)
    LCD_Clear                                0x0800208f   Thumb Code    36  tl1771_driver.o(i.LCD_Clear)
    LCD_Init                                 0x080020b5   Thumb Code   586  tl1771_driver.o(i.LCD_Init)
    LCD_SetDispAddr                          0x08002305   Thumb Code    28  tl1771_driver.o(i.LCD_SetDispAddr)
    LCD_SetWindos                            0x08002321   Thumb Code    46  tl1771_driver.o(i.LCD_SetWindos)
    LCD_Write_Cmd                            0x0800234f   Thumb Code    18  tl1771_driver.o(i.LCD_Write_Cmd)
    LCD_Write_Data                           0x08002361   Thumb Code   190  tl1771_driver.o(i.LCD_Write_Data)
    LCD_Write_Reg                            0x0800242d   Thumb Code   190  tl1771_driver.o(i.LCD_Write_Reg)
    LEP_GetAgcEnableState                    0x080024f9   Thumb Code    18  lepton_agc.o(i.LEP_GetAgcEnableState)
    LEP_GetAttribute                         0x0800250b   Thumb Code    48  lepton_sdk.o(i.LEP_GetAttribute)
    LEP_GetSDKVersion                        0x0800253b   Thumb Code    22  lepton_sdk.o(i.LEP_GetSDKVersion)
    LEP_GetSysAuxTemperatureCelcius          0x08002551   Thumb Code    74  lepton_sys.o(i.LEP_GetSysAuxTemperatureCelcius)
    LEP_GetSysAuxTemperatureKelvin           0x080025a5   Thumb Code    20  lepton_sys.o(i.LEP_GetSysAuxTemperatureKelvin)
    LEP_GetSysCameraUpTime                   0x080025b9   Thumb Code    20  lepton_sys.o(i.LEP_GetSysCameraUpTime)
    LEP_GetSysCustSerialNumber               0x080025cd   Thumb Code    20  lepton_sys.o(i.LEP_GetSysCustSerialNumber)
    LEP_GetSysFlirSerialNumber               0x080025e1   Thumb Code    20  lepton_sys.o(i.LEP_GetSysFlirSerialNumber)
    LEP_GetSysFpaTemperatureCelcius          0x080025f5   Thumb Code    74  lepton_sys.o(i.LEP_GetSysFpaTemperatureCelcius)
    LEP_GetSysFpaTemperatureKelvin           0x08002649   Thumb Code    20  lepton_sys.o(i.LEP_GetSysFpaTemperatureKelvin)
    LEP_I2C_GetAttribute                     0x0800265d   Thumb Code   234  lepton_i2c_protocol.o(i.LEP_I2C_GetAttribute)
    LEP_I2C_MasterOpen                       0x08002747   Thumb Code     4  lepton_i2c_service.o(i.LEP_I2C_MasterOpen)
    LEP_I2C_MasterReadData                   0x0800274b   Thumb Code    22  lepton_i2c_service.o(i.LEP_I2C_MasterReadData)
    LEP_I2C_MasterWriteData                  0x08002761   Thumb Code    22  lepton_i2c_service.o(i.LEP_I2C_MasterWriteData)
    LEP_I2C_OpenPort                         0x08002777   Thumb Code    66  lepton_i2c_protocol.o(i.LEP_I2C_OpenPort)
    LEP_I2C_SetAttribute                     0x080027b9   Thumb Code   210  lepton_i2c_protocol.o(i.LEP_I2C_SetAttribute)
    LEP_OpenPort                             0x0800288b   Thumb Code    70  lepton_sdk.o(i.LEP_OpenPort)
    LEP_SetAgcCalcEnableState                0x080028d1   Thumb Code    28  lepton_agc.o(i.LEP_SetAgcCalcEnableState)
    LEP_SetAgcEnableState                    0x080028ed   Thumb Code    28  lepton_agc.o(i.LEP_SetAgcEnableState)
    LEP_SetAgcPolicy                         0x08002909   Thumb Code    28  lepton_agc.o(i.LEP_SetAgcPolicy)
    LEP_SetAttribute                         0x08002925   Thumb Code    44  lepton_sdk.o(i.LEP_SetAttribute)
    Lepton_Init                              0x08002951   Thumb Code    60  lepton_driver.o(i.Lepton_Init)
    MemManage_Handler                        0x08002aa9   Thumb Code     2  stm32f4xx_it.o(i.MemManage_Handler)
    NMI_Handler                              0x08002aab   Thumb Code     4  stm32f4xx_it.o(i.NMI_Handler)
    RGB565                                   0x08002acf   Thumb Code    16  lepton_driver.o(i.RGB565)
    SysTick_Handler                          0x08002baf   Thumb Code    14  stm32f4xx_it.o(i.SysTick_Handler)
    SystemClock_Config                       0x08002bbd   Thumb Code   152  main.o(i.SystemClock_Config)
    SystemInit                               0x08002c5d   Thumb Code    66  system_stm32f4xx.o(i.SystemInit)
    TermoClr                                 0x08002cb1   Thumb Code   154  lepton_driver.o(i.TermoClr)
    UsageFault_Handler                       0x0800309f   Thumb Code     2  stm32f4xx_it.o(i.UsageFault_Handler)
    __0printf$8                              0x080030a1   Thumb Code    22  printf8.o(i.__0printf$8)
    __1printf$8                              0x080030a1   Thumb Code     0  printf8.o(i.__0printf$8)
    __2printf                                0x080030a1   Thumb Code     0  printf8.o(i.__0printf$8)
    __scatterload_copy                       0x080030c1   Thumb Code    14  handlers.o(i.__scatterload_copy)
    __scatterload_null                       0x080030cf   Thumb Code     2  handlers.o(i.__scatterload_null)
    __scatterload_zeroinit                   0x080030d1   Thumb Code    14  handlers.o(i.__scatterload_zeroinit)
    enable_lepton_agc                        0x08003545   Thumb Code   100  lepton_i2c.o(i.enable_lepton_agc)
    fputc                                    0x08003631   Thumb Code    22  main.o(i.fputc)
    free                                     0x0800364d   Thumb Code    76  malloc.o(i.free)
    init_lepton_command_interface            0x0800369d   Thumb Code   172  lepton_i2c.o(i.init_lepton_command_interface)
    main                                     0x080038a1   Thumb Code   306  main.o(i.main)
    malloc                                   0x08003a31   Thumb Code    92  malloc.o(i.malloc)
    nnop                                     0x08003a9d   Thumb Code    12  tl1771_driver.o(i.nnop)
    APBAHBPrescTable                         0x08003c34   Data          16  stm32f4xx_hal_rcc.o(.constdata)
    ccitt_16Table                            0x08003c44   Data         512  crc16fast.o(.constdata)
    Region$$Table$$Base                      0x08003e44   Number         0  anon$$obj.o(Region$$Table)
    Region$$Table$$Limit                     0x08003e64   Number         0  anon$$obj.o(Region$$Table)
    uwTick                                   0x20000000   Data           4  stm32f4xx_hal.o(.data)
    hport_desc                               0x20000004   Data           8  main.o(.data)
    SystemCoreClock                          0x2000000c   Data           4  system_stm32f4xx.o(.data)
    __stdout                                 0x20000010   Data           4  stdout.o(.data)
    __microlib_freelist                      0x20000014   Data           4  mvars.o(.data)
    __microlib_freelist_initialised          0x20000018   Data           4  mvars.o(.data)
    hi2c2                                    0x2000001c   Data          68  main.o(.bss)
    hspi1                                    0x20000060   Data          88  main.o(.bss)
    huart1                                   0x200000b8   Data          64  main.o(.bss)
    rawIMG                                   0x200000f8   Data       12800  main.o(.bss)
    __heap_base                              0x200032f8   Data           0  startup_stm32f415xx.o(HEAP)
    __heap_limit                             0x200034f8   Data           0  startup_stm32f415xx.o(HEAP)
    __initial_sp                             0x200038f8   Data           0  startup_stm32f415xx.o(STACK)



==============================================================================

Memory Map of the image

  Image Entry point : 0x08000189

  Load Region LR_IROM1 (Base: 0x08000000, Size: 0x00003e80, Max: 0x00100000, ABSOLUTE)

    Execution Region ER_IROM1 (Base: 0x08000000, Size: 0x00003e64, Max: 0x00100000, ABSOLUTE)

    Base Addr    Size         Type   Attr      Idx    E Section Name        Object

    0x08000000   0x00000188   Data   RO            3    RESET               startup_stm32f415xx.o
    0x08000188   0x00000000   Code   RO         3676  * .ARM.Collect$$$$00000000  mc_w.l(entry.o)
    0x08000188   0x00000004   Code   RO         4024    .ARM.Collect$$$$00000001  mc_w.l(entry2.o)
    0x0800018c   0x00000004   Code   RO         4027    .ARM.Collect$$$$00000004  mc_w.l(entry5.o)
    0x08000190   0x00000000   Code   RO         4029    .ARM.Collect$$$$00000008  mc_w.l(entry7b.o)
    0x08000190   0x00000000   Code   RO         4031    .ARM.Collect$$$$0000000A  mc_w.l(entry8b.o)
    0x08000190   0x00000008   Code   RO         4032    .ARM.Collect$$$$0000000B  mc_w.l(entry9a.o)
    0x08000198   0x00000000   Code   RO         4034    .ARM.Collect$$$$0000000D  mc_w.l(entry10a.o)
    0x08000198   0x00000000   Code   RO         4036    .ARM.Collect$$$$0000000F  mc_w.l(entry11a.o)
    0x08000198   0x00000004   Code   RO         4025    .ARM.Collect$$$$00002712  mc_w.l(entry2.o)
    0x0800019c   0x00000024   Code   RO            4    .text               startup_stm32f415xx.o
    0x080001c0   0x0000014e   Code   RO         3970    .text               mf_w.l(dadd.o)
    0x0800030e   0x000000e4   Code   RO         3972    .text               mf_w.l(dmul.o)
    0x080003f2   0x000000de   Code   RO         3974    .text               mf_w.l(ddiv.o)
    0x080004d0   0x00000022   Code   RO         3976    .text               mf_w.l(dflti.o)
    0x080004f2   0x00000032   Code   RO         3980    .text               mf_w.l(dfixui.o)
    0x08000524   0x00000026   Code   RO         3982    .text               mf_w.l(f2d.o)
    0x0800054a   0x00000038   Code   RO         3988    .text               mf_w.l(d2f.o)
    0x08000582   0x00000062   Code   RO         4041    .text               mc_w.l(uldiv.o)
    0x080005e4   0x0000001e   Code   RO         4043    .text               mc_w.l(llshl.o)
    0x08000602   0x00000020   Code   RO         4045    .text               mc_w.l(llushr.o)
    0x08000622   0x00000024   Code   RO         4047    .text               mc_w.l(llsshr.o)
    0x08000646   0x00000000   Code   RO         4062    .text               mc_w.l(iusefp.o)
    0x08000646   0x0000006e   Code   RO         4063    .text               mf_w.l(fepilogue.o)
    0x080006b4   0x000000ba   Code   RO         4065    .text               mf_w.l(depilogue.o)
    0x0800076e   0x00000002   PAD
    0x08000770   0x00000024   Code   RO         4081    .text               mc_w.l(init.o)
    0x08000794   0x00000002   Code   RO         2063    i.BusFault_Handler  stm32f4xx_it.o
    0x08000796   0x00000002   PAD
    0x08000798   0x00000018   Code   RO         2673    i.ByteCRC16         crc16fast.o
    0x080007b0   0x00000024   Code   RO         2675    i.CalcCRC16Words    crc16fast.o
    0x080007d4   0x00000004   Code   RO         3429    i.DEV_I2C_MasterInit  stm32_i2c.o
    0x080007d8   0x0000008c   Code   RO         3430    i.DEV_I2C_MasterReadData  stm32_i2c.o
    0x08000864   0x0000007c   Code   RO         3434    i.DEV_I2C_MasterWriteData  stm32_i2c.o
    0x080008e0   0x00000002   Code   RO         2064    i.DebugMon_Handler  stm32f4xx_it.o
    0x080008e2   0x00000002   PAD
    0x080008e4   0x00000084   Code   RO         2515    i.Frametransfer     lepton_driver.o
    0x08000968   0x00000016   Code   RO          911    i.HAL_Delay         stm32f4xx_hal.o
    0x0800097e   0x00000002   PAD
    0x08000980   0x000001c0   Code   RO         1624    i.HAL_GPIO_Init     stm32f4xx_hal_gpio.o
    0x08000b40   0x0000000a   Code   RO         1628    i.HAL_GPIO_WritePin  stm32f4xx_hal_gpio.o
    0x08000b4a   0x00000002   PAD
    0x08000b4c   0x0000000c   Code   RO          917    i.HAL_GetTick       stm32f4xx_hal.o
    0x08000b58   0x00000108   Code   RO         1061    i.HAL_I2C_Init      stm32f4xx_hal_i2c.o
    0x08000c60   0x0000013c   Code   RO         1072    i.HAL_I2C_Master_Transmit  stm32f4xx_hal_i2c.o
    0x08000d9c   0x000001d4   Code   RO         1077    i.HAL_I2C_Mem_Read  stm32f4xx_hal_i2c.o
    0x08000f70   0x0000004c   Code   RO         2127    i.HAL_I2C_MspInit   stm32f4xx_hal_msp.o
    0x08000fbc   0x00000010   Code   RO          918    i.HAL_IncTick       stm32f4xx_hal.o
    0x08000fcc   0x00000034   Code   RO          919    i.HAL_Init          stm32f4xx_hal.o
    0x08001000   0x00000022   Code   RO          920    i.HAL_InitTick      stm32f4xx_hal.o
    0x08001022   0x00000044   Code   RO         2128    i.HAL_MspInit       stm32f4xx_hal_msp.o
    0x08001066   0x00000002   PAD
    0x08001068   0x00000040   Code   RO          376    i.HAL_NVIC_SetPriority  stm32f4xx_hal_cortex.o
    0x080010a8   0x00000024   Code   RO          377    i.HAL_NVIC_SetPriorityGrouping  stm32f4xx_hal_cortex.o
    0x080010cc   0x00000002   Code   RO          781    i.HAL_RCC_CSSCallback  stm32f4xx_hal_rcc.o
    0x080010ce   0x00000002   PAD
    0x080010d0   0x00000140   Code   RO          782    i.HAL_RCC_ClockConfig  stm32f4xx_hal_rcc.o
    0x08001210   0x0000000c   Code   RO          785    i.HAL_RCC_EnableCSS  stm32f4xx_hal_rcc.o
    0x0800121c   0x00000034   Code   RO          787    i.HAL_RCC_GetHCLKFreq  stm32f4xx_hal_rcc.o
    0x08001250   0x0000002c   Code   RO          789    i.HAL_RCC_GetPCLK1Freq  stm32f4xx_hal_rcc.o
    0x0800127c   0x0000002c   Code   RO          790    i.HAL_RCC_GetPCLK2Freq  stm32f4xx_hal_rcc.o
    0x080012a8   0x00000074   Code   RO          791    i.HAL_RCC_GetSysClockFreq  stm32f4xx_hal_rcc.o
    0x0800131c   0x0000008c   Code   RO          792    i.HAL_RCC_MCOConfig  stm32f4xx_hal_rcc.o
    0x080013a8   0x0000001c   Code   RO          793    i.HAL_RCC_NMI_IRQHandler  stm32f4xx_hal_rcc.o
    0x080013c4   0x000002e4   Code   RO          794    i.HAL_RCC_OscConfig  stm32f4xx_hal_rcc.o
    0x080016a8   0x0000008c   Code   RO         1772    i.HAL_SPI_Init      stm32f4xx_hal_spi.o
    0x08001734   0x0000004c   Code   RO         2130    i.HAL_SPI_MspInit   stm32f4xx_hal_msp.o
    0x08001780   0x000001f8   Code   RO         1775    i.HAL_SPI_Receive   stm32f4xx_hal_spi.o
    0x08001978   0x00000202   Code   RO         1781    i.HAL_SPI_TransmitReceive  stm32f4xx_hal_spi.o
    0x08001b7a   0x00000018   Code   RO          379    i.HAL_SYSTICK_CLKSourceConfig  stm32f4xx_hal_cortex.o
    0x08001b92   0x00000002   Code   RO          380    i.HAL_SYSTICK_Callback  stm32f4xx_hal_cortex.o
    0x08001b94   0x00000028   Code   RO          381    i.HAL_SYSTICK_Config  stm32f4xx_hal_cortex.o
    0x08001bbc   0x00000008   Code   RO          382    i.HAL_SYSTICK_IRQHandler  stm32f4xx_hal_cortex.o
    0x08001bc4   0x00000062   Code   RO          560    i.HAL_UART_Init     stm32f4xx_hal_uart.o
    0x08001c26   0x00000002   PAD
    0x08001c28   0x0000004c   Code   RO         2132    i.HAL_UART_MspInit  stm32f4xx_hal_msp.o
    0x08001c74   0x000000aa   Code   RO          568    i.HAL_UART_Transmit  stm32f4xx_hal_uart.o
    0x08001d1e   0x00000002   Code   RO         2065    i.HardFault_Handler  stm32f4xx_it.o
    0x08001d20   0x00000028   Code   RO         1102    i.I2C_IsAcknowledgeFailed  stm32f4xx_hal_i2c.o
    0x08001d48   0x00000090   Code   RO         1106    i.I2C_MasterRequestWrite  stm32f4xx_hal_i2c.o
    0x08001dd8   0x000000e2   Code   RO         1108    i.I2C_RequestMemoryRead  stm32f4xx_hal_i2c.o
    0x08001eba   0x0000008e   Code   RO         1112    i.I2C_WaitOnFlagUntilTimeout  stm32f4xx_hal_i2c.o
    0x08001f48   0x0000008c   Code   RO         1113    i.I2C_WaitOnMasterAddressFlagUntilTimeout  stm32f4xx_hal_i2c.o
    0x08001fd4   0x00000068   Code   RO         1114    i.I2C_WaitOnRXNEFlagUntilTimeout  stm32f4xx_hal_i2c.o
    0x0800203c   0x00000052   Code   RO         1116    i.I2C_WaitOnTXEFlagUntilTimeout  stm32f4xx_hal_i2c.o
    0x0800208e   0x00000024   Code   RO         3553    i.LCD_Clear         tl1771_driver.o
    0x080020b2   0x00000002   PAD
    0x080020b4   0x00000250   Code   RO         3554    i.LCD_Init          tl1771_driver.o
    0x08002304   0x0000001c   Code   RO         3555    i.LCD_SetDispAddr   tl1771_driver.o
    0x08002320   0x0000002e   Code   RO         3556    i.LCD_SetWindos     tl1771_driver.o
    0x0800234e   0x00000012   Code   RO         3560    i.LCD_Write_Cmd     tl1771_driver.o
    0x08002360   0x000000cc   Code   RO         3561    i.LCD_Write_Data    tl1771_driver.o
    0x0800242c   0x000000cc   Code   RO         3562    i.LCD_Write_Reg     tl1771_driver.o
    0x080024f8   0x00000012   Code   RO         2704    i.LEP_GetAgcEnableState  lepton_agc.o
    0x0800250a   0x00000030   Code   RO         3067    i.LEP_GetAttribute  lepton_sdk.o
    0x0800253a   0x00000016   Code   RO         3071    i.LEP_GetSDKVersion  lepton_sdk.o
    0x08002550   0x00000054   Code   RO         3153    i.LEP_GetSysAuxTemperatureCelcius  lepton_sys.o
    0x080025a4   0x00000014   Code   RO         3154    i.LEP_GetSysAuxTemperatureKelvin  lepton_sys.o
    0x080025b8   0x00000014   Code   RO         3155    i.LEP_GetSysCameraUpTime  lepton_sys.o
    0x080025cc   0x00000014   Code   RO         3156    i.LEP_GetSysCustSerialNumber  lepton_sys.o
    0x080025e0   0x00000014   Code   RO         3159    i.LEP_GetSysFlirSerialNumber  lepton_sys.o
    0x080025f4   0x00000054   Code   RO         3160    i.LEP_GetSysFpaTemperatureCelcius  lepton_sys.o
    0x08002648   0x00000014   Code   RO         3161    i.LEP_GetSysFpaTemperatureKelvin  lepton_sys.o
    0x0800265c   0x000000ea   Code   RO         2935    i.LEP_I2C_GetAttribute  lepton_i2c_protocol.o
    0x08002746   0x00000004   Code   RO         3007    i.LEP_I2C_MasterOpen  lepton_i2c_service.o
    0x0800274a   0x00000016   Code   RO         3008    i.LEP_I2C_MasterReadData  lepton_i2c_service.o
    0x08002760   0x00000016   Code   RO         3012    i.LEP_I2C_MasterWriteData  lepton_i2c_service.o
    0x08002776   0x00000042   Code   RO         2938    i.LEP_I2C_OpenPort  lepton_i2c_protocol.o
    0x080027b8   0x000000d2   Code   RO         2941    i.LEP_I2C_SetAttribute  lepton_i2c_protocol.o
    0x0800288a   0x00000046   Code   RO         3072    i.LEP_OpenPort      lepton_sdk.o
    0x080028d0   0x0000001c   Code   RO         2722    i.LEP_SetAgcCalcEnableState  lepton_agc.o
    0x080028ec   0x0000001c   Code   RO         2723    i.LEP_SetAgcEnableState  lepton_agc.o
    0x08002908   0x0000001c   Code   RO         2738    i.LEP_SetAgcPolicy  lepton_agc.o
    0x08002924   0x0000002c   Code   RO         3075    i.LEP_SetAttribute  lepton_sdk.o
    0x08002950   0x00000040   Code   RO         2516    i.Lepton_Init       lepton_driver.o
    0x08002990   0x000000dc   Code   RO         2186    i.MX_GPIO_Init      main.o
    0x08002a6c   0x0000003c   Code   RO         2187    i.MX_SPI1_Init      main.o
    0x08002aa8   0x00000002   Code   RO         2066    i.MemManage_Handler  stm32f4xx_it.o
    0x08002aaa   0x00000004   Code   RO         2067    i.NMI_Handler       stm32f4xx_it.o
    0x08002aae   0x00000020   Code   RO          383    i.NVIC_SetPriority  stm32f4xx_hal_cortex.o
    0x08002ace   0x00000010   Code   RO         2517    i.RGB565            lepton_driver.o
    0x08002ade   0x00000020   Code   RO         1796    i.SPI_CheckFlag_BSY  stm32f4xx_hal_spi.o
    0x08002afe   0x00000024   Code   RO         1797    i.SPI_CheckForDisablingSPI  stm32f4xx_hal_spi.o
    0x08002b22   0x0000008c   Code   RO         1814    i.SPI_WaitFlagStateUntilTimeout  stm32f4xx_hal_spi.o
    0x08002bae   0x0000000e   Code   RO         2068    i.SysTick_Handler   stm32f4xx_it.o
    0x08002bbc   0x000000a0   Code   RO         2188    i.SystemClock_Config  main.o
    0x08002c5c   0x00000054   Code   RO         2314    i.SystemInit        system_stm32f4xx.o
    0x08002cb0   0x000000ac   Code   RO         2518    i.TermoClr          lepton_driver.o
    0x08002d5c   0x000002ac   Code   RO          579    i.UART_SetConfig    stm32f4xx_hal_uart.o
    0x08003008   0x00000096   Code   RO          581    i.UART_WaitOnFlagUntilTimeout  stm32f4xx_hal_uart.o
    0x0800309e   0x00000002   Code   RO         2069    i.UsageFault_Handler  stm32f4xx_it.o
    0x080030a0   0x00000020   Code   RO         3886    i.__0printf$8       mc_w.l(printf8.o)
    0x080030c0   0x0000000e   Code   RO         4087    i.__scatterload_copy  mc_w.l(handlers.o)
    0x080030ce   0x00000002   Code   RO         4088    i.__scatterload_null  mc_w.l(handlers.o)
    0x080030d0   0x0000000e   Code   RO         4089    i.__scatterload_zeroinit  mc_w.l(handlers.o)
    0x080030de   0x00000002   PAD
    0x080030e0   0x00000410   Code   RO         3893    i._printf_core      mc_w.l(printf8.o)
    0x080034f0   0x00000024   Code   RO         3894    i._printf_post_padding  mc_w.l(printf8.o)
    0x08003514   0x0000002e   Code   RO         3895    i._printf_pre_padding  mc_w.l(printf8.o)
    0x08003542   0x00000002   PAD
    0x08003544   0x000000ec   Code   RO         2557    i.enable_lepton_agc  lepton_i2c.o
    0x08003630   0x0000001c   Code   RO         2189    i.fputc             main.o
    0x0800364c   0x00000050   Code   RO         3940    i.free              mc_w.l(malloc.o)
    0x0800369c   0x00000204   Code   RO         2560    i.init_lepton_command_interface  lepton_i2c.o
    0x080038a0   0x00000190   Code   RO         2190    i.main              main.o
    0x08003a30   0x0000006c   Code   RO         3941    i.malloc            mc_w.l(malloc.o)
    0x08003a9c   0x0000000c   Code   RO         3564    i.nnop              tl1771_driver.o
    0x08003aa8   0x00000074   Code   RO         2568    i.print_aux_temp_celcius  lepton_i2c.o
    0x08003b1c   0x000000a0   Code   RO         2569    i.print_cust_serial_number  lepton_i2c.o
    0x08003bbc   0x00000078   Code   RO         2570    i.print_fpa_temp_celcius  lepton_i2c.o
    0x08003c34   0x00000010   Data   RO          795    .constdata          stm32f4xx_hal_rcc.o
    0x08003c44   0x00000200   Data   RO         2676    .constdata          crc16fast.o
    0x08003e44   0x00000020   Data   RO         4085    Region$$Table       anon$$obj.o


    Execution Region RW_IRAM1 (Base: 0x20000000, Size: 0x000038f8, Max: 0x00020000, ABSOLUTE)

    Base Addr    Size         Type   Attr      Idx    E Section Name        Object

    0x20000000   0x00000004   Data   RW          925    .data               stm32f4xx_hal.o
    0x20000004   0x00000008   Data   RW         2207    .data               main.o
    0x2000000c   0x00000004   Data   RW         2316    .data               system_stm32f4xx.o
    0x20000010   0x00000004   Data   RW         4038    .data               mc_w.l(stdout.o)
    0x20000014   0x00000004   Data   RW         4053    .data               mc_w.l(mvars.o)
    0x20000018   0x00000004   Data   RW         4054    .data               mc_w.l(mvars.o)
    0x2000001c   0x000032dc   Zero   RW         2191    .bss                main.o
    0x200032f8   0x00000200   Zero   RW            2    HEAP                startup_stm32f415xx.o
    0x200034f8   0x00000400   Zero   RW            1    STACK               startup_stm32f415xx.o


==============================================================================

Image component sizes


      Code (inc. data)   RO Data    RW Data    ZI Data      Debug   Object Name

        60          4        512          0          0       2101   crc16fast.o
       102          0          0          0          0       2803   lepton_agc.o
       384         44          0          0          0       3431   lepton_driver.o
      1148        662          0          0          0       4793   lepton_i2c.o
       510          0          0          0          0       3417   lepton_i2c_protocol.o
        48          0          0          0          0       2256   lepton_i2c_service.o
       184          0          0          0          0       4049   lepton_sdk.o
       268         20          0          0          0       5661   lepton_sys.o
       868        134          0          8      13020      18443   main.o
        36          8        392          0       1536        828   startup_stm32f415xx.o
       268         10          0          0          0       3404   stm32_i2c.o
       136         16          0          4          0       4127   stm32f4xx_hal.o
       206         14          0          0          0      31392   stm32f4xx_hal_cortex.o
       458         50          0          0          0       2504   stm32f4xx_hal_gpio.o
      1926         38          0          0          0      11444   stm32f4xx_hal_i2c.o
       296         40          0          0          0       2781   stm32f4xx_hal_msp.o
      1498         90         16          0          0       8362   stm32f4xx_hal_rcc.o
         0          0          0          0          0     344684   stm32f4xx_hal_rcc_ex.o
      1366          0          0          0          0       6175   stm32f4xx_hal_spi.o
      1102          8          0          0          0       4064   stm32f4xx_hal_uart.o
        28          0          0          0          0       3167   stm32f4xx_it.o
        84         18          0          4          0       1305   system_stm32f4xx.o
      1140         34          0          0          0       5603   tl1771_driver.o

    ----------------------------------------------------------------------
     12132       1190        952         16      14556     476794   Object Totals
         0          0         32          0          0          0   (incl. Generated)
        16          0          0          0          0          0   (incl. Padding)

    ----------------------------------------------------------------------

      Code (inc. data)   RO Data    RW Data    ZI Data      Debug   Library Member Name

         0          0          0          0          0          0   entry.o
         0          0          0          0          0          0   entry10a.o
         0          0          0          0          0          0   entry11a.o
         8          4          0          0          0          0   entry2.o
         4          0          0          0          0          0   entry5.o
         0          0          0          0          0          0   entry7b.o
         0          0          0          0          0          0   entry8b.o
         8          4          0          0          0          0   entry9a.o
        30          0          0          0          0          0   handlers.o
        36          8          0          0          0         68   init.o
         0          0          0          0          0          0   iusefp.o
        30          0          0          0          0         68   llshl.o
        36          0          0          0          0         68   llsshr.o
        32          0          0          0          0         68   llushr.o
       188         20          0          0          0        160   malloc.o
         0          0          0          8          0          0   mvars.o
      1154         54          0          0          0        352   printf8.o
         0          0          0          4          0          0   stdout.o
        98          0          0          0          0         92   uldiv.o
        56          0          0          0          0         88   d2f.o
       334          0          0          0          0        148   dadd.o
       222          0          0          0          0        100   ddiv.o
       186          0          0          0          0        176   depilogue.o
        50          0          0          0          0         76   dfixui.o
        34          0          0          0          0         76   dflti.o
       228          0          0          0          0         96   dmul.o
        38          0          0          0          0         68   f2d.o
       110          0          0          0          0        168   fepilogue.o

    ----------------------------------------------------------------------
      2888         90          0         12          0       1872   Library Totals
         6          0          0          0          0          0   (incl. Padding)

    ----------------------------------------------------------------------

      Code (inc. data)   RO Data    RW Data    ZI Data      Debug   Library Name

      1624         90          0         12          0        876   mc_w.l
      1258          0          0          0          0        996   mf_w.l

    ----------------------------------------------------------------------
      2888         90          0         12          0       1872   Library Totals

    ----------------------------------------------------------------------

==============================================================================


      Code (inc. data)   RO Data    RW Data    ZI Data      Debug   

     15020       1280        952         28      14556     468186   Grand Totals
     15020       1280        952         28      14556     468186   ELF Image Totals
     15020       1280        952         28          0          0   ROM Totals

==============================================================================

    Total RO  Size (Code + RO Data)                15972 (  15.60kB)
    Total RW  Size (RW Data + ZI Data)             14584 (  14.24kB)
    Total ROM Size (Code + RO Data + RW Data)      16000 (  15.63kB)

==============================================================================

