<html>
<body>
<pre>
<h1>µVision Build Log</h1>
<h2>Tool Versions:</h2>
IDE-Version: ¦ÌVision V5.18a
Copyright (C) 2016 ARM Ltd and ARM Germany GmbH. All rights reserved.
License Information: Shawn Microsoft, Microsoft, LIC=WHY74-FKHE7-EH88P-M81KC-5RI7S-FIXYV
 
Tool Versions:
Toolchain:       MDK-ARM Standard  Version: 5.18a
Toolchain Path:  E:\Keil_v5\ARM\ARMCC\Bin
C Compiler:      Armcc.exe V5.06 update 1 (build 61)
Assembler:       Armasm.exe V5.06 update 1 (build 61)
Linker/Locator:  ArmLink.exe V5.06 update 1 (build 61)
Library Manager: ArmAr.exe V5.06 update 1 (build 61)
Hex Converter:   FromElf.exe V5.06 update 1 (build 61)
CPU DLL:         SARMCM3.DLL V5.18a
Dialog DLL:      DCM.DLL V1.13.6.0
Target DLL:      STLink\ST-LINKIII-KEIL_SWO.dll V2.0.18.0
Dialog DLL:      TCM.DLL V1.14.8.0
 
<h2>Project:</h2>
G:\KWT\lepton-new\LEPTON_STM32F4\MDK-ARM\lepton-new.uvprojx
Project File Date:  05/30/2016

<h2>Output:</h2>
*** Using Compiler 'V5.06 update 1 (build 61)', folder: 'E:\Keil_v5\ARM\ARMCC\Bin'
Build target 'lepton-new'
compiling main.c...
..\lepton\Inc\lepton_i2c.h(48): warning:  #1295-D: Deprecated declaration agc_enable - give arg types
  HAL_StatusTypeDef agc_enable();
..\lepton\Inc\lepton_i2c.h(51): warning:  #1295-D: Deprecated declaration read_data - give arg types
  HAL_StatusTypeDef read_data();
..\lepton\Inc\lepton_i2c.h(55): warning:  #1295-D: Deprecated declaration enable_lepton_agc - give arg types
  HAL_StatusTypeDef enable_lepton_agc();
../Src/main.c(177): warning:  #550-D: variable "data" was set but never used
  	uint8_t data[2];
../Src/main.c: 4 warnings, 0 errors
linking...
Program Size: Code=21504 RO-data=10984 RW-data=52 ZI-data=87828  
FromELF: creating hex file...
".\lepton-new\lepton-new.axf" - 0 Error(s), 4 Warning(s).

<h2>Software Packages used:</h2>

Package Vendor: ARM
                http://www.keil.com/pack/ARM.CMSIS.4.5.0.pack
                ARM::CMSIS:CORE:4.3.0
                CMSIS (Cortex Microcontroller Software Interface Standard)
   * Component: CORE Version: 4.3.0

<h2>Collection of Component include folders:</h2>
  G:\KWT\lepton-new\LEPTON_STM32F4\MDK-ARM\RTE
  E:\Keil_v5\ARM\PACK\ARM\CMSIS\4.5.0\CMSIS\Include
  E:\Keil_v5\ARM\PACK\Keil\STM32F4xx_DFP\2.8.0\Drivers\CMSIS\Device\ST\STM32F4xx\Include

<h2>Collection of Component Files used:</h2>

   * Component: ARM::CMSIS:CORE:4.3.0
Build Time Elapsed:  00:00:06
</pre>
</body>
</html>
